<html>
<body>
<pre>
<h1>µVision Build Log</h1>
<h2>Tool Versions:</h2>
IDE-Version: µVision V5.13.0.0
Copyright (C) 2014 ARM Ltd and ARM Germany GmbH. All rights reserved.
License Information: Dmitry Shvedov, NASA, LIC=EXJEV-P0EXE-0NHAM-XUTC1-CCLLR-C8JXV
 
Tool Versions:
Toolchain:       MDK-ARM Standard  Version: 5.13.0.0
Toolchain Path:  C:\Keil_v5\ARM\ARMCC\Bin
C Compiler:      Armcc.exe V5.05 update 1 (build 106)
Assembler:       Armasm.exe V5.05 update 1 (build 106)
Linker/Locator:  ArmLink.exe V5.05 update 1 (build 106)
Library Manager: ArmAr.exe V5.05 update 1 (build 106)
Hex Converter:   FromElf.exe V5.05 update 1 (build 106)
CPU DLL:         SARMCM3.DLL V5.13.0.0
Dialog DLL:      DCM.DLL V1.13.1.0
Target DLL:      STLink\ST-LINKIII-KEIL_SWO.dll V2.0.14.0_KEIL
Dialog DLL:      TCM.DLL V1.14.4.0
 
<h2>Project:</h2>
C:\Users\Lmx\Documents\GitHub\b077\STM32_B77\temp_Pj1\MDK-ARM\temp_Pj1.uvprojx
Project File Date:  12/28/2020

<h2>Output:</h2>
Build target 'temp_Pj1'
compiling main.c...
../Inc/main.h(625): warning:  #1295-D: Deprecated declaration req_col - give arg types
  void req_col ();
../Src/main.c(453): warning:  #9-D: nested comment is not allowed
    /* USER CODE BEGIN ADC1_Init 2 */
../Src/main.c(1259): warning:  #181-D: argument is incompatible with corresponding format string conversion
     sprintf (strng,"%u",z);
../Src/main.c(1261): warning:  #181-D: argument is incompatible with corresponding format string conversion
     sprintf (strng,"%u",a);
../Src/main.c(1272): warning:  #181-D: argument is incompatible with corresponding format string conversion
     sprintf (strng,"%u",z);
../Src/main.c(1274): warning:  #181-D: argument is incompatible with corresponding format string conversion
     sprintf (strng,"%u",a);
../Src/main.c(1310): warning:  #177-D: variable "k" was declared but never referenced
   uint16_t k;
../Src/main.c(1555): warning:  #167-D: argument of type "uint8_t *" is incompatible with parameter of type "const char *"
     Transf2(Str);
../Src/main.c(1557): warning:  #167-D: argument of type "uint8_t *" is incompatible with parameter of type "const char *"
     Transf(Str);
../Src/main.c(1707): warning:  #223-D: function "TST" declared implicitly
         TST ();
../Src/main.c(1727): warning:  #223-D: function "jtag_scan" declared implicitly
         crc_comp=jtag_scan(NULL,crc_comp); 
../Src/main.c(2152): warning:  #1035-D: single-precision operand implicitly converted to double-precision
        adc_ch[ 0] = ((float)adcBuffer[0])*3.3/4096*2;
../Src/main.c(2153): warning:  #1035-D: single-precision operand implicitly converted to double-precision
        adc_ch[ 1] = ((float)adcBuffer[1])*3.3/4096*2;
../Src/main.c(2154): warning:  #1035-D: single-precision operand implicitly converted to double-precision
        adc_ch[ 2] = ((float)adcBuffer[2])*3.3*5.71428/4096;//12 Âîëüò äåëèòåëü 47ê-10ê
../Src/main.c(2155): warning:  #1035-D: single-precision operand implicitly converted to double-precision
        adc_ch[ 3] = ((float)adcBuffer[3])*3.3/4096*2;
../Src/main.c(2156): warning:  #1035-D: single-precision operand implicitly converted to double-precision
        adc_ch[ 4] = ((float)adcBuffer[4])*3.3/4096;    
../Src/main.c(2252): warning:  #223-D: function "HAL_I2C_Master_SMBA_block_recieve" declared implicitly
                HAL_I2C_Master_SMBA_block_recieve(&hi2c1,(DevAddress<<1),c,1,a,1,1);
../Src/main.c(2243): warning:  #177-D: variable "error" was declared but never referenced
         u32 error=0;
../Src/main.c(2273): warning:  #223-D: function "HAL_I2C_Master_SMBA_block_recieve" declared implicitly
        HAL_I2C_Master_SMBA_block_recieve(&hi2c1,(DevAddress<<0),c,1,a,1,1);
../Src/main.c(2265): warning:  #177-D: variable "state" was declared but never referenced
         uint8_t state=0;
../Src/main.c(2267): warning:  #177-D: variable "error" was declared but never referenced
         u32 error=0;
../Src/main.c(2335): warning:  #223-D: function "HAL_I2C_Master_SMBA_block_recieve" declared implicitly
        HAL_I2C_Master_SMBA_block_recieve(&hi2c1,(DevAddress<<1),c,1,a,1,1);
../Src/main.c(2327): warning:  #177-D: variable "state" was declared but never referenced
         uint8_t state=0;
../Src/main.c(2329): warning:  #177-D: variable "error" was declared but never referenced
         u32 error=0;
../Src/main.c(2458): warning:  #177-D: variable "res" was declared but never referenced
      float res;
../Src/main.c(2478): warning:  #177-D: variable "idx0" was declared but never referenced
    u32 idx0=0;
../Src/main.c(2479): warning:  #177-D: variable "idx1" was declared but never referenced
    u32 idx1=0;
../Src/main.c(2480): warning:  #177-D: variable "idx2" was declared but never referenced
    u32 idx2=0;
../Src/main.c(2481): warning:  #177-D: variable "idx3" was declared but never referenced
    u32 idx3=0;
../Src/main.c(2482): warning:  #177-D: variable "idx4" was declared but never referenced
    u32 idx4=0;
../Src/main.c(2483): warning:  #177-D: variable "idx5" was declared but never referenced
    u32 idx5=0;
../Src/main.c(2484): warning:  #177-D: variable "idx6" was declared but never referenced
    u32 idx6=0;
../Src/main.c(2485): warning:  #177-D: variable "idx7" was declared but never referenced
    u32 idx7=0;
../Src/main.c(2488): warning:  #177-D: variable "data" was declared but never referenced
    u32 data=0;
../Src/main.c(2489): warning:  #177-D: variable "D" was declared but never referenced
    u8 D[4];
../Src/main.c(2550): warning:  #177-D: variable "idx0" was declared but never referenced
        u32 idx0=0;
../Src/main.c(2551): warning:  #177-D: variable "idx1" was declared but never referenced
        u32 idx1=0;
../Src/main.c(2552): warning:  #177-D: variable "idx2" was declared but never referenced
        u32 idx2=0;
../Src/main.c(2553): warning:  #177-D: variable "idx3" was declared but never referenced
        u32 idx3=0;
../Src/main.c(2554): warning:  #177-D: variable "idx4" was declared but never referenced
        u32 idx4=0;
../Src/main.c(2555): warning:  #177-D: variable "idx5" was declared but never referenced
        u32 idx5=0;
../Src/main.c(2556): warning:  #177-D: variable "idx6" was declared but never referenced
        u32 idx6=0;
../Src/main.c(2557): warning:  #177-D: variable "idx7" was declared but never referenced
        u32 idx7=0;
../Src/main.c(2560): warning:  #177-D: variable "data" was declared but never referenced
        u32 data=0;
../Src/main.c(2561): warning:  #177-D: variable "D" was declared but never referenced
        u8 D[4];
../Src/main.c(2594): warning:  #177-D: variable "D" was declared but never referenced
        u8 D[4];
../Src/main.c(2745): warning:  #177-D: variable "val" was declared but never referenced
        u8 val=0;
../Src/main.c(2756): warning:  #177-D: variable "z" was declared but never referenced
         u32 z =0;
../Src/main.c(2757): warning:  #177-D: variable "z0" was declared but never referenced
  static u32 z0; 
../Src/main.c(2768): warning:  #177-D: variable "flag" was declared but never referenced
        static u8 flag=0;
../Src/main.c(2769): warning:  #177-D: variable "tmp0" was declared but never referenced
        u32 tmp0=0; 
../Src/main.c(2774): warning:  #177-D: variable "var" was declared but never referenced
        u8 var=0;
../Src/main.c(2834): warning:  #223-D: function "jtag_scan" declared implicitly
          tmp0=jtag_scan(NULL,0);
../Src/main.c(2994): warning:  #223-D: function "RECEIVE_udp" declared implicitly
   RECEIVE_udp(0, 3001,1);
../Src/main.c(949): warning:  #177-D: function "MX_TIM4_Init" was declared but never referenced
  static void MX_TIM4_Init(void)
../Src/main.c(530): warning:  #177-D: function "MX_SPI2_Init" was declared but never referenced
  static void MX_SPI2_Init(void)
../Src/main.c(568): warning:  #177-D: function "MX_SPI3_Init" was declared but never referenced
  static void MX_SPI3_Init(void)
../Src/main.c(749): warning:  #177-D: function "MX_USART6_UART_Init" was declared but never referenced
  static void MX_USART6_UART_Init(void)
../Src/main.c: 58 warnings, 0 errors
compiling stm32f4xx_it.c...
../Inc/main.h(625): warning:  #1295-D: Deprecated declaration req_col - give arg types
  void req_col ();
../Src/stm32f4xx_it.c: 1 warning, 0 errors
compiling stm32f4xx_hal_msp.c...
../Inc/main.h(625): warning:  #1295-D: Deprecated declaration req_col - give arg types
  void req_col ();
../Src/stm32f4xx_hal_msp.c: 1 warning, 0 errors
compiling W5200.c...
../Inc/main.h(625): warning:  #1295-D: Deprecated declaration req_col - give arg types
  void req_col ();
..\Src\W5200.c(1822): warning:  #177-D: variable "RSR_len" was declared but never referenced
         int16 RSR_len;
..\Src\W5200.c(1823): warning:  #177-D: variable "received_len" was declared but never referenced
      uint16 received_len;
..\Src\W5200.c(1824): warning:  #177-D: variable "lsr" was declared but never referenced
        uint32 lsr=0;
..\Src\W5200.c(2272): warning:  #940-D: missing return statement at end of non-void function "SEND_UDP_MSG"
  }
..\Src\W5200.c(2261): warning:  #550-D: variable "error" was set but never used
        u32 error=0;
..\Src\W5200.c: 6 warnings, 0 errors
compiling adiv5_jtagdp.c...
../Inc/main.h(625): warning:  #1295-D: Deprecated declaration req_col - give arg types
  void req_col ();
..\Src\adiv5_jtagdp.c(193): warning:  #550-D: variable "ack" was set but never used
        uint8_t ack;
..\Src\adiv5_jtagdp.c(194): warning:  #177-D: variable "timeout" was declared but never referenced
        platform_timeout timeout;
..\Src\adiv5_jtagdp.c(234): warning:  #1-D: last line of file ends without a newline
  }
..\Src\adiv5_jtagdp.c(222): warning:  #177-D: variable "addr" was declared but never referenced
        uint16_t addr=0x8;// (ÑÑ‚Ñ€Ð°Ð½Ð¸Ñ†Ð° 2-41 IHI0031C_debug_interface_as.pdf)
..\Src\adiv5_jtagdp.c(176): warning:  #177-D: function "adiv5_jtagdp_error" was declared but never referenced
  static uint32_t adiv5_jtagdp_error(jtag_dev_t *dp)
..\Src\adiv5_jtagdp.c(211): warning:  #177-D: function "adiv5_jtagdp_abort" was declared but never referenced
  static void adiv5_jtagdp_abort(jtag_dev_t *dp, uint32_t abort)
..\Src\adiv5_jtagdp.c: 7 warnings, 0 errors
compiling jtag_scan.c...
../Inc/main.h(625): warning:  #1295-D: Deprecated declaration req_col - give arg types
  void req_col ();
..\Src\jtag_scan.c(198): warning:  #68-D: integer conversion resulted in a change of sign
                                jtag_devs[i].current_ir = -1;
..\Src\jtag_scan.c(58): warning:  #177-D: variable "z" was declared but never referenced
        uint16_t z=0;
..\Src\jtag_scan.c(226): warning:  #68-D: integer conversion resulted in a change of sign
                jtag_devs[i].current_ir = -1;
..\Src\jtag_scan.c: 4 warnings, 0 errors
compiling jtagtap.c...
../Inc/main.h(625): warning:  #1295-D: Deprecated declaration req_col - give arg types
  void req_col ();
..\Src\jtagtap.c: 1 warning, 0 errors
compiling jtag_devs.c...
../Inc/main.h(625): warning:  #1295-D: Deprecated declaration req_col - give arg types
  void req_col ();
..\Src\jtag_devs.c: 1 warning, 0 errors
compiling crc32.c...
../Inc/main.h(625): warning:  #1295-D: Deprecated declaration req_col - give arg types
  void req_col ();
..\Src\crc32.c: 1 warning, 0 errors
compiling jtag_my.c...
../Inc/main.h(625): warning:  #1295-D: Deprecated declaration req_col - give arg types
  void req_col ();
..\Src\jtag_my.c: 1 warning, 0 errors
linking...
Program Size: Code=39588 RO-data=1568 RW-data=404 ZI-data=52828  
FromELF: creating hex file...
".\temp_Pj1\temp_Pj1.axf" - 0 Error(s), 81 Warning(s).

<h2>Software Packages used:</h2>

Package Vendor: ARM
                http://www.keil.com/pack/ARM.CMSIS.4.2.0.pack
                ARM::CMSIS:CORE:3.40.0
                CMSIS (Cortex Microcontroller Software Interface Standard)
   * Component: CORE Version: 3.40.0

<h2>Collection of Component include folders:</h2>
  C:\Users\Lmx\Documents\GitHub\b077\STM32_B77\temp_Pj1\MDK-ARM\RTE
  C:\Keil_v5\ARM\PACK\ARM\CMSIS\4.2.0\CMSIS\Include
  C:\Keil_v5\ARM\PACK\Keil\STM32F4xx_DFP\2.11.0

<h2>Collection of Component Files used:</h2>

   * Component: ARM::CMSIS:CORE:3.40.0
      Source file:   CMSIS\UserCodeTemplates\ARM\ITM_Retarget.c
</pre>
</body>
</html>
