Component: ARM Compiler 5.05 update 1 (build 106) Tool: armlink [4d0efa]

==============================================================================

Section Cross References

    startup_stm32f411xe.o(RESET) refers to startup_stm32f411xe.o(STACK) for __initial_sp
    startup_stm32f411xe.o(RESET) refers to startup_stm32f411xe.o(.text) for Reset_Handler
    startup_stm32f411xe.o(RESET) refers to stm32f4xx_it.o(i.NMI_Handler) for NMI_Handler
    startup_stm32f411xe.o(RESET) refers to stm32f4xx_it.o(i.HardFault_Handler) for HardFault_Handler
    startup_stm32f411xe.o(RESET) refers to stm32f4xx_it.o(i.MemManage_Handler) for MemManage_Handler
    startup_stm32f411xe.o(RESET) refers to stm32f4xx_it.o(i.BusFault_Handler) for BusFault_Handler
    startup_stm32f411xe.o(RESET) refers to stm32f4xx_it.o(i.UsageFault_Handler) for UsageFault_Handler
    startup_stm32f411xe.o(RESET) refers to stm32f4xx_it.o(i.SVC_Handler) for SVC_Handler
    startup_stm32f411xe.o(RESET) refers to stm32f4xx_it.o(i.DebugMon_Handler) for DebugMon_Handler
    startup_stm32f411xe.o(RESET) refers to stm32f4xx_it.o(i.PendSV_Handler) for PendSV_Handler
    startup_stm32f411xe.o(RESET) refers to stm32f4xx_it.o(i.SysTick_Handler) for SysTick_Handler
    startup_stm32f411xe.o(RESET) refers to stm32f4xx_it.o(i.EXTI0_IRQHandler) for EXTI0_IRQHandler
    startup_stm32f411xe.o(RESET) refers to stm32f4xx_it.o(i.EXTI1_IRQHandler) for EXTI1_IRQHandler
    startup_stm32f411xe.o(RESET) refers to stm32f4xx_it.o(i.EXTI3_IRQHandler) for EXTI3_IRQHandler
    startup_stm32f411xe.o(RESET) refers to stm32f4xx_it.o(i.DMA1_Stream6_IRQHandler) for DMA1_Stream6_IRQHandler
    startup_stm32f411xe.o(RESET) refers to stm32f4xx_it.o(i.ADC_IRQHandler) for ADC_IRQHandler
    startup_stm32f411xe.o(RESET) refers to stm32f4xx_it.o(i.EXTI9_5_IRQHandler) for EXTI9_5_IRQHandler
    startup_stm32f411xe.o(RESET) refers to stm32f4xx_it.o(i.TIM4_IRQHandler) for TIM4_IRQHandler
    startup_stm32f411xe.o(RESET) refers to stm32f4xx_it.o(i.USART1_IRQHandler) for USART1_IRQHandler
    startup_stm32f411xe.o(RESET) refers to stm32f4xx_it.o(i.USART2_IRQHandler) for USART2_IRQHandler
    startup_stm32f411xe.o(RESET) refers to stm32f4xx_it.o(i.EXTI15_10_IRQHandler) for EXTI15_10_IRQHandler
    startup_stm32f411xe.o(RESET) refers to stm32f4xx_it.o(i.DMA2_Stream0_IRQHandler) for DMA2_Stream0_IRQHandler
    startup_stm32f411xe.o(RESET) refers to stm32f4xx_it.o(i.DMA2_Stream1_IRQHandler) for DMA2_Stream1_IRQHandler
    startup_stm32f411xe.o(RESET) refers to stm32f4xx_it.o(i.DMA2_Stream6_IRQHandler) for DMA2_Stream6_IRQHandler
    startup_stm32f411xe.o(RESET) refers to stm32f4xx_it.o(i.DMA2_Stream7_IRQHandler) for DMA2_Stream7_IRQHandler
    startup_stm32f411xe.o(RESET) refers to stm32f4xx_it.o(i.USART6_IRQHandler) for USART6_IRQHandler
    startup_stm32f411xe.o(RESET) refers to stm32f4xx_it.o(i.SPI5_IRQHandler) for SPI5_IRQHandler
    startup_stm32f411xe.o(.text) refers to system_stm32f4xx.o(i.SystemInit) for SystemInit
    startup_stm32f411xe.o(.text) refers to entry.o(.ARM.Collect$$$$00000000) for __main
    main.o(i.ADC_Temp) refers to dadd.o(.text) for __aeabi_dsub
    main.o(i.ADC_Temp) refers to ddiv.o(.text) for __aeabi_ddiv
    main.o(i.ADC_test) refers to dfltui.o(.text) for __aeabi_ui2d
    main.o(i.ADC_test) refers to dmul.o(.text) for __aeabi_dmul
    main.o(i.ADC_test) refers to d2f.o(.text) for __aeabi_d2f
    main.o(i.ADC_test) refers to main.o(i.Transf) for Transf
    main.o(i.ADC_test) refers to main.o(i.f_out) for f_out
    main.o(i.ADC_test) refers to f2d.o(.text) for __aeabi_f2d
    main.o(i.ADC_test) refers to main.o(i.ADC_Temp) for ADC_Temp
    main.o(i.ADC_test) refers to main.o(i.u_out) for u_out
    main.o(i.ADC_test) refers to main.o(.data) for .data
    main.o(i.ADC_test) refers to main.o(.bss) for .bss
    main.o(i.ARRAY_DATA) refers to main.o(.data) for .data
    main.o(i.ARR_Z) refers to main.o(.bss) for .bss
    main.o(i.BUS_485_TEST) refers to main.o(i.Transf2) for Transf2
    main.o(i.BUS_485_TEST) refers to main.o(i.Transf) for Transf
    main.o(i.CMD_search) refers to main.o(i.Transf) for Transf
    main.o(i.CMD_search) refers to main.o(i.idx_srv) for idx_srv
    main.o(i.CMD_search) refers to main.o(i.IO) for IO
    main.o(i.CMD_search) refers to w5200.o(i.ADR_FINDER) for ADR_FINDER
    main.o(i.CMD_search) refers to main.o(i.u_out) for u_out
    main.o(i.CMD_search) refers to w5200.o(i.ERROR_CMD_MSG) for ERROR_CMD_MSG
    main.o(i.CMD_search) refers to main.o(i.SYS_INFO_SEND_UDP) for SYS_INFO_SEND_UDP
    main.o(i.CMD_search) refers to w5200.o(i.SERV_ID_DEL) for SERV_ID_DEL
    main.o(i.CMD_search) refers to main.o(i.FUNC_FLAG_UP) for FUNC_FLAG_UP
    main.o(i.CMD_search) refers to main.o(.data) for .data
    main.o(i.CMD_search) refers to main.o(.bss) for .bss
    main.o(i.CONTROL_T1HZ_MK) refers to main.o(i.Transf) for Transf
    main.o(i.CONTROL_T1HZ_MK) refers to main.o(.data) for .data
    main.o(i.CONTROL_T1HZ_MK) refers to main.o(.bss) for .bss
[...]
    .constdata                               0x08009a98   Section       16  system_stm32f4xx.o(.constdata)
    .constdata                               0x08009aa8   Section        8  system_stm32f4xx.o(.constdata)
    .constdata                               0x08009ab0   Section      129  ctype_o.o(.constdata)
    .constdata                               0x08009b34   Section        4  ctype_o.o(.constdata)
    table                                    0x08009b34   Data           4  ctype_o.o(.constdata)
    .conststring                             0x08009b38   Section       72  jtag_scan.o(.conststring)
    .conststring                             0x08009b80   Section      572  jtag_devs.o(.conststring)
    .data                                    0x20000000   Section      240  main.o(.data)
    .data                                    0x200000f0   Section        1  main.o(.data)
    .data                                    0x200000f1   Section        1  main.o(.data)
    .data                                    0x200000f2   Section        1  main.o(.data)
    .data                                    0x200000f4   Section        4  main.o(.data)
    .data                                    0x200000f8   Section        4  main.o(.data)
    .data                                    0x200000fc   Section        4  main.o(.data)
    .data                                    0x20000100   Section        4  main.o(.data)
    .data                                    0x20000104   Section        4  main.o(.data)
    .data                                    0x20000108   Section        1  main.o(.data)
    .data                                    0x2000010c   Section      104  w5200.o(.data)
    I_STATUS                                 0x2000011e   Data           2  w5200.o(.data)
    local_port                               0x20000120   Data           2  w5200.o(.data)
    SMASK                                    0x2000014c   Data           4  w5200.o(.data)
    RMASK                                    0x20000150   Data           4  w5200.o(.data)
    SSIZE                                    0x20000154   Data           4  w5200.o(.data)
    RSIZE                                    0x20000158   Data           4  w5200.o(.data)
    SBUFBASEADDRESS                          0x2000015c   Data           4  w5200.o(.data)
    RBUFBASEADDRESS                          0x20000160   Data           4  w5200.o(.data)
    SUBNET                                   0x20000164   Data           4  w5200.o(.data)
    .data                                    0x20000174   Section        4  jtag_scan.o(.data)
    .data                                    0x20000178   Section       12  stm32f4xx_hal.o(.data)
    .data                                    0x20000184   Section        4  system_stm32f4xx.o(.data)
    .data                                    0x20000188   Section        4  errno.o(.data)
    _errno                                   0x20000188   Data           4  errno.o(.data)
    .bss                                     0x20000190   Section    27925  main.o(.bss)
    .bss                                     0x20006ea8   Section       96  main.o(.bss)
    .bss                                     0x20006f08   Section       64  main.o(.bss)
    .bss                                     0x20006f48   Section       96  main.o(.bss)
    .bss                                     0x20006fa8   Section       96  main.o(.bss)
    .bss                                     0x20007008   Section       96  main.o(.bss)
    .bss                                     0x20007068   Section       96  main.o(.bss)
    .bss                                     0x200070c8   Section    11360  main.o(.bss)
    .bss                                     0x20009d28   Section     4119  w5200.o(.bss)
    .bss                                     0x2000ad40   Section      660  jtag_scan.o(.bss)
    .bss                                     0x2000afd4   Section       20  jtagtap.o(.bss)
    STACK                                    0x2000afe8   Section     8192  startup_stm32f411xe.o(STACK)

    Global Symbols

    Symbol Name                              Value     Ov Type        Size  Object(Section)

    BuildAttributes$$THM_ISAv4$E$P$D$K$B$S$7EM$VFPi3$EXTD16$VFPS$VFMA$PE$A:L22UL41UL21$X:L11$S22US41US21$IEEE1$IW$USESV6$~STKCKD$USESV7$~SHL$OTIME$ROPI$IEEEX$EBA8$MICROLIB$REQ8$PRES8$EABIv2 0x00000000   Number         0  anon$$obj.o ABSOLUTE
    __ARM_use_no_argv                        0x00000000   Number         0  main.o ABSOLUTE
    _printf_a                                0x00000000   Number         0  stubs.o ABSOLUTE
    _printf_c                                0x00000000   Number         0  stubs.o ABSOLUTE
    _printf_charcount                        0x00000000   Number         0  stubs.o ABSOLUTE
    _printf_d                                0x00000000   Number         0  stubs.o ABSOLUTE
    _printf_e                                0x00000000   Number         0  stubs.o ABSOLUTE
    _printf_f                                0x00000000   Number         0  stubs.o ABSOLUTE
    _printf_flags                            0x00000000   Number         0  stubs.o ABSOLUTE
    _printf_fp_dec                           0x00000000   Number         0  stubs.o ABSOLUTE
    _printf_fp_hex                           0x00000000   Number         0  stubs.o ABSOLUTE
    _printf_g                                0x00000000   Number         0  stubs.o ABSOLUTE
    _printf_i                                0x00000000   Number         0  stubs.o ABSOLUTE
    _printf_int_dec                          0x00000000   Number         0  stubs.o ABSOLUTE
    _printf_l                                0x00000000   Number         0  stubs.o ABSOLUTE
    _printf_lc                               0x00000000   Number         0  stubs.o ABSOLUTE
    _printf_ll                               0x00000000   Number         0  stubs.o ABSOLUTE
    _printf_lld                              0x00000000   Number         0  stubs.o ABSOLUTE
    _printf_lli                              0x00000000   Number         0  stubs.o ABSOLUTE
    _printf_llo                              0x00000000   Number         0  stubs.o ABSOLUTE
    _printf_llu                              0x00000000   Number         0  stubs.o ABSOLUTE
    _printf_llx                              0x00000000   Number         0  stubs.o ABSOLUTE
    _printf_longlong_dec                     0x00000000   Number         0  stubs.o ABSOLUTE
    _printf_longlong_hex                     0x00000000   Number         0  stubs.o ABSOLUTE
    _printf_longlong_oct                     0x00000000   Number         0  stubs.o ABSOLUTE
    _printf_ls                               0x00000000   Number         0  stubs.o ABSOLUTE
    _printf_mbtowc                           0x00000000   Number         0  stubs.o ABSOLUTE
    _printf_n                                0x00000000   Number         0  stubs.o ABSOLUTE
    _printf_o                                0x00000000   Number         0  stubs.o ABSOLUTE
    _printf_p                                0x00000000   Number         0  stubs.o ABSOLUTE
    _printf_percent                          0x00000000   Number         0  stubs.o ABSOLUTE
    _printf_pre_padding                      0x00000000   Number         0  stubs.o ABSOLUTE
    _printf_return_value                     0x00000000   Number         0  stubs.o ABSOLUTE
    _printf_s                                0x00000000   Number         0  stubs.o ABSOLUTE
    _printf_sizespec                         0x00000000   Number         0  stubs.o ABSOLUTE
    _printf_str                              0x00000000   Number         0  stubs.o ABSOLUTE
    _printf_truncate_signed                  0x00000000   Number         0  stubs.o ABSOLUTE
    _printf_truncate_unsigned                0x00000000   Number         0  stubs.o ABSOLUTE
    _printf_u                                0x00000000   Number         0  stubs.o ABSOLUTE
    _printf_wc                               0x00000000   Number         0  stubs.o ABSOLUTE
    _printf_wctomb                           0x00000000   Number         0  stubs.o ABSOLUTE
    _printf_widthprec                        0x00000000   Number         0  stubs.o ABSOLUTE
    _printf_x                                0x00000000   Number         0  stubs.o ABSOLUTE
    __alloca_longjmp                          - Undefined Weak Reference
    __alloca_setjmp                           - Undefined Weak Reference
    __cpp_initialize__aeabi_                  - Undefined Weak Reference
    __cxa_finalize                            - Undefined Weak Reference
    _clock_init                               - Undefined Weak Reference
    _microlib_exit                            - Undefined Weak Reference
    __Vectors_Size                           0x00000198   Number         0  startup_stm32f411xe.o ABSOLUTE
    __Vectors                                0x08000000   Data           4  startup_stm32f411xe.o(RESET)
    __Vectors_End                            0x08000198   Data           0  startup_stm32f411xe.o(RESET)
    __main                                   0x08000199   Thumb Code     0  entry.o(.ARM.Collect$$$$00000000)
    _main_stk                                0x08000199   Thumb Code     0  entry2.o(.ARM.Collect$$$$00000001)
    _main_scatterload                        0x0800019d   Thumb Code     0  entry5.o(.ARM.Collect$$$$00000004)
    __main_after_scatterload                 0x080001a1   Thumb Code     0  entry5.o(.ARM.Collect$$$$00000004)
    _main_clock                              0x080001a1   Thumb Code     0  entry7b.o(.ARM.Collect$$$$00000008)
    _main_cpp_init                           0x080001a1   Thumb Code     0  entry8b.o(.ARM.Collect$$$$0000000A)
    _main_init                               0x080001a1   Thumb Code     0  entry9a.o(.ARM.Collect$$$$0000000B)
    __rt_final_cpp                           0x080001a9   Thumb Code     0  entry10a.o(.ARM.Collect$$$$0000000D)
    __rt_final_exit                          0x080001a9   Thumb Code     0  entry11a.o(.ARM.Collect$$$$0000000F)
    Reset_Handler                            0x080001ad   Thumb Code     8  startup_stm32f411xe.o(.text)
    DMA1_Stream0_IRQHandler                  0x080001c7   Thumb Code     0  startup_stm32f411xe.o(.text)
    DMA1_Stream1_IRQHandler                  0x080001c7   Thumb Code     0  startup_stm32f411xe.o(.text)
    DMA1_Stream2_IRQHandler                  0x080001c7   Thumb Code     0  startup_stm32f411xe.o(.text)
    DMA1_Stream3_IRQHandler                  0x080001c7   Thumb Code     0  startup_stm32f411xe.o(.text)
    DMA1_Stream4_IRQHandler                  0x080001c7   Thumb Code     0  startup_stm32f411xe.o(.text)
    DMA1_Stream5_IRQHandler                  0x080001c7   Thumb Code     0  startup_stm32f411xe.o(.text)
    DMA1_Stream7_IRQHandler                  0x080001c7   Thumb Code     0  startup_stm32f411xe.o(.text)
    DMA2_Stream2_IRQHandler                  0x080001c7   Thumb Code     0  startup_stm32f411xe.o(.text)
    DMA2_Stream3_IRQHandler                  0x080001c7   Thumb Code     0  startup_stm32f411xe.o(.text)
    DMA2_Stream4_IRQHandler                  0x080001c7   Thumb Code     0  startup_stm32f411xe.o(.text)
    DMA2_Stream5_IRQHandler                  0x080001c7   Thumb Code     0  startup_stm32f411xe.o(.text)
    EXTI2_IRQHandler                         0x080001c7   Thumb Code     0  startup_stm32f411xe.o(.text)
    EXTI4_IRQHandler                         0x080001c7   Thumb Code     0  startup_stm32f411xe.o(.text)
    FLASH_IRQHandler                         0x080001c7   Thumb Code     0  startup_stm32f411xe.o(.text)
    FPU_IRQHandler                           0x080001c7   Thumb Code     0  startup_stm32f411xe.o(.text)
    I2C1_ER_IRQHandler                       0x080001c7   Thumb Code     0  startup_stm32f411xe.o(.text)
    I2C1_EV_IRQHandler                       0x080001c7   Thumb Code     0  startup_stm32f411xe.o(.text)
    I2C2_ER_IRQHandler                       0x080001c7   Thumb Code     0  startup_stm32f411xe.o(.text)
    I2C2_EV_IRQHandler                       0x080001c7   Thumb Code     0  startup_stm32f411xe.o(.text)
    I2C3_ER_IRQHandler                       0x080001c7   Thumb Code     0  startup_stm32f411xe.o(.text)
    I2C3_EV_IRQHandler                       0x080001c7   Thumb Code     0  startup_stm32f411xe.o(.text)
    OTG_FS_IRQHandler                        0x080001c7   Thumb Code     0  startup_stm32f411xe.o(.text)
    OTG_FS_WKUP_IRQHandler                   0x080001c7   Thumb Code     0  startup_stm32f411xe.o(.text)
    PVD_IRQHandler                           0x080001c7   Thumb Code     0  startup_stm32f411xe.o(.text)
    RCC_IRQHandler                           0x080001c7   Thumb Code     0  startup_stm32f411xe.o(.text)
    RTC_Alarm_IRQHandler                     0x080001c7   Thumb Code     0  startup_stm32f411xe.o(.text)
    RTC_WKUP_IRQHandler                      0x080001c7   Thumb Code     0  startup_stm32f411xe.o(.text)
    SDIO_IRQHandler                          0x080001c7   Thumb Code     0  startup_stm32f411xe.o(.text)
    SPI1_IRQHandler                          0x080001c7   Thumb Code     0  startup_stm32f411xe.o(.text)
    SPI2_IRQHandler                          0x080001c7   Thumb Code     0  startup_stm32f411xe.o(.text)
    SPI3_IRQHandler                          0x080001c7   Thumb Code     0  startup_stm32f411xe.o(.text)
    SPI4_IRQHandler                          0x080001c7   Thumb Code     0  startup_stm32f411xe.o(.text)
    TAMP_STAMP_IRQHandler                    0x080001c7   Thumb Code     0  startup_stm32f411xe.o(.text)
    TIM1_BRK_TIM9_IRQHandler                 0x080001c7   Thumb Code     0  startup_stm32f411xe.o(.text)
    TIM1_CC_IRQHandler                       0x080001c7   Thumb Code     0  startup_stm32f411xe.o(.text)
    TIM1_TRG_COM_TIM11_IRQHandler            0x080001c7   Thumb Code     0  startup_stm32f411xe.o(.text)
    TIM1_UP_TIM10_IRQHandler                 0x080001c7   Thumb Code     0  startup_stm32f411xe.o(.text)
    TIM2_IRQHandler                          0x080001c7   Thumb Code     0  startup_stm32f411xe.o(.text)
    TIM3_IRQHandler                          0x080001c7   Thumb Code     0  startup_stm32f411xe.o(.text)
    TIM5_IRQHandler                          0x080001c7   Thumb Code     0  startup_stm32f411xe.o(.text)
    WWDG_IRQHandler                          0x080001c7   Thumb Code     0  startup_stm32f411xe.o(.text)
    __aeabi_uldivmod                         0x080001d1   Thumb Code    98  uldiv.o(.text)
    __aeabi_llsr                             0x08000233   Thumb Code    32  llushr.o(.text)
    _ll_ushift_r                             0x08000233   Thumb Code     0  llushr.o(.text)
    __aeabi_memset                           0x08000253   Thumb Code    14  memseta.o(.text)
    __aeabi_memset4                          0x08000253   Thumb Code     0  memseta.o(.text)
    __aeabi_memset8                          0x08000253   Thumb Code     0  memseta.o(.text)
    __aeabi_memclr                           0x08000261   Thumb Code     4  memseta.o(.text)
    __aeabi_memclr4                          0x08000261   Thumb Code     0  memseta.o(.text)
    __aeabi_memclr8                          0x08000261   Thumb Code     0  memseta.o(.text)
    _memset$wrapper                          0x08000265   Thumb Code    18  memseta.o(.text)
    strlen                                   0x08000277   Thumb Code    14  strlen.o(.text)
    strcmp                                   0x08000285   Thumb Code    28  strcmp.o(.text)
    atoi                                     0x080002a1   Thumb Code    26  atoi.o(.text)
    __aeabi_dadd                             0x080002bb   Thumb Code   322  dadd.o(.text)
    __aeabi_dsub                             0x080003fd   Thumb Code     6  dadd.o(.text)
    __aeabi_drsub                            0x08000403   Thumb Code     6  dadd.o(.text)
    __aeabi_dmul                             0x08000409   Thumb Code   228  dmul.o(.text)
    __aeabi_ddiv                             0x080004ed   Thumb Code   222  ddiv.o(.text)
    __aeabi_ui2d                             0x080005cb   Thumb Code    26  dfltui.o(.text)
    __aeabi_f2d                              0x080005e5   Thumb Code    38  f2d.o(.text)
    __aeabi_d2f                              0x0800060b   Thumb Code    56  d2f.o(.text)
    __aeabi_uidiv                            0x08000643   Thumb Code     0  uidiv.o(.text)
    __aeabi_uidivmod                         0x08000643   Thumb Code    44  uidiv.o(.text)
    __aeabi_llsl                             0x0800066f   Thumb Code    30  llshl.o(.text)
    _ll_shift_l                              0x0800066f   Thumb Code     0  llshl.o(.text)
    __aeabi_lasr                             0x0800068d   Thumb Code    36  llsshr.o(.text)
    _ll_sshift_r                             0x0800068d   Thumb Code     0  llsshr.o(.text)
    strtol                                   0x080006b1   Thumb Code   112  strtol.o(.text)
    __I$use$fp                               0x08000721   Thumb Code     0  iusefp.o(.text)
    _float_round                             0x08000721   Thumb Code    18  fepilogue.o(.text)
    _float_epilogue                          0x08000733   Thumb Code    92  fepilogue.o(.text)
    _double_round                            0x0800078f   Thumb Code    30  depilogue.o(.text)
    _double_epilogue                         0x080007ad   Thumb Code   156  depilogue.o(.text)
    __aeabi_d2ulz                            0x08000849   Thumb Code    48  dfixul.o(.text)
    __aeabi_cdrcmple                         0x08000879   Thumb Code    48  cdrcmple.o(.text)
    __scatterload                            0x080008a9   Thumb Code    28  init.o(.text)
    __scatterload_rt2                        0x080008a9   Thumb Code     0  init.o(.text)
    __rt_ctype_table                         0x080008cd   Thumb Code     4  ctype_o.o(.text)
    _strtoul                                 0x080008d5   Thumb Code   158  _strtoul.o(.text)
    _chval                                   0x08000973   Thumb Code    28  _chval.o(.text)
    __decompress                             0x0800098f   Thumb Code     0  __dczerorl2.o(.text)
    __decompress1                            0x0800098f   Thumb Code    86  __dczerorl2.o(.text)
    ADC_IRQHandler                           0x08000a75   Thumb Code    16  stm32f4xx_it.o(i.ADC_IRQHandler)
    ADC_Temp                                 0x08000bb5   Thumb Code    48  main.o(i.ADC_Temp)
    ADC_test                                 0x08000bfd   Thumb Code   338  main.o(i.ADC_test)
    ADR_FINDER                               0x08000ddd   Thumb Code    80  w5200.o(i.ADR_FINDER)
    ARRAY_DATA                               0x08000e5d   Thumb Code    18  main.o(i.ARRAY_DATA)
    ARR_Z                                    0x08000e75   Thumb Code   114  main.o(i.ARR_Z)
    BUS_485_TEST                             0x08000ef1   Thumb Code   126  main.o(i.BUS_485_TEST)
    BusFault_Handler                         0x08000f85   Thumb Code     2  stm32f4xx_it.o(i.BusFault_Handler)
    CMD_search                               0x08000f89   Thumb Code   642  main.o(i.CMD_search)
    CONTROL_T1HZ_MK                          0x080012f9   Thumb Code    40  main.o(i.CONTROL_T1HZ_MK)
    DISPATCHER                               0x08001345   Thumb Code   332  main.o(i.DISPATCHER)
    DMA1_Stream6_IRQHandler                  0x08001585   Thumb Code    12  stm32f4xx_it.o(i.DMA1_Stream6_IRQHandler)
    DMA2_Stream0_IRQHandler                  0x08001599   Thumb Code     6  stm32f4xx_it.o(i.DMA2_Stream0_IRQHandler)
    DMA2_Stream1_IRQHandler                  0x080015a5   Thumb Code     6  stm32f4xx_it.o(i.DMA2_Stream1_IRQHandler)
    DMA2_Stream6_IRQHandler                  0x080015b1   Thumb Code     6  stm32f4xx_it.o(i.DMA2_Stream6_IRQHandler)
    DMA2_Stream7_IRQHandler                  0x080015bd   Thumb Code    12  stm32f4xx_it.o(i.DMA2_Stream7_IRQHandler)
    DS4306_read                              0x08001675   Thumb Code    58  main.o(i.DS4306_read)
    DS4306_write                             0x080016b5   Thumb Code    52  main.o(i.DS4306_write)
    DS4520_read                              0x080016ed   Thumb Code    72  main.o(i.DS4520_read)
    DebugMon_Handler                         0x08001739   Thumb Code     2  stm32f4xx_it.o(i.DebugMon_Handler)
    Delay                                    0x0800173d   Thumb Code    12  main.o(i.Delay)
    Delay_ms                                 0x0800174d   Thumb Code    14  w5200.o(i.Delay_ms)
    ERROR_CMD_MSG                            0x0800175d   Thumb Code   100  w5200.o(i.ERROR_CMD_MSG)
    EXTI0_IRQHandler                         0x080017dd   Thumb Code    16  stm32f4xx_it.o(i.EXTI0_IRQHandler)
    EXTI15_10_IRQHandler                     0x080017f1   Thumb Code    18  stm32f4xx_it.o(i.EXTI15_10_IRQHandler)
    EXTI1_IRQHandler                         0x08001809   Thumb Code    16  stm32f4xx_it.o(i.EXTI1_IRQHandler)
    EXTI3_IRQHandler                         0x0800181d   Thumb Code    16  stm32f4xx_it.o(i.EXTI3_IRQHandler)
    EXTI9_5_IRQHandler                       0x08001831   Thumb Code    16  stm32f4xx_it.o(i.EXTI9_5_IRQHandler)
    Error_Handler                            0x08001845   Thumb Code     2  main.o(i.Error_Handler)
    Exit1_IR                                 0x08001849   Thumb Code    52  jtag_my.o(i.Exit1_IR)
    FLAG_DWN                                 0x08001881   Thumb Code    18  main.o(i.FLAG_DWN)
    FPGA_wSPI                                0x08001893   Thumb Code   284  main.o(i.FPGA_wSPI)
    FRAME_DECODE                             0x080019b1   Thumb Code   614  w5200.o(i.FRAME_DECODE)
    FTIME_OF_WORK                            0x08001c31   Thumb Code    26  main.o(i.FTIME_OF_WORK)
    FUNC_FLAG_UP                             0x08001c51   Thumb Code    52  main.o(i.FUNC_FLAG_UP)
    GET_DATA                                 0x08001cc9   Thumb Code    82  jtag_my.o(i.GET_DATA)
    HAL_ADCEx_InjectedConvCpltCallback       0x08001d21   Thumb Code     2  stm32f4xx_hal_adc_ex.o(i.HAL_ADCEx_InjectedConvCpltCallback)
    HAL_ADC_ConfigChannel                    0x08001d25   Thumb Code   334  stm32f4xx_hal_adc.o(i.HAL_ADC_ConfigChannel)
    HAL_ADC_ConvCpltCallback                 0x08001e89   Thumb Code    10  main.o(i.HAL_ADC_ConvCpltCallback)
    HAL_ADC_ConvHalfCpltCallback             0x08001e99   Thumb Code     2  stm32f4xx_hal_adc.o(i.HAL_ADC_ConvHalfCpltCallback)
    HAL_ADC_ErrorCallback                    0x08001e9b   Thumb Code     2  stm32f4xx_hal_adc.o(i.HAL_ADC_ErrorCallback)
    HAL_ADC_IRQHandler                       0x08001e9d   Thumb Code   316  stm32f4xx_hal_adc.o(i.HAL_ADC_IRQHandler)
    HAL_ADC_Init                             0x08001fd9   Thumb Code    84  stm32f4xx_hal_adc.o(i.HAL_ADC_Init)
    HAL_ADC_LevelOutOfWindowCallback         0x0800202d   Thumb Code     2  stm32f4xx_hal_adc.o(i.HAL_ADC_LevelOutOfWindowCallback)
    HAL_ADC_MspInit                          0x08002031   Thumb Code   142  stm32f4xx_hal_msp.o(i.HAL_ADC_MspInit)
    HAL_ADC_Start_DMA                        0x080020d5   Thumb Code   230  stm32f4xx_hal_adc.o(i.HAL_ADC_Start_DMA)
    HAL_DMA_Abort_IT                         0x080021d9   Thumb Code    36  stm32f4xx_hal_dma.o(i.HAL_DMA_Abort_IT)
    HAL_DMA_IRQHandler                       0x080021fd   Thumb Code   412  stm32f4xx_hal_dma.o(i.HAL_DMA_IRQHandler)
    HAL_DMA_Init                             0x0800239d   Thumb Code   206  stm32f4xx_hal_dma.o(i.HAL_DMA_Init)
    HAL_DMA_Start_IT                         0x08002471   Thumb Code   120  stm32f4xx_hal_dma.o(i.HAL_DMA_Start_IT)
    HAL_GPIO_DeInit                          0x080024e9   Thumb Code   214  stm32f4xx_hal_gpio.o(i.HAL_GPIO_DeInit)
    HAL_GPIO_EXTI_Callback                   0x080025dd   Thumb Code     2  stm32f4xx_hal_gpio.o(i.HAL_GPIO_EXTI_Callback)
    HAL_GPIO_EXTI_IRQHandler                 0x080025e1   Thumb Code    18  stm32f4xx_hal_gpio.o(i.HAL_GPIO_EXTI_IRQHandler)
    HAL_GPIO_Init                            0x080025f9   Thumb Code   372  stm32f4xx_hal_gpio.o(i.HAL_GPIO_Init)
    HAL_GPIO_ReadPin                         0x0800278d   Thumb Code    10  stm32f4xx_hal_gpio.o(i.HAL_GPIO_ReadPin)
    HAL_GPIO_WritePin                        0x08002797   Thumb Code    10  stm32f4xx_hal_gpio.o(i.HAL_GPIO_WritePin)
    HAL_GetTick                              0x080027a1   Thumb Code     6  stm32f4xx_hal.o(i.HAL_GetTick)
    HAL_I2C_DeInit                           0x080027ad   Thumb Code    50  stm32f4xx_hal_i2c.o(i.HAL_I2C_DeInit)
    HAL_I2C_Init                             0x080027e1   Thumb Code   376  stm32f4xx_hal_i2c.o(i.HAL_I2C_Init)
    HAL_I2C_IsDeviceReady                    0x08002969   Thumb Code   356  stm32f4xx_hal_i2c.o(i.HAL_I2C_IsDeviceReady)
    HAL_I2C_Master_Receive                   0x08002ad5   Thumb Code   468  stm32f4xx_hal_i2c.o(i.HAL_I2C_Master_Receive)
    HAL_I2C_Master_SMBA_block_recieve        0x08002cb5   Thumb Code   634  stm32f4xx_hal_i2c.o(i.HAL_I2C_Master_SMBA_block_recieve)
    HAL_I2C_Master_Transmit                  0x08002f3d   Thumb Code   290  stm32f4xx_hal_i2c.o(i.HAL_I2C_Master_Transmit)
    HAL_I2C_MspDeInit                        0x08003069   Thumb Code    28  stm32f4xx_hal_msp.o(i.HAL_I2C_MspDeInit)
    HAL_I2C_MspInit                          0x08003091   Thumb Code    92  stm32f4xx_hal_msp.o(i.HAL_I2C_MspInit)
    HAL_IncTick                              0x080030f9   Thumb Code    12  stm32f4xx_hal.o(i.HAL_IncTick)
    HAL_Init                                 0x08003109   Thumb Code    48  stm32f4xx_hal.o(i.HAL_Init)
    HAL_InitTick                             0x0800313d   Thumb Code    54  stm32f4xx_hal.o(i.HAL_InitTick)
    HAL_MspInit                              0x0800317d   Thumb Code    42  stm32f4xx_hal_msp.o(i.HAL_MspInit)
    HAL_NVIC_EnableIRQ                       0x080031ad   Thumb Code    26  stm32f4xx_hal_cortex.o(i.HAL_NVIC_EnableIRQ)
    HAL_NVIC_SetPriority                     0x080031c9   Thumb Code    60  stm32f4xx_hal_cortex.o(i.HAL_NVIC_SetPriority)
    HAL_NVIC_SetPriorityGrouping             0x08003209   Thumb Code    26  stm32f4xx_hal_cortex.o(i.HAL_NVIC_SetPriorityGrouping)
    HAL_RCC_ClockConfig                      0x0800322d   Thumb Code   286  stm32f4xx_hal_rcc.o(i.HAL_RCC_ClockConfig)
    HAL_RCC_GetHCLKFreq                      0x0800335d   Thumb Code     6  stm32f4xx_hal_rcc.o(i.HAL_RCC_GetHCLKFreq)
    HAL_RCC_GetPCLK1Freq                     0x08003369   Thumb Code    20  stm32f4xx_hal_rcc.o(i.HAL_RCC_GetPCLK1Freq)
    HAL_RCC_GetPCLK2Freq                     0x08003389   Thumb Code    20  stm32f4xx_hal_rcc.o(i.HAL_RCC_GetPCLK2Freq)
    HAL_RCC_GetSysClockFreq                  0x080033a9   Thumb Code    66  stm32f4xx_hal_rcc.o(i.HAL_RCC_GetSysClockFreq)
    HAL_RCC_OscConfig                        0x080033f5   Thumb Code   766  stm32f4xx_hal_rcc.o(i.HAL_RCC_OscConfig)
    HAL_SPI_ErrorCallback                    0x08003709   Thumb Code     2  stm32f4xx_hal_spi.o(i.HAL_SPI_ErrorCallback)
    HAL_SPI_IRQHandler                       0x0800370d   Thumb Code   246  stm32f4xx_hal_spi.o(i.HAL_SPI_IRQHandler)
    HAL_SPI_Init                             0x08003809   Thumb Code   128  stm32f4xx_hal_spi.o(i.HAL_SPI_Init)
    HAL_SPI_MspInit                          0x08003889   Thumb Code   408  stm32f4xx_hal_msp.o(i.HAL_SPI_MspInit)
    HAL_SPI_TransmitReceive                  0x08003a49   Thumb Code   474  stm32f4xx_hal_spi.o(i.HAL_SPI_TransmitReceive)
    HAL_SYSTICK_CLKSourceConfig              0x08003c23   Thumb Code    24  stm32f4xx_hal_cortex.o(i.HAL_SYSTICK_CLKSourceConfig)
    HAL_SYSTICK_Config                       0x08003c3b   Thumb Code    40  stm32f4xx_hal_cortex.o(i.HAL_SYSTICK_Config)
    HAL_TIMEx_BreakCallback                  0x08003c63   Thumb Code     2  stm32f4xx_hal_tim_ex.o(i.HAL_TIMEx_BreakCallback)
    HAL_TIMEx_CommutCallback                 0x08003c65   Thumb Code     2  stm32f4xx_hal_tim_ex.o(i.HAL_TIMEx_CommutCallback)
    HAL_TIM_IC_CaptureCallback               0x08003c67   Thumb Code     2  stm32f4xx_hal_tim.o(i.HAL_TIM_IC_CaptureCallback)
    HAL_TIM_IRQHandler                       0x08003c69   Thumb Code   358  stm32f4xx_hal_tim.o(i.HAL_TIM_IRQHandler)
    HAL_TIM_OC_DelayElapsedCallback          0x08003dcf   Thumb Code     2  stm32f4xx_hal_tim.o(i.HAL_TIM_OC_DelayElapsedCallback)
    HAL_TIM_PWM_PulseFinishedCallback        0x08003dd1   Thumb Code     2  stm32f4xx_hal_tim.o(i.HAL_TIM_PWM_PulseFinishedCallback)
    HAL_TIM_PeriodElapsedCallback            0x08003dd3   Thumb Code     2  stm32f4xx_hal_tim.o(i.HAL_TIM_PeriodElapsedCallback)
    HAL_TIM_TriggerCallback                  0x08003dd5   Thumb Code     2  stm32f4xx_hal_tim.o(i.HAL_TIM_TriggerCallback)
    HAL_UART_ErrorCallback                   0x08003dd7   Thumb Code     2  stm32f4xx_hal_uart.o(i.HAL_UART_ErrorCallback)
    HAL_UART_GetState                        0x08003dd9   Thumb Code    10  stm32f4xx_hal_uart.o(i.HAL_UART_GetState)
    HAL_UART_IRQHandler                      0x08003de5   Thumb Code   266  stm32f4xx_hal_uart.o(i.HAL_UART_IRQHandler)
    HAL_UART_Init                            0x08003ef5   Thumb Code    98  stm32f4xx_hal_uart.o(i.HAL_UART_Init)
    HAL_UART_MspInit                         0x08003f59   Thumb Code   480  stm32f4xx_hal_msp.o(i.HAL_UART_MspInit)
    HAL_UART_Receive_IT                      0x08004169   Thumb Code    82  stm32f4xx_hal_uart.o(i.HAL_UART_Receive_IT)
    HAL_UART_RxCpltCallback                  0x080041bd   Thumb Code    58  main.o(i.HAL_UART_RxCpltCallback)
    HAL_UART_Transmit_DMA                    0x08004201   Thumb Code   116  stm32f4xx_hal_uart.o(i.HAL_UART_Transmit_DMA)
    HAL_UART_TxCpltCallback                  0x08004281   Thumb Code     2  stm32f4xx_hal_uart.o(i.HAL_UART_TxCpltCallback)
    HAL_UART_TxHalfCpltCallback              0x08004283   Thumb Code     2  stm32f4xx_hal_uart.o(i.HAL_UART_TxHalfCpltCallback)
    HardFault_Handler                        0x08004285   Thumb Code     2  stm32f4xx_it.o(i.HardFault_Handler)
    ID_recive                                0x08004641   Thumb Code   140  jtag_my.o(i.ID_recive)
    IINCHIP_CSoff                            0x080046dd   Thumb Code    10  w5200.o(i.IINCHIP_CSoff)
    IINCHIP_CSon                             0x080046ed   Thumb Code    10  w5200.o(i.IINCHIP_CSon)
    IINCHIP_READ                             0x080046fd   Thumb Code    48  w5200.o(i.IINCHIP_READ)
    IINCHIP_SpiSendData                      0x0800472d   Thumb Code     4  w5200.o(i.IINCHIP_SpiSendData)
    IINCHIP_WRITE                            0x08004731   Thumb Code    48  w5200.o(i.IINCHIP_WRITE)
    INIT_SERV_ARCHIV                         0x08004761   Thumb Code   110  w5200.o(i.INIT_SERV_ARCHIV)
    IO                                       0x080047d1   Thumb Code  3140  main.o(i.IO)
    JTAG_SCAN                                0x0800542d   Thumb Code   108  jtag_my.o(i.JTAG_SCAN)
    LED                                      0x080054a9   Thumb Code   340  main.o(i.LED)
    LED_DD33                                 0x0800560d   Thumb Code    12  main.o(i.LED_DD33)
    LED_DD38                                 0x08005619   Thumb Code    12  main.o(i.LED_DD38)
    LED_DD43                                 0x08005625   Thumb Code    12  main.o(i.LED_DD43)
    LED_DD44                                 0x08005631   Thumb Code    12  main.o(i.LED_DD44)
    MSG_SEND_UDP                             0x0800563d   Thumb Code    78  main.o(i.MSG_SEND_UDP)
    MSG_SHOW                                 0x08005695   Thumb Code   102  w5200.o(i.MSG_SHOW)
    MemManage_Handler                        0x08005a99   Thumb Code     2  stm32f4xx_it.o(i.MemManage_Handler)
    Menu1                                    0x08005a9d   Thumb Code   270  main.o(i.Menu1)
    NMI_Handler                              0x08005e7d   Thumb Code     2  stm32f4xx_it.o(i.NMI_Handler)
    PRINT_SERV                               0x08005e81   Thumb Code    74  main.o(i.PRINT_SERV)
    PendSV_Handler                           0x08005edd   Thumb Code     2  stm32f4xx_it.o(i.PendSV_Handler)
    RECEIVE_udp                              0x08005ee1   Thumb Code   176  w5200.o(i.RECEIVE_udp)
    REF_SFP_CONTROL                          0x08005fe1   Thumb Code   194  main.o(i.REF_SFP_CONTROL)
    REQ_VERSIYA                              0x08006155   Thumb Code    54  main.o(i.REQ_VERSIYA)
    RUN_TEST_IDLE                            0x080061dd   Thumb Code    66  jtag_my.o(i.RUN_TEST_IDLE)
    SCAN_N                                   0x08006225   Thumb Code   144  jtag_my.o(i.SCAN_N)
    SEND_UDP_MSG                             0x080062b9   Thumb Code    68  w5200.o(i.SEND_UDP_MSG)
    SEND_udp                                 0x08006309   Thumb Code   156  w5200.o(i.SEND_udp)
    SERV_ID_DEL                              0x0800640d   Thumb Code    42  w5200.o(i.SERV_ID_DEL)
    SERV_ID_WR                               0x08006439   Thumb Code   292  w5200.o(i.SERV_ID_WR)
    SERV_WR                                  0x08006591   Thumb Code    28  w5200.o(i.SERV_WR)
    SPI5_IRQHandler                          0x080065ad   Thumb Code     6  stm32f4xx_it.o(i.SPI5_IRQHandler)
    STATUS_ID                                0x080066b5   Thumb Code   136  w5200.o(i.STATUS_ID)
    SVC_Handler                              0x08006785   Thumb Code     2  stm32f4xx_it.o(i.SVC_Handler)
    SYS_CMD_MSG                              0x08006789   Thumb Code   132  w5200.o(i.SYS_CMD_MSG)
    SYS_INFO_SEND_UDP                        0x0800682d   Thumb Code    48  main.o(i.SYS_INFO_SEND_UDP)
    Set_network                              0x08006869   Thumb Code   480  w5200.o(i.Set_network)
    Shift_DR                                 0x08006b49   Thumb Code   148  jtag_my.o(i.Shift_DR)
    Shift_IR                                 0x08006be1   Thumb Code   180  jtag_my.o(i.Shift_IR)
    SysTick_Handler                          0x08006c99   Thumb Code   152  stm32f4xx_it.o(i.SysTick_Handler)
    SystemClock_Config                       0x08006d61   Thumb Code   156  main.o(i.SystemClock_Config)
    SystemInit                               0x08006e05   Thumb Code    66  system_stm32f4xx.o(i.SystemInit)
    TIM4_IRQHandler                          0x08006e59   Thumb Code     6  stm32f4xx_it.o(i.TIM4_IRQHandler)
    TLR                                      0x08006e65   Thumb Code    60  jtag_my.o(i.TLR)
    TST                                      0x08006ea5   Thumb Code    62  adiv5_jtagdp.o(i.TST)
    TX_MSG_BUFF                              0x08006ef1   Thumb Code   720  w5200.o(i.TX_MSG_BUFF)
    Transf                                   0x0800721d   Thumb Code    62  main.o(i.Transf)
    Transf2                                  0x08007265   Thumb Code    60  main.o(i.Transf2)
    UART_CNTR                                0x080072a9   Thumb Code    38  main.o(i.UART_CNTR)
    UART_DMA_TX                              0x08007369   Thumb Code    54  main.o(i.UART_DMA_TX)
    UART_DMA_TX2                             0x080073a9   Thumb Code    76  main.o(i.UART_DMA_TX2)
    UART_conrol                              0x080077d9   Thumb Code    68  main.o(i.UART_conrol)
    USART1_IRQHandler                        0x08007825   Thumb Code     6  stm32f4xx_it.o(i.USART1_IRQHandler)
    USART2_IRQHandler                        0x08007831   Thumb Code     6  stm32f4xx_it.o(i.USART2_IRQHandler)
    USART6_IRQHandler                        0x0800783d   Thumb Code     6  stm32f4xx_it.o(i.USART6_IRQHandler)
    Update_IR                                0x08007849   Thumb Code    52  jtag_my.o(i.Update_IR)
    UsageFault_Handler                       0x08007881   Thumb Code     2  stm32f4xx_it.o(i.UsageFault_Handler)
    WATCH_DOG                                0x08007885   Thumb Code    24  main.o(i.WATCH_DOG)
    __0sprintf                               0x080078a5   Thumb Code    34  printfa.o(i.__0sprintf)
    __1sprintf                               0x080078a5   Thumb Code     0  printfa.o(i.__0sprintf)
    __2sprintf                               0x080078a5   Thumb Code     0  printfa.o(i.__0sprintf)
    __c89sprintf                             0x080078a5   Thumb Code     0  printfa.o(i.__0sprintf)
    sprintf                                  0x080078a5   Thumb Code     0  printfa.o(i.__0sprintf)
    __aeabi_errno_addr                       0x080078ed   Thumb Code     4  errno.o(i.__aeabi_errno_addr)
    __rt_errno_addr                          0x080078ed   Thumb Code     0  errno.o(i.__aeabi_errno_addr)
    __scatterload_copy                       0x080078f5   Thumb Code    14  handlers.o(i.__scatterload_copy)
    __scatterload_null                       0x08007903   Thumb Code     2  handlers.o(i.__scatterload_null)
    __scatterload_zeroinit                   0x08007905   Thumb Code    14  handlers.o(i.__scatterload_zeroinit)
    clearSUBR                                0x080081b1   Thumb Code    38  w5200.o(i.clearSUBR)
    close                                    0x080081d9   Thumb Code    68  w5200.o(i.close)
    f_out                                    0x08008229   Thumb Code    58  main.o(i.f_out)
    fw_adiv5_jtagdp_low_access               0x08008275   Thumb Code    98  adiv5_jtagdp.o(i.fw_adiv5_jtagdp_low_access)
    fw_adiv5_jtagdp_read                     0x080082dd   Thumb Code    30  adiv5_jtagdp.o(i.fw_adiv5_jtagdp_read)
    getGAR                                   0x080082fb   Thumb Code    38  w5200.o(i.getGAR)
    getSIPR                                  0x08008321   Thumb Code    38  w5200.o(i.getSIPR)
    getSUBR                                  0x08008349   Thumb Code    20  w5200.o(i.getSUBR)
    getSn_RX_RSR                             0x08008361   Thumb Code    74  w5200.o(i.getSn_RX_RSR)
    getSn_SR                                 0x080083ab   Thumb Code    14  w5200.o(i.getSn_SR)
    getchar1                                 0x080083b9   Thumb Code    38  main.o(i.getchar1)
    gpio_clear                               0x080083e9   Thumb Code    44  jtagtap.o(i.gpio_clear)
    gpio_set                                 0x08008419   Thumb Code    38  jtagtap.o(i.gpio_set)
    idx_srv                                  0x08008445   Thumb Code    16  main.o(i.idx_srv)
    iinchip_init                             0x08008455   Thumb Code    18  w5200.o(i.iinchip_init)
    jtag_dev_shift_dr                        0x08008475   Thumb Code   100  jtag_scan.o(i.jtag_dev_shift_dr)
    jtag_dev_write_ir                        0x080084e1   Thumb Code   102  jtag_scan.o(i.jtag_dev_write_ir)
    jtag_scan                                0x08008559   Thumb Code   848  jtag_scan.o(i.jtag_scan)
    jtagtap_init                             0x08008acd   Thumb Code    36  jtagtap.o(i.jtagtap_init)
    leng                                     0x08008cdf   Thumb Code    22  main.o(i.leng)
    main                                     0x08008cf5   Thumb Code   774  main.o(i.main)
    read_data                                0x08009071   Thumb Code    86  w5200.o(i.read_data)
    recvfrom                                 0x080090cd   Thumb Code   350  w5200.o(i.recvfrom)
    saveSUBR                                 0x0800922d   Thumb Code    20  w5200.o(i.saveSUBR)
    send_data_processing                     0x08009245   Thumb Code    84  w5200.o(i.send_data_processing)
    sendto                                   0x08009299   Thumb Code   246  w5200.o(i.sendto)
    setGAR                                   0x08009395   Thumb Code    40  w5200.o(i.setGAR)
    setMR                                    0x080093bd   Thumb Code    22  w5200.o(i.setMR)
    setRCR                                   0x080093dd   Thumb Code     8  w5200.o(i.setRCR)
    setRTR                                   0x080093e5   Thumb Code    24  w5200.o(i.setRTR)
    setSHAR                                  0x080093fd   Thumb Code    56  w5200.o(i.setSHAR)
    setSIPR                                  0x08009435   Thumb Code    40  w5200.o(i.setSIPR)
    setSUBR                                  0x0800945d   Thumb Code    40  w5200.o(i.setSUBR)
    socket                                   0x08009489   Thumb Code   160  w5200.o(i.socket)
    spi4send8                                0x0800953d   Thumb Code    30  main.o(i.spi4send8)
    spi5send8                                0x08009561   Thumb Code    30  main.o(i.spi5send8)
    sysinit                                  0x08009585   Thumb Code   362  w5200.o(i.sysinit)
    u_out                                    0x080096f5   Thumb Code    34  main.o(i.u_out)
    un64_out                                 0x08009725   Thumb Code    52  main.o(i.un64_out)
    un_out                                   0x08009761   Thumb Code    28  main.o(i.un_out)
    wait_10ms                                0x08009785   Thumb Code    24  w5200.o(i.wait_10ms)
    wiz_read_buf                             0x0800979d   Thumb Code    70  w5200.o(i.wiz_read_buf)
    wiz_write_buf                            0x080097e3   Thumb Code    80  w5200.o(i.wiz_write_buf)
    write_data                               0x08009835   Thumb Code    86  w5200.o(i.write_data)
    x_out                                    0x08009891   Thumb Code    34  main.o(i.x_out)
    xn_out                                   0x080098c1   Thumb Code    28  main.o(i.xn_out)
    xun_out                                  0x080098e5   Thumb Code    98  main.o(i.xun_out)
    dev_descr                                0x08009960   Data         304  jtag_devs.o(.constdata)
    AHBPrescTable                            0x08009a98   Data          16  system_stm32f4xx.o(.constdata)
    APBPrescTable                            0x08009aa8   Data           8  system_stm32f4xx.o(.constdata)
    __ctype_table                            0x08009ab0   Data         129  ctype_o.o(.constdata)
    Region$$Table$$Base                      0x08009dbc   Number         0  anon$$obj.o(Region$$Table)
    Region$$Table$$Limit                     0x08009ddc   Number         0  anon$$obj.o(Region$$Table)
    EVENT_INT1                               0x20000000   Data           1  main.o(.data)
    EVENT_INT3                               0x20000001   Data           1  main.o(.data)
    FLAG_TIME_OF_WORK_WRITE                  0x20000002   Data           1  main.o(.data)
    FLAG_ASQ_TEST_485                        0x20000003   Data           1  main.o(.data)
    FLAG_ASQ_TEST_JTAG                       0x20000004   Data           1  main.o(.data)
    FLAG_ASQ_TEST_SPI                        0x20000005   Data           1  main.o(.data)
    SCH_TST1                                 0x20000006   Data           1  main.o(.data)
    FLAG_ADRES_SENDER_CMD                    0x20000007   Data           1  main.o(.data)
    START_BP                                 0x20000008   Data           1  main.o(.data)
    FLAG_WDG                                 0x20000009   Data           1  main.o(.data)
    RX_uBUF                                  0x2000000a   Data           1  main.o(.data)
    flag_pachka_TXT                          0x2000000b   Data           1  main.o(.data)
    rx_buffer_overflow1                      0x2000000c   Data           1  main.o(.data)
    flag_pachka_TXT2                         0x2000000d   Data           1  main.o(.data)
    Adress                                   0x2000000e   Data           1  main.o(.data)
    crc_ok                                   0x2000000f   Data           1  main.o(.data)
    packet_ok                                0x20000010   Data           1  main.o(.data)
    packet_flag                              0x20000011   Data           1  main.o(.data)
    data_flag                                0x20000012   Data           1  main.o(.data)
    data_flag2                               0x20000013   Data           1  main.o(.data)
    FLAG_lenght                              0x20000014   Data           1  main.o(.data)
    FLAG_DATA                                0x20000015   Data           1  main.o(.data)
    FLAG_CW                                  0x20000016   Data           1  main.o(.data)
    PORT_my                                  0x20000018   Data           2  main.o(.data)
    text_lengh                               0x2000001a   Data           2  main.o(.data)
    text_lengh2                              0x2000001c   Data           2  main.o(.data)
    lenght                                   0x2000001e   Data           2  main.o(.data)
    SCH_LENGHT_PACKET                        0x20000020   Data           2  main.o(.data)
    IP_my                                    0x20000024   Data           4  main.o(.data)
    TEST_LED                                 0x20000028   Data           4  main.o(.data)
    FLAG_T1HZ_MK                             0x2000002c   Data           4  main.o(.data)
    TIMER_T1HZ_MK                            0x20000030   Data           4  main.o(.data)
    TIME_OF_SECOND                           0x20000034   Data           4  main.o(.data)
    TIME_OF_WORK                             0x20000038   Data           4  main.o(.data)
    TIMER_TIMEOUT                            0x2000003c   Data           4  main.o(.data)
    crc_input                                0x20000040   Data           4  main.o(.data)
    crc_comp                                 0x20000044   Data           4  main.o(.data)
    adc_cntl                                 0x20000048   Data           4  main.o(.data)
    TIMER1                                   0x2000004c   Data           4  main.o(.data)
    SysTickDelay                             0x20000050   Data           4  main.o(.data)
    FLAG_T1                                  0x20000054   Data           4  main.o(.data)
    FLAG_T2                                  0x20000058   Data           4  main.o(.data)
    timer_DMA2                               0x2000005c   Data           4  main.o(.data)
    rx_wr_index1                             0x20000060   Data           4  main.o(.data)
    rx_rd_index1                             0x20000064   Data           4  main.o(.data)
    rx_counter1                              0x20000068   Data           4  main.o(.data)
    timer_DMA1_Stream6                       0x2000006c   Data           4  main.o(.data)
    rx_rd_index2                             0x20000070   Data           4  main.o(.data)
    rx_counter2                              0x20000074   Data           4  main.o(.data)
    index1                                   0x20000078   Data           4  main.o(.data)
    indexZ                                   0x2000007c   Data           4  main.o(.data)
    index_word                               0x20000080   Data           4  main.o(.data)
    index_data_word                          0x20000084   Data           4  main.o(.data)
    index_data_word2                         0x20000088   Data           4  main.o(.data)
    lenght_data                              0x2000008c   Data           4  main.o(.data)
    sch_lenght_data                          0x20000090   Data           4  main.o(.data)
    time_uart                                0x20000094   Data           4  main.o(.data)
    D_TEMP                                   0x20000098   Data           4  main.o(.data)
    STM32_VERSION                            0x200000a0   Data           8  main.o(.data)
    TIME_SYS                                 0x200000a8   Data           8  main.o(.data)
    ADRES_SENDER_CMD                         0x200000b0   Data           8  main.o(.data)
    POINTER_TEST_485_REQ                     0x200000b8   Data           8  main.o(.data)
    POINTER_TEST_485                         0x200000c0   Data           8  main.o(.data)
    POINTER_TEST_SPI                         0x200000c8   Data           8  main.o(.data)
    POINTER_TEST_JTAG_REQ                    0x200000d0   Data           8  main.o(.data)
    POINTER_TEST_JTAG                        0x200000d8   Data           8  main.o(.data)
    POINTER_ADR_COLLECT                      0x200000e0   Data           8  main.o(.data)
    ADR_SLAVE                                0x200000e8   Data           8  main.o(.data)
    EVENT_INT0                               0x200000f0   Data           1  main.o(.data)
    EVENT_INT6                               0x200000f1   Data           1  main.o(.data)
    FLAG_DMA_ADC                             0x200000f2   Data           1  main.o(.data)
    TIME_TEST                                0x200000f4   Data           4  main.o(.data)
    ID_CMD                                   0x200000f8   Data           4  main.o(.data)
    TIMER_LED                                0x200000fc   Data           4  main.o(.data)
    TIMER_CONTROL_SYS                        0x20000100   Data           4  main.o(.data)
    TIMER_BP_PWM                             0x20000104   Data           4  main.o(.data)
    EVENT_INT12                              0x20000108   Data           1  main.o(.data)
    flag_RX_UDP                              0x2000010c   Data           1  w5200.o(.data)
    Enable_DHCP                              0x2000010d   Data           1  w5200.o(.data)
    FLAG_UDP_INSTALL                         0x2000010e   Data           1  w5200.o(.data)
    sch_tx_packet                            0x20000110   Data           2  w5200.o(.data)
    SERVER_DEST_PORT                         0x20000112   Data           2  w5200.o(.data)
    Dest_PORT                                0x20000114   Data           2  w5200.o(.data)
    txsize                                   0x20000116   Data           2  w5200.o(.data)
    rxsize                                   0x20000118   Data           2  w5200.o(.data)
    destport_UDP                             0x2000011a   Data           2  w5200.o(.data)
    FLAG_UDP_EVENT                           0x2000011c   Data           2  w5200.o(.data)
    windowfull_retry_cnt                     0x20000122   Data           2  w5200.o(.data)
    TX_BUF_LENGTH                            0x20000124   Data           4  w5200.o(.data)
    lsr_razmer                               0x20000128   Data           4  w5200.o(.data)
    IP                                       0x2000012c   Data           4  w5200.o(.data)
    GateWay                                  0x20000130   Data           4  w5200.o(.data)
    SubNet                                   0x20000134   Data           4  w5200.o(.data)
    Dest_IP                                  0x20000138   Data           4  w5200.o(.data)
    destip_UDP                               0x2000013c   Data           4  w5200.o(.data)
    Msg_uniq_id                              0x20000140   Data           4  w5200.o(.data)
    my_time                                  0x20000144   Data           4  w5200.o(.data)
    sch_packet_UDP_reciv                     0x20000148   Data           4  w5200.o(.data)
    MAC                                      0x20000168   Data           6  w5200.o(.data)
    Chconfig_Type_Def                        0x2000016e   Data           6  w5200.o(.data)
    jtag_dev_count                           0x20000174   Data           4  jtag_scan.o(.data)
    uwTickFreq                               0x20000178   Data           1  stm32f4xx_hal.o(.data)
    uwTickPrio                               0x2000017c   Data           4  stm32f4xx_hal.o(.data)
    uwTick                                   0x20000180   Data           4  stm32f4xx_hal.o(.data)
    SystemCoreClock                          0x20000184   Data           4  system_stm32f4xx.o(.data)
    sConfigOC                                0x20000190   Data          28  main.o(.bss)
    hadc1                                    0x200001ac   Data          72  main.o(.bss)
    hi2c1                                    0x200001f4   Data          84  main.o(.bss)
    hspi1                                    0x20000248   Data          88  main.o(.bss)
    hspi3                                    0x200002a0   Data          88  main.o(.bss)
    hspi4                                    0x200002f8   Data          88  main.o(.bss)
    hspi5                                    0x20000350   Data          88  main.o(.bss)
    huart1                                   0x200003a8   Data          64  main.o(.bss)
    huart2                                   0x200003e8   Data          64  main.o(.bss)
    htim4                                    0x20000428   Data          64  main.o(.bss)
    adcBuffer                                0x20000468   Data          10  main.o(.bss)
    adc_ch                                   0x20000474   Data          48  main.o(.bss)
    text_buffer                              0x200004a4   Data        8192  main.o(.bss)
    rx_buffer1                               0x200024a4   Data          64  main.o(.bss)
    text_buffer2                             0x200024e4   Data        1024  main.o(.bss)
    rx_buffer2                               0x200028e4   Data          64  main.o(.bss)
    sr                                       0x20002924   Data         201  main.o(.bss)
    strng                                    0x200029ed   Data          32  main.o(.bss)
    InOut                                    0x20002a0d   Data         201  main.o(.bss)
    Word                                     0x20002ad6   Data          32  main.o(.bss)
    DATA_Word                                0x20002af6   Data         200  main.o(.bss)
    DATA_Word2                               0x20002bbe   Data         200  main.o(.bss)
    B077                                     0x20002c88   Data          48  main.o(.bss)
    PNT                                      0x20002cb8   Data         128  main.o(.bss)
    INVOICE                                  0x20002d38   Data       11360  main.o(.bss)
    SERV1                                    0x20005998   Data        4136  main.o(.bss)
    ID_SERV1                                 0x200069c0   Data        1192  main.o(.bss)
    ADDR_SNDR                                0x20006e68   Data          24  main.o(.bss)
    DATA_TR                                  0x20006e80   Data          37  main.o(.bss)
    hdma_adc1                                0x20006ea8   Data          96  main.o(.bss)
    huart6                                   0x20006f08   Data          64  main.o(.bss)
    hdma_usart1_tx                           0x20006f48   Data          96  main.o(.bss)
    hdma_usart2_tx                           0x20006fa8   Data          96  main.o(.bss)
    hdma_usart6_tx                           0x20007008   Data          96  main.o(.bss)
    hdma_usart6_rx                           0x20007068   Data          96  main.o(.bss)
    FRM1                                     0x200070c8   Data       11360  main.o(.bss)
    TX_BUF                                   0x20009d28   Data        2048  w5200.o(.bss)
    RX_BUF                                   0x2000a528   Data        2048  w5200.o(.bss)
    Config_Msg                               0x2000ad28   Data          23  w5200.o(.bss)
    jtag_devs                                0x2000ad40   Data         660  jtag_scan.o(.bss)
    jtag_proc                                0x2000afd4   Data          20  jtagtap.o(.bss)
    __initial_sp                             0x2000cfe8   Data           0  startup_stm32f411xe.o(STACK)



==============================================================================

Memory Map of the image

  Image Entry point : 0x08000199

  Load Region LR_IROM1 (Base: 0x08000000, Size: 0x00009f68, Max: 0x00080000, ABSOLUTE, COMPRESSED[0x00009e0c])

    Execution Region ER_IROM1 (Base: 0x08000000, Size: 0x00009ddc, Max: 0x00080000, ABSOLUTE)

    Base Addr    Size         Type   Attr      Idx    E Section Name        Object

    0x08000000   0x00000198   Data   RO            3    RESET               startup_stm32f411xe.o
    0x08000198   0x00000000   Code   RO         5429  * .ARM.Collect$$$$00000000  mc_w.l(entry.o)
    0x08000198   0x00000004   Code   RO         5760    .ARM.Collect$$$$00000001  mc_w.l(entry2.o)
    0x0800019c   0x00000004   Code   RO         5763    .ARM.Collect$$$$00000004  mc_w.l(entry5.o)
    0x080001a0   0x00000000   Code   RO         5765    .ARM.Collect$$$$00000008  mc_w.l(entry7b.o)
    0x080001a0   0x00000000   Code   RO         5767    .ARM.Collect$$$$0000000A  mc_w.l(entry8b.o)
    0x080001a0   0x00000008   Code   RO         5768    .ARM.Collect$$$$0000000B  mc_w.l(entry9a.o)
    0x080001a8   0x00000000   Code   RO         5770    .ARM.Collect$$$$0000000D  mc_w.l(entry10a.o)
    0x080001a8   0x00000000   Code   RO         5772    .ARM.Collect$$$$0000000F  mc_w.l(entry11a.o)
    0x080001a8   0x00000004   Code   RO         5761    .ARM.Collect$$$$00002712  mc_w.l(entry2.o)
    0x080001ac   0x00000024   Code   RO            4    .text               startup_stm32f411xe.o
    0x080001d0   0x00000062   Code   RO         5432    .text               mc_w.l(uldiv.o)
    0x08000232   0x00000020   Code   RO         5434    .text               mc_w.l(llushr.o)
    0x08000252   0x00000024   Code   RO         5438    .text               mc_w.l(memseta.o)
    0x08000276   0x0000000e   Code   RO         5440    .text               mc_w.l(strlen.o)
    0x08000284   0x0000001c   Code   RO         5442    .text               mc_w.l(strcmp.o)
    0x080002a0   0x0000001a   Code   RO         5705    .text               mc_w.l(atoi.o)
    0x080002ba   0x0000014e   Code   RO         5707    .text               mf_w.l(dadd.o)
    0x08000408   0x000000e4   Code   RO         5709    .text               mf_w.l(dmul.o)
    0x080004ec   0x000000de   Code   RO         5711    .text               mf_w.l(ddiv.o)
    0x080005ca   0x0000001a   Code   RO         5715    .text               mf_w.l(dfltui.o)
    0x080005e4   0x00000026   Code   RO         5717    .text               mf_w.l(f2d.o)
    0x0800060a   0x00000038   Code   RO         5719    .text               mf_w.l(d2f.o)
    0x08000642   0x0000002c   Code   RO         5777    .text               mc_w.l(uidiv.o)
    0x0800066e   0x0000001e   Code   RO         5779    .text               mc_w.l(llshl.o)
    0x0800068c   0x00000024   Code   RO         5781    .text               mc_w.l(llsshr.o)
    0x080006b0   0x00000070   Code   RO         5790    .text               mc_w.l(strtol.o)
    0x08000720   0x00000000   Code   RO         5792    .text               mc_w.l(iusefp.o)
    0x08000720   0x0000006e   Code   RO         5793    .text               mf_w.l(fepilogue.o)
    0x0800078e   0x000000ba   Code   RO         5795    .text               mf_w.l(depilogue.o)
    0x08000848   0x00000030   Code   RO         5803    .text               mf_w.l(dfixul.o)
    0x08000878   0x00000030   Code   RO         5807    .text               mf_w.l(cdrcmple.o)
    0x080008a8   0x00000024   Code   RO         5809    .text               mc_w.l(init.o)
    0x080008cc   0x00000008   Code   RO         5812    .text               mc_w.l(ctype_o.o)
    0x080008d4   0x0000009e   Code   RO         5840    .text               mc_w.l(_strtoul.o)
    0x08000972   0x0000001c   Code   RO         5845    .text               mc_w.l(_chval.o)
    0x0800098e   0x00000056   Code   RO         5855    .text               mc_w.l(__dczerorl2.o)
    0x080009e4   0x0000006e   Code   RO         1855    i.ADC_DMAConvCplt   stm32f4xx_hal_adc.o
    0x08000a52   0x00000016   Code   RO         1856    i.ADC_DMAError      stm32f4xx_hal_adc.o
    0x08000a68   0x0000000a   Code   RO         1857    i.ADC_DMAHalfConvCplt  stm32f4xx_hal_adc.o
    0x08000a72   0x00000002   PAD
    0x08000a74   0x00000018   Code   RO          750    i.ADC_IRQHandler    stm32f4xx_it.o
    0x08000a8c   0x00000128   Code   RO         1858    i.ADC_Init          stm32f4xx_hal_adc.o
    0x08000bb4   0x00000048   Code   RO           13    i.ADC_Temp          main.o
    0x08000bfc   0x000001e0   Code   RO           14    i.ADC_test          main.o
    0x08000ddc   0x00000080   Code   RO         1013    i.ADR_FINDER        w5200.o
    0x08000e5c   0x00000018   Code   RO           16    i.ARRAY_DATA        main.o
    0x08000e74   0x0000007c   Code   RO           17    i.ARR_Z             main.o
    0x08000ef0   0x00000094   Code   RO           18    i.BUS_485_TEST      main.o
    0x08000f84   0x00000002   Code   RO          751    i.BusFault_Handler  stm32f4xx_it.o
    0x08000f86   0x00000002   PAD
    0x08000f88   0x00000370   Code   RO           19    i.CMD_search        main.o
    0x080012f8   0x0000004c   Code   RO           22    i.CONTROL_T1HZ_MK   main.o
    0x08001344   0x00000240   Code   RO           23    i.DISPATCHER        main.o
    0x08001584   0x00000014   Code   RO          752    i.DMA1_Stream6_IRQHandler  stm32f4xx_it.o
    0x08001598   0x0000000c   Code   RO          753    i.DMA2_Stream0_IRQHandler  stm32f4xx_it.o
    0x080015a4   0x0000000c   Code   RO          754    i.DMA2_Stream1_IRQHandler  stm32f4xx_it.o
    0x080015b0   0x0000000c   Code   RO          755    i.DMA2_Stream6_IRQHandler  stm32f4xx_it.o
    0x080015bc   0x00000014   Code   RO          756    i.DMA2_Stream7_IRQHandler  stm32f4xx_it.o
    0x080015d0   0x00000028   Code   RO         4682    i.DMA_CalcBaseAndBitshift  stm32f4xx_hal_dma.o
    0x080015f8   0x00000054   Code   RO         4683    i.DMA_CheckFifoParam  stm32f4xx_hal_dma.o
    0x0800164c   0x00000028   Code   RO         4684    i.DMA_SetConfig     stm32f4xx_hal_dma.o
    0x08001674   0x00000040   Code   RO           25    i.DS4306_read       main.o
    0x080016b4   0x00000038   Code   RO           26    i.DS4306_write      main.o
    0x080016ec   0x0000004c   Code   RO           27    i.DS4520_read       main.o
    0x08001738   0x00000002   Code   RO          757    i.DebugMon_Handler  stm32f4xx_it.o
    0x0800173a   0x00000002   PAD
    0x0800173c   0x00000010   Code   RO           28    i.Delay             main.o
    0x0800174c   0x0000000e   Code   RO         1014    i.Delay_ms          w5200.o
    0x0800175a   0x00000002   PAD
    0x0800175c   0x00000080   Code   RO         1016    i.ERROR_CMD_MSG     w5200.o
    0x080017dc   0x00000014   Code   RO          758    i.EXTI0_IRQHandler  stm32f4xx_it.o
    0x080017f0   0x00000018   Code   RO          759    i.EXTI15_10_IRQHandler  stm32f4xx_it.o
    0x08001808   0x00000014   Code   RO          760    i.EXTI1_IRQHandler  stm32f4xx_it.o
    0x0800181c   0x00000014   Code   RO          761    i.EXTI3_IRQHandler  stm32f4xx_it.o
    0x08001830   0x00000014   Code   RO          762    i.EXTI9_5_IRQHandler  stm32f4xx_it.o
    0x08001844   0x00000002   Code   RO           29    i.Error_Handler     main.o
    0x08001846   0x00000002   PAD
    0x08001848   0x00000038   Code   RO         1760    i.Exit1_IR          jtag_my.o
    0x08001880   0x00000012   Code   RO           30    i.FLAG_DWN          main.o
    0x08001892   0x0000011c   Code   RO           32    i.FPGA_wSPI         main.o
    0x080019ae   0x00000002   PAD
    0x080019b0   0x00000280   Code   RO         1017    i.FRAME_DECODE      w5200.o
    0x08001c30   0x00000020   Code   RO           33    i.FTIME_OF_WORK     main.o
    0x08001c50   0x00000078   Code   RO           34    i.FUNC_FLAG_UP      main.o
    0x08001cc8   0x00000058   Code   RO         1761    i.GET_DATA          jtag_my.o
    0x08001d20   0x00000002   Code   RO         2029    i.HAL_ADCEx_InjectedConvCpltCallback  stm32f4xx_hal_adc_ex.o
    0x08001d22   0x00000002   PAD
    0x08001d24   0x00000164   Code   RO         1860    i.HAL_ADC_ConfigChannel  stm32f4xx_hal_adc.o
    0x08001e88   0x00000010   Code   RO           35    i.HAL_ADC_ConvCpltCallback  main.o
    0x08001e98   0x00000002   Code   RO         1862    i.HAL_ADC_ConvHalfCpltCallback  stm32f4xx_hal_adc.o
    0x08001e9a   0x00000002   Code   RO         1864    i.HAL_ADC_ErrorCallback  stm32f4xx_hal_adc.o
    0x08001e9c   0x0000013c   Code   RO         1868    i.HAL_ADC_IRQHandler  stm32f4xx_hal_adc.o
    0x08001fd8   0x00000054   Code   RO         1869    i.HAL_ADC_Init      stm32f4xx_hal_adc.o
    0x0800202c   0x00000002   Code   RO         1870    i.HAL_ADC_LevelOutOfWindowCallback  stm32f4xx_hal_adc.o
    0x0800202e   0x00000002   PAD
    0x08002030   0x000000a4   Code   RO          923    i.HAL_ADC_MspInit   stm32f4xx_hal_msp.o
    0x080020d4   0x00000104   Code   RO         1876    i.HAL_ADC_Start_DMA  stm32f4xx_hal_adc.o
    0x080021d8   0x00000024   Code   RO         4686    i.HAL_DMA_Abort_IT  stm32f4xx_hal_dma.o
    0x080021fc   0x000001a0   Code   RO         4690    i.HAL_DMA_IRQHandler  stm32f4xx_hal_dma.o
    0x0800239c   0x000000d4   Code   RO         4691    i.HAL_DMA_Init      stm32f4xx_hal_dma.o
    0x08002470   0x00000078   Code   RO         4695    i.HAL_DMA_Start_IT  stm32f4xx_hal_dma.o
    0x080024e8   0x000000f4   Code   RO         4575    i.HAL_GPIO_DeInit   stm32f4xx_hal_gpio.o
    0x080025dc   0x00000002   Code   RO         4576    i.HAL_GPIO_EXTI_Callback  stm32f4xx_hal_gpio.o
    0x080025de   0x00000002   PAD
    0x080025e0   0x00000018   Code   RO         4577    i.HAL_GPIO_EXTI_IRQHandler  stm32f4xx_hal_gpio.o
    0x080025f8   0x00000194   Code   RO         4578    i.HAL_GPIO_Init     stm32f4xx_hal_gpio.o
    0x0800278c   0x0000000a   Code   RO         4580    i.HAL_GPIO_ReadPin  stm32f4xx_hal_gpio.o
    0x08002796   0x0000000a   Code   RO         4582    i.HAL_GPIO_WritePin  stm32f4xx_hal_gpio.o
    0x080027a0   0x0000000c   Code   RO         5134    i.HAL_GetTick       stm32f4xx_hal.o
    0x080027ac   0x00000032   Code   RO         2132    i.HAL_I2C_DeInit    stm32f4xx_hal_i2c.o
    0x080027de   0x00000002   PAD
    0x080027e0   0x00000188   Code   RO         2141    i.HAL_I2C_Init      stm32f4xx_hal_i2c.o
    0x08002968   0x0000016c   Code   RO         2142    i.HAL_I2C_IsDeviceReady  stm32f4xx_hal_i2c.o
    0x08002ad4   0x000001e0   Code   RO         2147    i.HAL_I2C_Master_Receive  stm32f4xx_hal_i2c.o
    0x08002cb4   0x00000288   Code   RO         2150    i.HAL_I2C_Master_SMBA_block_recieve  stm32f4xx_hal_i2c.o
    0x08002f3c   0x0000012c   Code   RO         2155    i.HAL_I2C_Master_Transmit  stm32f4xx_hal_i2c.o
    0x08003068   0x00000028   Code   RO          924    i.HAL_I2C_MspDeInit  stm32f4xx_hal_msp.o
    0x08003090   0x00000068   Code   RO          925    i.HAL_I2C_MspInit   stm32f4xx_hal_msp.o
    0x080030f8   0x00000010   Code   RO         5140    i.HAL_IncTick       stm32f4xx_hal.o
    0x08003108   0x00000034   Code   RO         5141    i.HAL_Init          stm32f4xx_hal.o
    0x0800313c   0x00000040   Code   RO         5142    i.HAL_InitTick      stm32f4xx_hal.o
    0x0800317c   0x00000030   Code   RO          926    i.HAL_MspInit       stm32f4xx_hal_msp.o
    0x080031ac   0x0000001a   Code   RO         4991    i.HAL_NVIC_EnableIRQ  stm32f4xx_hal_cortex.o
    0x080031c6   0x00000002   PAD
    0x080031c8   0x00000040   Code   RO         4997    i.HAL_NVIC_SetPriority  stm32f4xx_hal_cortex.o
    0x08003208   0x00000024   Code   RO         4998    i.HAL_NVIC_SetPriorityGrouping  stm32f4xx_hal_cortex.o
    0x0800322c   0x00000130   Code   RO         4170    i.HAL_RCC_ClockConfig  stm32f4xx_hal_rcc.o
    0x0800335c   0x0000000c   Code   RO         4175    i.HAL_RCC_GetHCLKFreq  stm32f4xx_hal_rcc.o
    0x08003368   0x00000020   Code   RO         4177    i.HAL_RCC_GetPCLK1Freq  stm32f4xx_hal_rcc.o
    0x08003388   0x00000020   Code   RO         4178    i.HAL_RCC_GetPCLK2Freq  stm32f4xx_hal_rcc.o
    0x080033a8   0x0000004c   Code   RO         4179    i.HAL_RCC_GetSysClockFreq  stm32f4xx_hal_rcc.o
    0x080033f4   0x00000314   Code   RO         4182    i.HAL_RCC_OscConfig  stm32f4xx_hal_rcc.o
    0x08003708   0x00000002   Code   RO         2600    i.HAL_SPI_ErrorCallback  stm32f4xx_hal_spi.o
    0x0800370a   0x00000002   PAD
    0x0800370c   0x000000fc   Code   RO         2603    i.HAL_SPI_IRQHandler  stm32f4xx_hal_spi.o
    0x08003808   0x00000080   Code   RO         2604    i.HAL_SPI_Init      stm32f4xx_hal_spi.o
    0x08003888   0x000001c0   Code   RO          928    i.HAL_SPI_MspInit   stm32f4xx_hal_msp.o
    0x08003a48   0x000001da   Code   RO         2613    i.HAL_SPI_TransmitReceive  stm32f4xx_hal_spi.o
    0x08003c22   0x00000018   Code   RO         5000    i.HAL_SYSTICK_CLKSourceConfig  stm32f4xx_hal_cortex.o
    0x08003c3a   0x00000028   Code   RO         5002    i.HAL_SYSTICK_Config  stm32f4xx_hal_cortex.o
    0x08003c62   0x00000002   Code   RO         3592    i.HAL_TIMEx_BreakCallback  stm32f4xx_hal_tim_ex.o
    0x08003c64   0x00000002   Code   RO         3593    i.HAL_TIMEx_CommutCallback  stm32f4xx_hal_tim_ex.o
    0x08003c66   0x00000002   Code   RO         2946    i.HAL_TIM_IC_CaptureCallback  stm32f4xx_hal_tim.o
    0x08003c68   0x00000166   Code   RO         2960    i.HAL_TIM_IRQHandler  stm32f4xx_hal_tim.o
    0x08003dce   0x00000002   Code   RO         2963    i.HAL_TIM_OC_DelayElapsedCallback  stm32f4xx_hal_tim.o
    0x08003dd0   0x00000002   Code   RO         2990    i.HAL_TIM_PWM_PulseFinishedCallback  stm32f4xx_hal_tim.o
    0x08003dd2   0x00000002   Code   RO         2998    i.HAL_TIM_PeriodElapsedCallback  stm32f4xx_hal_tim.o
    0x08003dd4   0x00000002   Code   RO         3003    i.HAL_TIM_TriggerCallback  stm32f4xx_hal_tim.o
    0x08003dd6   0x00000002   Code   RO         3864    i.HAL_UART_ErrorCallback  stm32f4xx_hal_uart.o
    0x08003dd8   0x0000000a   Code   RO         3866    i.HAL_UART_GetState  stm32f4xx_hal_uart.o
    0x08003de2   0x00000002   PAD
    0x08003de4   0x00000110   Code   RO         3867    i.HAL_UART_IRQHandler  stm32f4xx_hal_uart.o
    0x08003ef4   0x00000062   Code   RO         3868    i.HAL_UART_Init     stm32f4xx_hal_uart.o
    0x08003f56   0x00000002   PAD
    0x08003f58   0x00000210   Code   RO          933    i.HAL_UART_MspInit  stm32f4xx_hal_msp.o
    0x08004168   0x00000052   Code   RO         3873    i.HAL_UART_Receive_IT  stm32f4xx_hal_uart.o
    0x080041ba   0x00000002   PAD
    0x080041bc   0x00000044   Code   RO           36    i.HAL_UART_RxCpltCallback  main.o
    0x08004200   0x00000080   Code   RO         3877    i.HAL_UART_Transmit_DMA  stm32f4xx_hal_uart.o
    0x08004280   0x00000002   Code   RO         3879    i.HAL_UART_TxCpltCallback  stm32f4xx_hal_uart.o
    0x08004282   0x00000002   Code   RO         3880    i.HAL_UART_TxHalfCpltCallback  stm32f4xx_hal_uart.o
    0x08004284   0x00000002   Code   RO          763    i.HardFault_Handler  stm32f4xx_it.o
    0x08004286   0x0000002e   Code   RO         2184    i.I2C_IsAcknowledgeFailed  stm32f4xx_hal_i2c.o
    0x080042b4   0x000000ec   Code   RO         2187    i.I2C_MasterRequestRead  stm32f4xx_hal_i2c.o
    0x080043a0   0x0000009c   Code   RO         2188    i.I2C_MasterRequestWrite  stm32f4xx_hal_i2c.o
    0x0800443c   0x0000004c   Code   RO         2198    i.I2C_WaitOnBTFFlagUntilTimeout  stm32f4xx_hal_i2c.o
    0x08004488   0x00000068   Code   RO         2199    i.I2C_WaitOnFlagUntilTimeout  stm32f4xx_hal_i2c.o
    0x080044f0   0x00000098   Code   RO         2200    i.I2C_WaitOnMasterAddressFlagUntilTimeout  stm32f4xx_hal_i2c.o
    0x08004588   0x0000006a   Code   RO         2201    i.I2C_WaitOnRXNEFlagUntilTimeout  stm32f4xx_hal_i2c.o
    0x080045f2   0x0000004c   Code   RO         2202    i.I2C_WaitOnTXEFlagUntilTimeout  stm32f4xx_hal_i2c.o
    0x0800463e   0x00000002   PAD
    0x08004640   0x0000009c   Code   RO         1762    i.ID_recive         jtag_my.o
    0x080046dc   0x00000010   Code   RO         1018    i.IINCHIP_CSoff     w5200.o
    0x080046ec   0x00000010   Code   RO         1019    i.IINCHIP_CSon      w5200.o
    0x080046fc   0x00000030   Code   RO         1020    i.IINCHIP_READ      w5200.o
    0x0800472c   0x00000004   Code   RO         1021    i.IINCHIP_SpiSendData  w5200.o
    0x08004730   0x00000030   Code   RO         1022    i.IINCHIP_WRITE     w5200.o
    0x08004760   0x0000006e   Code   RO         1023    i.INIT_SERV_ARCHIV  w5200.o
    0x080047ce   0x00000002   PAD
    0x080047d0   0x00000c5c   Code   RO           37    i.IO                main.o
    0x0800542c   0x0000007c   Code   RO         1763    i.JTAG_SCAN         jtag_my.o
    0x080054a8   0x00000164   Code   RO           38    i.LED               main.o
    0x0800560c   0x0000000c   Code   RO           40    i.LED_DD33          main.o
    0x08005618   0x0000000c   Code   RO           41    i.LED_DD38          main.o
    0x08005624   0x0000000c   Code   RO           42    i.LED_DD43          main.o
    0x08005630   0x0000000c   Code   RO           43    i.LED_DD44          main.o
    0x0800563c   0x00000058   Code   RO           44    i.MSG_SEND_UDP      main.o
    0x08005694   0x000000b4   Code   RO         1024    i.MSG_SHOW          w5200.o
    0x08005748   0x00000054   Code   RO           45    i.MX_ADC1_Init      main.o
    0x0800579c   0x0000007c   Code   RO           46    i.MX_DMA_Init       main.o
    0x08005818   0x000001e0   Code   RO           47    i.MX_GPIO_Init      main.o
    0x080059f8   0x00000038   Code   RO           48    i.MX_SPI1_Init      main.o
    0x08005a30   0x00000038   Code   RO           49    i.MX_SPI4_Init      main.o
    0x08005a68   0x00000030   Code   RO           50    i.MX_SPI5_Init      main.o
    0x08005a98   0x00000002   Code   RO          764    i.MemManage_Handler  stm32f4xx_it.o
    0x08005a9a   0x00000002   PAD
    0x08005a9c   0x000003e0   Code   RO           51    i.Menu1             main.o
    0x08005e7c   0x00000002   Code   RO          765    i.NMI_Handler       stm32f4xx_it.o
    0x08005e7e   0x00000002   PAD
    0x08005e80   0x0000005c   Code   RO           52    i.PRINT_SERV        main.o
    0x08005edc   0x00000002   Code   RO          766    i.PendSV_Handler    stm32f4xx_it.o
    0x08005ede   0x00000002   PAD
    0x08005ee0   0x00000100   Code   RO         1025    i.RECEIVE_udp       w5200.o
    0x08005fe0   0x00000174   Code   RO           55    i.REF_SFP_CONTROL   main.o
    0x08006154   0x00000088   Code   RO           56    i.REQ_VERSIYA       main.o
    0x080061dc   0x00000048   Code   RO         1765    i.RUN_TEST_IDLE     jtag_my.o
    0x08006224   0x00000094   Code   RO         1766    i.SCAN_N            jtag_my.o
    0x080062b8   0x00000050   Code   RO         1026    i.SEND_UDP_MSG      w5200.o
    0x08006308   0x00000104   Code   RO         1027    i.SEND_udp          w5200.o
    0x0800640c   0x0000002a   Code   RO         1028    i.SERV_ID_DEL       w5200.o
    0x08006436   0x00000002   PAD
    0x08006438   0x00000158   Code   RO         1029    i.SERV_ID_WR        w5200.o
    0x08006590   0x0000001c   Code   RO         1030    i.SERV_WR           w5200.o
    0x080065ac   0x0000000c   Code   RO          767    i.SPI5_IRQHandler   stm32f4xx_it.o
    0x080065b8   0x00000010   Code   RO         2631    i.SPI_DMAAbortOnError  stm32f4xx_hal_spi.o
    0x080065c8   0x00000058   Code   RO         2642    i.SPI_EndRxTxTransaction  stm32f4xx_hal_spi.o
    0x08006620   0x00000094   Code   RO         2647    i.SPI_WaitFlagStateUntilTimeout  stm32f4xx_hal_spi.o
    0x080066b4   0x000000d0   Code   RO         1031    i.STATUS_ID         w5200.o
    0x08006784   0x00000002   Code   RO          768    i.SVC_Handler       stm32f4xx_it.o
    0x08006786   0x00000002   PAD
    0x08006788   0x000000a4   Code   RO         1032    i.SYS_CMD_MSG       w5200.o
    0x0800682c   0x0000003c   Code   RO           58    i.SYS_INFO_SEND_UDP  main.o
    0x08006868   0x000002e0   Code   RO         1033    i.Set_network       w5200.o
    0x08006b48   0x00000098   Code   RO         1767    i.Shift_DR          jtag_my.o
    0x08006be0   0x000000b8   Code   RO         1768    i.Shift_IR          jtag_my.o
    0x08006c98   0x000000c8   Code   RO          769    i.SysTick_Handler   stm32f4xx_it.o
    0x08006d60   0x000000a4   Code   RO           59    i.SystemClock_Config  main.o
    0x08006e04   0x00000054   Code   RO         5377    i.SystemInit        system_stm32f4xx.o
    0x08006e58   0x0000000c   Code   RO          770    i.TIM4_IRQHandler   stm32f4xx_it.o
    0x08006e64   0x00000040   Code   RO         1769    i.TLR               jtag_my.o
    0x08006ea4   0x0000004c   Code   RO         1480    i.TST               adiv5_jtagdp.o
    0x08006ef0   0x0000032c   Code   RO         1034    i.TX_MSG_BUFF       w5200.o
    0x0800721c   0x00000048   Code   RO           62    i.Transf            main.o
    0x08007264   0x00000044   Code   RO           63    i.Transf2           main.o
    0x080072a8   0x0000002c   Code   RO           64    i.UART_CNTR         main.o
    0x080072d4   0x00000010   Code   RO         3881    i.UART_DMAAbortOnError  stm32f4xx_hal_uart.o
    0x080072e4   0x0000004a   Code   RO         3882    i.UART_DMAError     stm32f4xx_hal_uart.o
    0x0800732e   0x0000002e   Code   RO         3887    i.UART_DMATransmitCplt  stm32f4xx_hal_uart.o
    0x0800735c   0x0000000a   Code   RO         3889    i.UART_DMATxHalfCplt  stm32f4xx_hal_uart.o
    0x08007366   0x00000002   PAD
    0x08007368   0x00000040   Code   RO           65    i.UART_DMA_TX       main.o
    0x080073a8   0x0000005c   Code   RO           66    i.UART_DMA_TX2      main.o
    0x08007404   0x0000001c   Code   RO         3891    i.UART_EndRxTransfer  stm32f4xx_hal_uart.o
    0x08007420   0x00000012   Code   RO         3892    i.UART_EndTxTransfer  stm32f4xx_hal_uart.o
    0x08007432   0x00000096   Code   RO         3893    i.UART_Receive_IT   stm32f4xx_hal_uart.o
    0x080074c8   0x000002ac   Code   RO         3894    i.UART_SetConfig    stm32f4xx_hal_uart.o
    0x08007774   0x00000062   Code   RO         3895    i.UART_Transmit_IT  stm32f4xx_hal_uart.o
    0x080077d6   0x00000002   PAD
    0x080077d8   0x0000004c   Code   RO           68    i.UART_conrol       main.o
    0x08007824   0x0000000c   Code   RO          771    i.USART1_IRQHandler  stm32f4xx_it.o
    0x08007830   0x0000000c   Code   RO          772    i.USART2_IRQHandler  stm32f4xx_it.o
    0x0800783c   0x0000000c   Code   RO          773    i.USART6_IRQHandler  stm32f4xx_it.o
    0x08007848   0x00000038   Code   RO         1771    i.Update_IR         jtag_my.o
    0x08007880   0x00000002   Code   RO          774    i.UsageFault_Handler  stm32f4xx_it.o
    0x08007882   0x00000002   PAD
    0x08007884   0x00000020   Code   RO           69    i.WATCH_DOG         main.o
    0x080078a4   0x00000028   Code   RO         5679    i.__0sprintf        mc_w.l(printfa.o)
    0x080078cc   0x00000020   Code   RO         5004    i.__NVIC_SetPriority  stm32f4xx_hal_cortex.o
    0x080078ec   0x00000008   Code   RO         5783    i.__aeabi_errno_addr  mc_w.l(errno.o)
    0x080078f4   0x0000000e   Code   RO         5849    i.__scatterload_copy  mc_w.l(handlers.o)
    0x08007902   0x00000002   Code   RO         5850    i.__scatterload_null  mc_w.l(handlers.o)
    0x08007904   0x0000000e   Code   RO         5851    i.__scatterload_zeroinit  mc_w.l(handlers.o)
    0x08007912   0x00000002   PAD
    0x08007914   0x00000164   Code   RO         5684    i._fp_digits        mc_w.l(printfa.o)
    0x08007a78   0x000006dc   Code   RO         5685    i._printf_core      mc_w.l(printfa.o)
    0x08008154   0x00000024   Code   RO         5686    i._printf_post_padding  mc_w.l(printfa.o)
    0x08008178   0x0000002e   Code   RO         5687    i._printf_pre_padding  mc_w.l(printfa.o)
    0x080081a6   0x0000000a   Code   RO         5689    i._sputc            mc_w.l(printfa.o)
    0x080081b0   0x00000026   Code   RO         1035    i.clearSUBR         w5200.o
    0x080081d6   0x00000002   PAD
    0x080081d8   0x00000050   Code   RO         1036    i.close             w5200.o
    0x08008228   0x0000004c   Code   RO           72    i.f_out             main.o
    0x08008274   0x00000068   Code   RO         1482    i.fw_adiv5_jtagdp_low_access  adiv5_jtagdp.o
    0x080082dc   0x0000001e   Code   RO         1483    i.fw_adiv5_jtagdp_read  adiv5_jtagdp.o
    0x080082fa   0x00000026   Code   RO         1039    i.getGAR            w5200.o
    0x08008320   0x00000026   Code   RO         1049    i.getSIPR           w5200.o
    0x08008346   0x00000002   PAD
    0x08008348   0x00000018   Code   RO         1050    i.getSUBR           w5200.o
    0x08008360   0x0000004a   Code   RO         1052    i.getSn_RX_RSR      w5200.o
    0x080083aa   0x0000000e   Code   RO         1053    i.getSn_SR          w5200.o
    0x080083b8   0x00000030   Code   RO           73    i.getchar1          main.o
    0x080083e8   0x00000030   Code   RO         1606    i.gpio_clear        jtagtap.o
    0x08008418   0x0000002c   Code   RO         1608    i.gpio_set          jtagtap.o
    0x08008444   0x00000010   Code   RO           78    i.idx_srv           main.o
    0x08008454   0x00000020   Code   RO         1055    i.iinchip_init      w5200.o
    0x08008474   0x0000006c   Code   RO         1558    i.jtag_dev_shift_dr  jtag_scan.o
    0x080084e0   0x00000078   Code   RO         1559    i.jtag_dev_write_ir  jtag_scan.o
    0x08008558   0x00000574   Code   RO         1560    i.jtag_scan         jtag_scan.o
    0x08008acc   0x0000003c   Code   RO         1609    i.jtagtap_init      jtagtap.o
    0x08008b08   0x00000058   Code   RO         1610    i.jtagtap_next      jtagtap.o
    0x08008b60   0x00000010   Code   RO         1611    i.jtagtap_reset     jtagtap.o
    0x08008b70   0x00000060   Code   RO         1612    i.jtagtap_tdi_seq   jtagtap.o
    0x08008bd0   0x000000c8   Code   RO         1613    i.jtagtap_tdi_tdo_seq  jtagtap.o
    0x08008c98   0x00000046   Code   RO         1614    i.jtagtap_tms_seq   jtagtap.o
    0x08008cde   0x00000016   Code   RO           82    i.leng              main.o
    0x08008cf4   0x0000037c   Code   RO           83    i.main              main.o
    0x08009070   0x0000005c   Code   RO         1061    i.read_data         w5200.o
    0x080090cc   0x0000015e   Code   RO         1064    i.recvfrom          w5200.o
    0x0800922a   0x00000002   PAD
    0x0800922c   0x00000018   Code   RO         1065    i.saveSUBR          w5200.o
    0x08009244   0x00000054   Code   RO         1068    i.send_data_processing  w5200.o
    0x08009298   0x000000fc   Code   RO         1069    i.sendto            w5200.o
    0x08009394   0x00000028   Code   RO         1070    i.setGAR            w5200.o
    0x080093bc   0x00000020   Code   RO         1072    i.setMR             w5200.o
    0x080093dc   0x00000008   Code   RO         1073    i.setRCR            w5200.o
    0x080093e4   0x00000018   Code   RO         1074    i.setRTR            w5200.o
    0x080093fc   0x00000038   Code   RO         1075    i.setSHAR           w5200.o
    0x08009434   0x00000028   Code   RO         1076    i.setSIPR           w5200.o
    0x0800945c   0x0000002c   Code   RO         1077    i.setSUBR           w5200.o
    0x08009488   0x000000b4   Code   RO         1081    i.socket            w5200.o
    0x0800953c   0x00000024   Code   RO           87    i.spi4send8         main.o
    0x08009560   0x00000024   Code   RO           88    i.spi5send8         main.o
    0x08009584   0x00000170   Code   RO         1082    i.sysinit           w5200.o
    0x080096f4   0x00000030   Code   RO           92    i.u_out             main.o
    0x08009724   0x0000003c   Code   RO           93    i.un64_out          main.o
    0x08009760   0x00000024   Code   RO           94    i.un_out            main.o
    0x08009784   0x00000018   Code   RO         1084    i.wait_10ms         w5200.o
    0x0800979c   0x00000046   Code   RO         1085    i.wiz_read_buf      w5200.o
    0x080097e2   0x00000050   Code   RO         1086    i.wiz_write_buf     w5200.o
    0x08009832   0x00000002   PAD
    0x08009834   0x0000005c   Code   RO         1087    i.write_data        w5200.o
    0x08009890   0x00000030   Code   RO           96    i.x_out             main.o
    0x080098c0   0x00000024   Code   RO           97    i.xn_out            main.o
    0x080098e4   0x00000070   Code   RO           98    i.xun_out           main.o
    0x08009954   0x00000009   Data   RO         1562    .constdata          jtag_scan.o
    0x0800995d   0x00000003   PAD
    0x08009960   0x00000130   Data   RO         1692    .constdata          jtag_devs.o
    0x08009a90   0x00000008   Data   RO         4697    .constdata          stm32f4xx_hal_dma.o
    0x08009a98   0x00000010   Data   RO         5378    .constdata          system_stm32f4xx.o
    0x08009aa8   0x00000008   Data   RO         5379    .constdata          system_stm32f4xx.o
    0x08009ab0   0x00000081   Data   RO         5813    .constdata          mc_w.l(ctype_o.o)
    0x08009b31   0x00000003   PAD
    0x08009b34   0x00000004   Data   RO         5814    .constdata          mc_w.l(ctype_o.o)
    0x08009b38   0x00000048   Data   RO         1563    .conststring        jtag_scan.o
    0x08009b80   0x0000023c   Data   RO         1693    .conststring        jtag_devs.o
    0x08009dbc   0x00000020   Data   RO         5847    Region$$Table       anon$$obj.o


    Execution Region RW_IRAM1 (Base: 0x20000000, Size: 0x0000cfe8, Max: 0x00020000, ABSOLUTE, COMPRESSED[0x00000030])

    Base Addr    Size         Type   Attr      Idx    E Section Name        Object

    0x20000000   0x000000f0   Data   RW          115    .data               main.o
    0x200000f0   0x00000001   Data   RW          116    .data               main.o
    0x200000f1   0x00000001   Data   RW          120    .data               main.o
    0x200000f2   0x00000001   Data   RW          122    .data               main.o
    0x200000f3   0x00000001   PAD
    0x200000f4   0x00000004   Data   RW          123    .data               main.o
    0x200000f8   0x00000004   Data   RW          124    .data               main.o
    0x200000fc   0x00000004   Data   RW          134    .data               main.o
    0x20000100   0x00000004   Data   RW          138    .data               main.o
    0x20000104   0x00000004   Data   RW          139    .data               main.o
    0x20000108   0x00000001   Data   RW          179    .data               main.o
    0x20000109   0x00000003   PAD
    0x2000010c   0x00000068   Data   RW         1092    .data               w5200.o
    0x20000174   0x00000004   Data   RW         1564    .data               jtag_scan.o
    0x20000178   0x0000000c   Data   RW         5148    .data               stm32f4xx_hal.o
    0x20000184   0x00000004   Data   RW         5380    .data               system_stm32f4xx.o
    0x20000188   0x00000004   Data   RW         5786    .data               mc_w.l(errno.o)
    0x2000018c   0x00000004   PAD
    0x20000190   0x00006d15   Zero   RW          100    .bss                main.o
    0x20006ea5   0x00000003   PAD
    0x20006ea8   0x00000060   Zero   RW          101    .bss                main.o
    0x20006f08   0x00000040   Zero   RW          103    .bss                main.o
    0x20006f48   0x00000060   Zero   RW          104    .bss                main.o
    0x20006fa8   0x00000060   Zero   RW          105    .bss                main.o
    0x20007008   0x00000060   Zero   RW          106    .bss                main.o
    0x20007068   0x00000060   Zero   RW          107    .bss                main.o
    0x200070c8   0x00002c60   Zero   RW          111    .bss                main.o
    0x20009d28   0x00001017   Zero   RW         1089    .bss                w5200.o
    0x2000ad3f   0x00000001   PAD
    0x2000ad40   0x00000294   Zero   RW         1561    .bss                jtag_scan.o
    0x2000afd4   0x00000014   Zero   RW         1615    .bss                jtagtap.o
    0x2000afe8   0x00002000   Zero   RW            1    STACK               startup_stm32f411xe.o


==============================================================================

Image component sizes


      Code (inc. data)   RO Data    RW Data    ZI Data      Debug   Object Name

       210         20          0          0          0       6843   adiv5_jtagdp.o
         0          0        876          0          0       1515   jtag_devs.o
      1100         68          0          0          0       5707   jtag_my.o
      1624        574         81          4        660       3779   jtag_scan.o
       622         48          0          0         20       6030   jtagtap.o
     11366       3262          0        264      39829     508275   main.o
        36          8        408          0       8192        836   startup_stm32f411xe.o
       144         24          0         12          0       3897   stm32f4xx_hal.o
      1460         64          0          0          0       7810   stm32f4xx_hal_adc.o
         2          0          0          0          0        981   stm32f4xx_hal_adc_ex.o
       222         14          0          0          0      34173   stm32f4xx_hal_cortex.o
       948         16          8          0          0       5770   stm32f4xx_hal_dma.o
       694         68          0          0          0       4741   stm32f4xx_hal_gpio.o
      3186         72          0          0          0      13963   stm32f4xx_hal_i2c.o
      1332        140          0          0          0       5203   stm32f4xx_hal_msp.o
      1244         80          0          0          0       5352   stm32f4xx_hal_rcc.o
      1108         14          0          0          0       5986   stm32f4xx_hal_spi.o
       368          0          0          0          0       5080   stm32f4xx_hal_tim.o
         4          0          0          0          0       1597   stm32f4xx_hal_tim_ex.o
      1720         26          0          0          0      11373   stm32f4xx_hal_uart.o
       480        142          0          0          0      11858   stm32f4xx_it.o
        84         18         24          4          0       1155   system_stm32f4xx.o
      6460        984          0        104       4119      38335   w5200.o

    ----------------------------------------------------------------------
     34472       5642       1432        392      52824     690259   Object Totals
         0          0         32          0          0          0   (incl. Generated)
        58          0          3          4          4          0   (incl. Padding)

    ----------------------------------------------------------------------

      Code (inc. data)   RO Data    RW Data    ZI Data      Debug   Library Member Name

        86          0          0          0          0          0   __dczerorl2.o
        28          0          0          0          0         68   _chval.o
       158          0          0          0          0         92   _strtoul.o
        26          0          0          0          0         80   atoi.o
         8          4        133          0          0         68   ctype_o.o
         0          0          0          0          0          0   entry.o
         0          0          0          0          0          0   entry10a.o
         0          0          0          0          0          0   entry11a.o
         8          4          0          0          0          0   entry2.o
         4          0          0          0          0          0   entry5.o
         0          0          0          0          0          0   entry7b.o
         0          0          0          0          0          0   entry8b.o
         8          4          0          0          0          0   entry9a.o
         8          4          0          4          0         68   errno.o
        30          0          0          0          0          0   handlers.o
        36          8          0          0          0         68   init.o
         0          0          0          0          0          0   iusefp.o
        30          0          0          0          0         68   llshl.o
        36          0          0          0          0         68   llsshr.o
        32          0          0          0          0         68   llushr.o
        36          0          0          0          0        108   memseta.o
      2244         86          0          0          0        512   printfa.o
        28          0          0          0          0         76   strcmp.o
        14          0          0          0          0         68   strlen.o
       112          0          0          0          0         88   strtol.o
        44          0          0          0          0         80   uidiv.o
        98          0          0          0          0         92   uldiv.o
        48          0          0          0          0         68   cdrcmple.o
        56          0          0          0          0         88   d2f.o
       334          0          0          0          0        148   dadd.o
       222          0          0          0          0        100   ddiv.o
       186          0          0          0          0        176   depilogue.o
        48          0          0          0          0         68   dfixul.o
        26          0          0          0          0         76   dfltui.o
       228          0          0          0          0         96   dmul.o
        38          0          0          0          0         68   f2d.o
       110          0          0          0          0        168   fepilogue.o

    ----------------------------------------------------------------------
      4372        110        136          4          4       2728   Library Totals
         2          0          3          0          4          0   (incl. Padding)

    ----------------------------------------------------------------------

      Code (inc. data)   RO Data    RW Data    ZI Data      Debug   Library Name

      3074        110        133          4          0       1672   mc_w.l
      1296          0          0          0          0       1056   mf_w.l

    ----------------------------------------------------------------------
      4372        110        136          4          4       2728   Library Totals

    ----------------------------------------------------------------------

==============================================================================


      Code (inc. data)   RO Data    RW Data    ZI Data      Debug   

     38844       5752       1568        396      52828     667867   Grand Totals
     38844       5752       1568         48      52828     667867   ELF Image Totals (compressed)
     38844       5752       1568         48          0          0   ROM Totals

==============================================================================

    Total RO  Size (Code + RO Data)                40412 (  39.46kB)
    Total RW  Size (RW Data + ZI Data)             53224 (  51.98kB)
    Total ROM Size (Code + RO Data + RW Data)      40460 (  39.51kB)

==============================================================================

