Component: ARM Compiler 5.05 update 1 (build 106) Tool: armlink [4d0efa]

==============================================================================

Section Cross References

    startup_stm32f411xe.o(RESET) refers to startup_stm32f411xe.o(STACK) for __initial_sp
    startup_stm32f411xe.o(RESET) refers to startup_stm32f411xe.o(.text) for Reset_Handler
    startup_stm32f411xe.o(RESET) refers to stm32f4xx_it.o(i.NMI_Handler) for NMI_Handler
    startup_stm32f411xe.o(RESET) refers to stm32f4xx_it.o(i.HardFault_Handler) for HardFault_Handler
    startup_stm32f411xe.o(RESET) refers to stm32f4xx_it.o(i.MemManage_Handler) for MemManage_Handler
    startup_stm32f411xe.o(RESET) refers to stm32f4xx_it.o(i.BusFault_Handler) for BusFault_Handler
    startup_stm32f411xe.o(RESET) refers to stm32f4xx_it.o(i.UsageFault_Handler) for UsageFault_Handler
    startup_stm32f411xe.o(RESET) refers to stm32f4xx_it.o(i.SVC_Handler) for SVC_Handler
    startup_stm32f411xe.o(RESET) refers to stm32f4xx_it.o(i.DebugMon_Handler) for DebugMon_Handler
    startup_stm32f411xe.o(RESET) refers to stm32f4xx_it.o(i.PendSV_Handler) for PendSV_Handler
    startup_stm32f411xe.o(RESET) refers to stm32f4xx_it.o(i.SysTick_Handler) for SysTick_Handler
    startup_stm32f411xe.o(RESET) refers to stm32f4xx_it.o(i.EXTI0_IRQHandler) for EXTI0_IRQHandler
    startup_stm32f411xe.o(RESET) refers to stm32f4xx_it.o(i.EXTI1_IRQHandler) for EXTI1_IRQHandler
    startup_stm32f411xe.o(RESET) refers to stm32f4xx_it.o(i.EXTI3_IRQHandler) for EXTI3_IRQHandler
    startup_stm32f411xe.o(RESET) refers to stm32f4xx_it.o(i.DMA1_Stream6_IRQHandler) for DMA1_Stream6_IRQHandler
    startup_stm32f411xe.o(RESET) refers to stm32f4xx_it.o(i.ADC_IRQHandler) for ADC_IRQHandler
    startup_stm32f411xe.o(RESET) refers to stm32f4xx_it.o(i.EXTI9_5_IRQHandler) for EXTI9_5_IRQHandler
    startup_stm32f411xe.o(RESET) refers to stm32f4xx_it.o(i.TIM4_IRQHandler) for TIM4_IRQHandler
    startup_stm32f411xe.o(RESET) refers to stm32f4xx_it.o(i.USART1_IRQHandler) for USART1_IRQHandler
    startup_stm32f411xe.o(RESET) refers to stm32f4xx_it.o(i.USART2_IRQHandler) for USART2_IRQHandler
    startup_stm32f411xe.o(RESET) refers to stm32f4xx_it.o(i.EXTI15_10_IRQHandler) for EXTI15_10_IRQHandler
    startup_stm32f411xe.o(RESET) refers to stm32f4xx_it.o(i.DMA2_Stream0_IRQHandler) for DMA2_Stream0_IRQHandler
    startup_stm32f411xe.o(RESET) refers to stm32f4xx_it.o(i.DMA2_Stream1_IRQHandler) for DMA2_Stream1_IRQHandler
    startup_stm32f411xe.o(RESET) refers to stm32f4xx_it.o(i.DMA2_Stream6_IRQHandler) for DMA2_Stream6_IRQHandler
    startup_stm32f411xe.o(RESET) refers to stm32f4xx_it.o(i.DMA2_Stream7_IRQHandler) for DMA2_Stream7_IRQHandler
    startup_stm32f411xe.o(RESET) refers to stm32f4xx_it.o(i.USART6_IRQHandler) for USART6_IRQHandler
    startup_stm32f411xe.o(RESET) refers to stm32f4xx_it.o(i.SPI5_IRQHandler) for SPI5_IRQHandler
    startup_stm32f411xe.o(.text) refers to system_stm32f4xx.o(i.SystemInit) for SystemInit
    startup_stm32f411xe.o(.text) refers to entry.o(.ARM.Collect$$$$00000000) for __main
    main.o(i.ADC_Temp) refers to dadd.o(.text) for __aeabi_dsub
    main.o(i.ADC_Temp) refers to ddiv.o(.text) for __aeabi_ddiv
    main.o(i.ADC_test) refers to dfltui.o(.text) for __aeabi_ui2d
    main.o(i.ADC_test) refers to dmul.o(.text) for __aeabi_dmul
    main.o(i.ADC_test) refers to d2f.o(.text) for __aeabi_d2f
    main.o(i.ADC_test) refers to main.o(i.Transf) for Transf
    main.o(i.ADC_test) refers to main.o(i.f_out) for f_out
    main.o(i.ADC_test) refers to f2d.o(.text) for __aeabi_f2d
    main.o(i.ADC_test) refers to main.o(i.ADC_Temp) for ADC_Temp
    main.o(i.ADC_test) refers to main.o(i.u_out) for u_out
    main.o(i.ADC_test) refers to main.o(.data) for .data
    main.o(i.ADC_test) refers to main.o(.bss) for .bss
    main.o(i.ARRAY_DATA) refers to main.o(.data) for .data
    main.o(i.ARR_Z) refers to main.o(.bss) for .bss
    main.o(i.BUS_485_TEST) refers to main.o(i.Transf2) for Transf2
    main.o(i.BUS_485_TEST) refers to main.o(i.Transf) for Transf
    main.o(i.CMD_search) refers to main.o(i.Transf) for Transf
    main.o(i.CMD_search) refers to main.o(i.idx_srv) for idx_srv
    main.o(i.CMD_search) refers to main.o(i.IO) for IO
    main.o(i.CMD_search) refers to w5200.o(i.ADR_FINDER) for ADR_FINDER
    main.o(i.CMD_search) refers to main.o(i.u_out) for u_out
    main.o(i.CMD_search) refers to w5200.o(i.ERROR_CMD_MSG) for ERROR_CMD_MSG
    main.o(i.CMD_search) refers to main.o(i.SYS_INFO_SEND_UDP) for SYS_INFO_SEND_UDP
    main.o(i.CMD_search) refers to w5200.o(i.SERV_ID_DEL) for SERV_ID_DEL
    main.o(i.CMD_search) refers to main.o(i.FUNC_FLAG_UP) for FUNC_FLAG_UP
    main.o(i.CMD_search) refers to main.o(.data) for .data
    main.o(i.CMD_search) refers to main.o(.bss) for .bss
    main.o(i.CONTROL_T1HZ_MK) refers to main.o(i.Transf) for Transf
    main.o(i.CONTROL_T1HZ_MK) refers to main.o(.data) for .data
    main.o(i.CONTROL_T1HZ_MK) refers to main.o(.bss) for .bss
[...]
    local_port                               0x20000128   Data           2  w5200.o(.data)
    SMASK                                    0x20000154   Data           4  w5200.o(.data)
    RMASK                                    0x20000158   Data           4  w5200.o(.data)
    SSIZE                                    0x2000015c   Data           4  w5200.o(.data)
    RSIZE                                    0x20000160   Data           4  w5200.o(.data)
    SBUFBASEADDRESS                          0x20000164   Data           4  w5200.o(.data)
    RBUFBASEADDRESS                          0x20000168   Data           4  w5200.o(.data)
    SUBNET                                   0x2000016c   Data           4  w5200.o(.data)
    .data                                    0x2000017c   Section        4  jtag_scan.o(.data)
    .data                                    0x20000180   Section       12  stm32f4xx_hal.o(.data)
    .data                                    0x2000018c   Section        4  system_stm32f4xx.o(.data)
    .data                                    0x20000190   Section        4  errno.o(.data)
    _errno                                   0x20000190   Data           4  errno.o(.data)
    .bss                                     0x20000198   Section    27925  main.o(.bss)
    .bss                                     0x20006eb0   Section       96  main.o(.bss)
    .bss                                     0x20006f10   Section       64  main.o(.bss)
    .bss                                     0x20006f50   Section       96  main.o(.bss)
    .bss                                     0x20006fb0   Section       96  main.o(.bss)
    .bss                                     0x20007010   Section       96  main.o(.bss)
    .bss                                     0x20007070   Section       96  main.o(.bss)
    .bss                                     0x200070d0   Section    11360  main.o(.bss)
    .bss                                     0x20009d30   Section     4119  w5200.o(.bss)
    .bss                                     0x2000ad48   Section      660  jtag_scan.o(.bss)
    .bss                                     0x2000afdc   Section       20  jtagtap.o(.bss)
    STACK                                    0x2000aff0   Section     8192  startup_stm32f411xe.o(STACK)

    Global Symbols

    Symbol Name                              Value     Ov Type        Size  Object(Section)

    BuildAttributes$$THM_ISAv4$E$P$D$K$B$S$7EM$VFPi3$EXTD16$VFPS$VFMA$PE$A:L22UL41UL21$X:L11$S22US41US21$IEEE1$IW$USESV6$~STKCKD$USESV7$~SHL$OTIME$ROPI$IEEEX$EBA8$MICROLIB$REQ8$PRES8$EABIv2 0x00000000   Number         0  anon$$obj.o ABSOLUTE
    __ARM_use_no_argv                        0x00000000   Number         0  main.o ABSOLUTE
    _printf_a                                0x00000000   Number         0  stubs.o ABSOLUTE
    _printf_c                                0x00000000   Number         0  stubs.o ABSOLUTE
    _printf_charcount                        0x00000000   Number         0  stubs.o ABSOLUTE
    _printf_d                                0x00000000   Number         0  stubs.o ABSOLUTE
    _printf_e                                0x00000000   Number         0  stubs.o ABSOLUTE
    _printf_f                                0x00000000   Number         0  stubs.o ABSOLUTE
    _printf_flags                            0x00000000   Number         0  stubs.o ABSOLUTE
    _printf_fp_dec                           0x00000000   Number         0  stubs.o ABSOLUTE
    _printf_fp_hex                           0x00000000   Number         0  stubs.o ABSOLUTE
    _printf_g                                0x00000000   Number         0  stubs.o ABSOLUTE
    _printf_i                                0x00000000   Number         0  stubs.o ABSOLUTE
    _printf_int_dec                          0x00000000   Number         0  stubs.o ABSOLUTE
    _printf_l                                0x00000000   Number         0  stubs.o ABSOLUTE
    _printf_lc                               0x00000000   Number         0  stubs.o ABSOLUTE
    _printf_ll                               0x00000000   Number         0  stubs.o ABSOLUTE
    _printf_lld                              0x00000000   Number         0  stubs.o ABSOLUTE
    _printf_lli                              0x00000000   Number         0  stubs.o ABSOLUTE
    _printf_llo                              0x00000000   Number         0  stubs.o ABSOLUTE
    _printf_llu                              0x00000000   Number         0  stubs.o ABSOLUTE
    _printf_llx                              0x00000000   Number         0  stubs.o ABSOLUTE
    _printf_longlong_dec                     0x00000000   Number         0  stubs.o ABSOLUTE
    _printf_longlong_hex                     0x00000000   Number         0  stubs.o ABSOLUTE
    _printf_longlong_oct                     0x00000000   Number         0  stubs.o ABSOLUTE
    _printf_ls                               0x00000000   Number         0  stubs.o ABSOLUTE
    _printf_mbtowc                           0x00000000   Number         0  stubs.o ABSOLUTE
    _printf_n                                0x00000000   Number         0  stubs.o ABSOLUTE
    _printf_o                                0x00000000   Number         0  stubs.o ABSOLUTE
    _printf_p                                0x00000000   Number         0  stubs.o ABSOLUTE
    _printf_percent                          0x00000000   Number         0  stubs.o ABSOLUTE
    _printf_pre_padding                      0x00000000   Number         0  stubs.o ABSOLUTE
    _printf_return_value                     0x00000000   Number         0  stubs.o ABSOLUTE
    _printf_s                                0x00000000   Number         0  stubs.o ABSOLUTE
    _printf_sizespec                         0x00000000   Number         0  stubs.o ABSOLUTE
    _printf_str                              0x00000000   Number         0  stubs.o ABSOLUTE
    _printf_truncate_signed                  0x00000000   Number         0  stubs.o ABSOLUTE
    _printf_truncate_unsigned                0x00000000   Number         0  stubs.o ABSOLUTE
    _printf_u                                0x00000000   Number         0  stubs.o ABSOLUTE
    _printf_wc                               0x00000000   Number         0  stubs.o ABSOLUTE
    _printf_wctomb                           0x00000000   Number         0  stubs.o ABSOLUTE
    _printf_widthprec                        0x00000000   Number         0  stubs.o ABSOLUTE
    _printf_x                                0x00000000   Number         0  stubs.o ABSOLUTE
    __alloca_longjmp                          - Undefined Weak Reference
    __alloca_setjmp                           - Undefined Weak Reference
    __cpp_initialize__aeabi_                  - Undefined Weak Reference
    __cxa_finalize                            - Undefined Weak Reference
    _clock_init                               - Undefined Weak Reference
    _microlib_exit                            - Undefined Weak Reference
    __Vectors_Size                           0x00000198   Number         0  startup_stm32f411xe.o ABSOLUTE
    __Vectors                                0x08000000   Data           4  startup_stm32f411xe.o(RESET)
    __Vectors_End                            0x08000198   Data           0  startup_stm32f411xe.o(RESET)
    __main                                   0x08000199   Thumb Code     0  entry.o(.ARM.Collect$$$$00000000)
    _main_stk                                0x08000199   Thumb Code     0  entry2.o(.ARM.Collect$$$$00000001)
    _main_scatterload                        0x0800019d   Thumb Code     0  entry5.o(.ARM.Collect$$$$00000004)
    __main_after_scatterload                 0x080001a1   Thumb Code     0  entry5.o(.ARM.Collect$$$$00000004)
    _main_clock                              0x080001a1   Thumb Code     0  entry7b.o(.ARM.Collect$$$$00000008)
    _main_cpp_init                           0x080001a1   Thumb Code     0  entry8b.o(.ARM.Collect$$$$0000000A)
    _main_init                               0x080001a1   Thumb Code     0  entry9a.o(.ARM.Collect$$$$0000000B)
    __rt_final_cpp                           0x080001a9   Thumb Code     0  entry10a.o(.ARM.Collect$$$$0000000D)
    __rt_final_exit                          0x080001a9   Thumb Code     0  entry11a.o(.ARM.Collect$$$$0000000F)
    Reset_Handler                            0x080001ad   Thumb Code     8  startup_stm32f411xe.o(.text)
    DMA1_Stream0_IRQHandler                  0x080001c7   Thumb Code     0  startup_stm32f411xe.o(.text)
    DMA1_Stream1_IRQHandler                  0x080001c7   Thumb Code     0  startup_stm32f411xe.o(.text)
    DMA1_Stream2_IRQHandler                  0x080001c7   Thumb Code     0  startup_stm32f411xe.o(.text)
    DMA1_Stream3_IRQHandler                  0x080001c7   Thumb Code     0  startup_stm32f411xe.o(.text)
    DMA1_Stream4_IRQHandler                  0x080001c7   Thumb Code     0  startup_stm32f411xe.o(.text)
    DMA1_Stream5_IRQHandler                  0x080001c7   Thumb Code     0  startup_stm32f411xe.o(.text)
    DMA1_Stream7_IRQHandler                  0x080001c7   Thumb Code     0  startup_stm32f411xe.o(.text)
    DMA2_Stream2_IRQHandler                  0x080001c7   Thumb Code     0  startup_stm32f411xe.o(.text)
    DMA2_Stream3_IRQHandler                  0x080001c7   Thumb Code     0  startup_stm32f411xe.o(.text)
    DMA2_Stream4_IRQHandler                  0x080001c7   Thumb Code     0  startup_stm32f411xe.o(.text)
    DMA2_Stream5_IRQHandler                  0x080001c7   Thumb Code     0  startup_stm32f411xe.o(.text)
    EXTI2_IRQHandler                         0x080001c7   Thumb Code     0  startup_stm32f411xe.o(.text)
    EXTI4_IRQHandler                         0x080001c7   Thumb Code     0  startup_stm32f411xe.o(.text)
    FLASH_IRQHandler                         0x080001c7   Thumb Code     0  startup_stm32f411xe.o(.text)
    FPU_IRQHandler                           0x080001c7   Thumb Code     0  startup_stm32f411xe.o(.text)
    I2C1_ER_IRQHandler                       0x080001c7   Thumb Code     0  startup_stm32f411xe.o(.text)
    I2C1_EV_IRQHandler                       0x080001c7   Thumb Code     0  startup_stm32f411xe.o(.text)
    I2C2_ER_IRQHandler                       0x080001c7   Thumb Code     0  startup_stm32f411xe.o(.text)
    I2C2_EV_IRQHandler                       0x080001c7   Thumb Code     0  startup_stm32f411xe.o(.text)
    I2C3_ER_IRQHandler                       0x080001c7   Thumb Code     0  startup_stm32f411xe.o(.text)
    I2C3_EV_IRQHandler                       0x080001c7   Thumb Code     0  startup_stm32f411xe.o(.text)
    OTG_FS_IRQHandler                        0x080001c7   Thumb Code     0  startup_stm32f411xe.o(.text)
    OTG_FS_WKUP_IRQHandler                   0x080001c7   Thumb Code     0  startup_stm32f411xe.o(.text)
    PVD_IRQHandler                           0x080001c7   Thumb Code     0  startup_stm32f411xe.o(.text)
    RCC_IRQHandler                           0x080001c7   Thumb Code     0  startup_stm32f411xe.o(.text)
    RTC_Alarm_IRQHandler                     0x080001c7   Thumb Code     0  startup_stm32f411xe.o(.text)
    RTC_WKUP_IRQHandler                      0x080001c7   Thumb Code     0  startup_stm32f411xe.o(.text)
    SDIO_IRQHandler                          0x080001c7   Thumb Code     0  startup_stm32f411xe.o(.text)
    SPI1_IRQHandler                          0x080001c7   Thumb Code     0  startup_stm32f411xe.o(.text)
    SPI2_IRQHandler                          0x080001c7   Thumb Code     0  startup_stm32f411xe.o(.text)
    SPI3_IRQHandler                          0x080001c7   Thumb Code     0  startup_stm32f411xe.o(.text)
    SPI4_IRQHandler                          0x080001c7   Thumb Code     0  startup_stm32f411xe.o(.text)
    TAMP_STAMP_IRQHandler                    0x080001c7   Thumb Code     0  startup_stm32f411xe.o(.text)
    TIM1_BRK_TIM9_IRQHandler                 0x080001c7   Thumb Code     0  startup_stm32f411xe.o(.text)
    TIM1_CC_IRQHandler                       0x080001c7   Thumb Code     0  startup_stm32f411xe.o(.text)
    TIM1_TRG_COM_TIM11_IRQHandler            0x080001c7   Thumb Code     0  startup_stm32f411xe.o(.text)
    TIM1_UP_TIM10_IRQHandler                 0x080001c7   Thumb Code     0  startup_stm32f411xe.o(.text)
    TIM2_IRQHandler                          0x080001c7   Thumb Code     0  startup_stm32f411xe.o(.text)
    TIM3_IRQHandler                          0x080001c7   Thumb Code     0  startup_stm32f411xe.o(.text)
    TIM5_IRQHandler                          0x080001c7   Thumb Code     0  startup_stm32f411xe.o(.text)
    WWDG_IRQHandler                          0x080001c7   Thumb Code     0  startup_stm32f411xe.o(.text)
    __aeabi_uldivmod                         0x080001d1   Thumb Code    98  uldiv.o(.text)
    __aeabi_llsr                             0x08000233   Thumb Code    32  llushr.o(.text)
    _ll_ushift_r                             0x08000233   Thumb Code     0  llushr.o(.text)
    __aeabi_memset                           0x08000253   Thumb Code    14  memseta.o(.text)
    __aeabi_memset4                          0x08000253   Thumb Code     0  memseta.o(.text)
    __aeabi_memset8                          0x08000253   Thumb Code     0  memseta.o(.text)
    __aeabi_memclr                           0x08000261   Thumb Code     4  memseta.o(.text)
    __aeabi_memclr4                          0x08000261   Thumb Code     0  memseta.o(.text)
    __aeabi_memclr8                          0x08000261   Thumb Code     0  memseta.o(.text)
    _memset$wrapper                          0x08000265   Thumb Code    18  memseta.o(.text)
    strlen                                   0x08000277   Thumb Code    14  strlen.o(.text)
    strcmp                                   0x08000285   Thumb Code    28  strcmp.o(.text)
    atoi                                     0x080002a1   Thumb Code    26  atoi.o(.text)
    __aeabi_dadd                             0x080002bb   Thumb Code   322  dadd.o(.text)
    __aeabi_dsub                             0x080003fd   Thumb Code     6  dadd.o(.text)
    __aeabi_drsub                            0x08000403   Thumb Code     6  dadd.o(.text)
    __aeabi_dmul                             0x08000409   Thumb Code   228  dmul.o(.text)
    __aeabi_ddiv                             0x080004ed   Thumb Code   222  ddiv.o(.text)
    __aeabi_ui2d                             0x080005cb   Thumb Code    26  dfltui.o(.text)
    __aeabi_f2d                              0x080005e5   Thumb Code    38  f2d.o(.text)
    __aeabi_d2f                              0x0800060b   Thumb Code    56  d2f.o(.text)
    __aeabi_uidiv                            0x08000643   Thumb Code     0  uidiv.o(.text)
    __aeabi_uidivmod                         0x08000643   Thumb Code    44  uidiv.o(.text)
    __aeabi_llsl                             0x0800066f   Thumb Code    30  llshl.o(.text)
    _ll_shift_l                              0x0800066f   Thumb Code     0  llshl.o(.text)
    __aeabi_lasr                             0x0800068d   Thumb Code    36  llsshr.o(.text)
    _ll_sshift_r                             0x0800068d   Thumb Code     0  llsshr.o(.text)
    strtol                                   0x080006b1   Thumb Code   112  strtol.o(.text)
    __I$use$fp                               0x08000721   Thumb Code     0  iusefp.o(.text)
    _float_round                             0x08000721   Thumb Code    18  fepilogue.o(.text)
    _float_epilogue                          0x08000733   Thumb Code    92  fepilogue.o(.text)
    _double_round                            0x0800078f   Thumb Code    30  depilogue.o(.text)
    _double_epilogue                         0x080007ad   Thumb Code   156  depilogue.o(.text)
    __aeabi_d2ulz                            0x08000849   Thumb Code    48  dfixul.o(.text)
    __aeabi_cdrcmple                         0x08000879   Thumb Code    48  cdrcmple.o(.text)
    __scatterload                            0x080008a9   Thumb Code    28  init.o(.text)
    __scatterload_rt2                        0x080008a9   Thumb Code     0  init.o(.text)
    __rt_ctype_table                         0x080008cd   Thumb Code     4  ctype_o.o(.text)
    _strtoul                                 0x080008d5   Thumb Code   158  _strtoul.o(.text)
    _chval                                   0x08000973   Thumb Code    28  _chval.o(.text)
    __decompress                             0x0800098f   Thumb Code     0  __dczerorl2.o(.text)
    __decompress1                            0x0800098f   Thumb Code    86  __dczerorl2.o(.text)
    ADC_IRQHandler                           0x08000a75   Thumb Code    16  stm32f4xx_it.o(i.ADC_IRQHandler)
    ADC_Temp                                 0x08000bb5   Thumb Code    48  main.o(i.ADC_Temp)
    ADC_test                                 0x08000bfd   Thumb Code   338  main.o(i.ADC_test)
    ADR_FINDER                               0x08000ddd   Thumb Code    80  w5200.o(i.ADR_FINDER)
    ARRAY_DATA                               0x08000e5d   Thumb Code    18  main.o(i.ARRAY_DATA)
    ARR_Z                                    0x08000e75   Thumb Code   114  main.o(i.ARR_Z)
    BUS_485_TEST                             0x08000ef1   Thumb Code   126  main.o(i.BUS_485_TEST)
    BusFault_Handler                         0x08000f85   Thumb Code     2  stm32f4xx_it.o(i.BusFault_Handler)
    CMD_search                               0x08000f89   Thumb Code   642  main.o(i.CMD_search)
    CONTROL_T1HZ_MK                          0x080012f9   Thumb Code    40  main.o(i.CONTROL_T1HZ_MK)
    DD25_write                               0x08001345   Thumb Code    28  main.o(i.DD25_write)
    DD27_write                               0x08001361   Thumb Code    28  main.o(i.DD27_write)
    DD31_write                               0x0800137d   Thumb Code    36  main.o(i.DD31_write)
    DD37_write                               0x080013a1   Thumb Code    28  main.o(i.DD37_write)
    DD8_write                                0x080013bd   Thumb Code    28  main.o(i.DD8_write)
    DD9_write                                0x080013d9   Thumb Code    28  main.o(i.DD9_write)
    DISPATCHER                               0x080013f5   Thumb Code   332  main.o(i.DISPATCHER)
    DMA1_Stream6_IRQHandler                  0x08001635   Thumb Code    12  stm32f4xx_it.o(i.DMA1_Stream6_IRQHandler)
    DMA2_Stream0_IRQHandler                  0x08001649   Thumb Code     6  stm32f4xx_it.o(i.DMA2_Stream0_IRQHandler)
    DMA2_Stream1_IRQHandler                  0x08001655   Thumb Code     6  stm32f4xx_it.o(i.DMA2_Stream1_IRQHandler)
    DMA2_Stream6_IRQHandler                  0x08001661   Thumb Code     6  stm32f4xx_it.o(i.DMA2_Stream6_IRQHandler)
    DMA2_Stream7_IRQHandler                  0x0800166d   Thumb Code    12  stm32f4xx_it.o(i.DMA2_Stream7_IRQHandler)
    DS4306_read                              0x08001725   Thumb Code    58  main.o(i.DS4306_read)
    DS4306_write                             0x08001765   Thumb Code    52  main.o(i.DS4306_write)
    DS4520_read                              0x0800179d   Thumb Code    72  main.o(i.DS4520_read)
    DebugMon_Handler                         0x080017e9   Thumb Code     2  stm32f4xx_it.o(i.DebugMon_Handler)
    Delay                                    0x080017ed   Thumb Code    12  main.o(i.Delay)
    Delay_ms                                 0x080017fd   Thumb Code    14  w5200.o(i.Delay_ms)
    ERROR_CMD_MSG                            0x0800180d   Thumb Code   100  w5200.o(i.ERROR_CMD_MSG)
    EXTI0_IRQHandler                         0x0800188d   Thumb Code    16  stm32f4xx_it.o(i.EXTI0_IRQHandler)
    EXTI15_10_IRQHandler                     0x080018a1   Thumb Code    18  stm32f4xx_it.o(i.EXTI15_10_IRQHandler)
    EXTI1_IRQHandler                         0x080018b9   Thumb Code    16  stm32f4xx_it.o(i.EXTI1_IRQHandler)
    EXTI3_IRQHandler                         0x080018cd   Thumb Code    16  stm32f4xx_it.o(i.EXTI3_IRQHandler)
    EXTI9_5_IRQHandler                       0x080018e1   Thumb Code    16  stm32f4xx_it.o(i.EXTI9_5_IRQHandler)
    Error_Handler                            0x080018f5   Thumb Code     2  main.o(i.Error_Handler)
    Exit1_IR                                 0x080018f9   Thumb Code    52  jtag_my.o(i.Exit1_IR)
    FLAG_DWN                                 0x08001931   Thumb Code    18  main.o(i.FLAG_DWN)
    FPGA_wSPI                                0x08001943   Thumb Code   284  main.o(i.FPGA_wSPI)
    FRAME_DECODE                             0x08001a61   Thumb Code   614  w5200.o(i.FRAME_DECODE)
    FTIME_OF_WORK                            0x08001ce1   Thumb Code    26  main.o(i.FTIME_OF_WORK)
    FUNC_FLAG_UP                             0x08001d01   Thumb Code    52  main.o(i.FUNC_FLAG_UP)
    GET_DATA                                 0x08001d79   Thumb Code    82  jtag_my.o(i.GET_DATA)
    HAL_ADCEx_InjectedConvCpltCallback       0x08001dd1   Thumb Code     2  stm32f4xx_hal_adc_ex.o(i.HAL_ADCEx_InjectedConvCpltCallback)
    HAL_ADC_ConfigChannel                    0x08001dd5   Thumb Code   334  stm32f4xx_hal_adc.o(i.HAL_ADC_ConfigChannel)
    HAL_ADC_ConvCpltCallback                 0x08001f39   Thumb Code    10  main.o(i.HAL_ADC_ConvCpltCallback)
    HAL_ADC_ConvHalfCpltCallback             0x08001f49   Thumb Code     2  stm32f4xx_hal_adc.o(i.HAL_ADC_ConvHalfCpltCallback)
    HAL_ADC_ErrorCallback                    0x08001f4b   Thumb Code     2  stm32f4xx_hal_adc.o(i.HAL_ADC_ErrorCallback)
    HAL_ADC_IRQHandler                       0x08001f4d   Thumb Code   316  stm32f4xx_hal_adc.o(i.HAL_ADC_IRQHandler)
    HAL_ADC_Init                             0x08002089   Thumb Code    84  stm32f4xx_hal_adc.o(i.HAL_ADC_Init)
    HAL_ADC_LevelOutOfWindowCallback         0x080020dd   Thumb Code     2  stm32f4xx_hal_adc.o(i.HAL_ADC_LevelOutOfWindowCallback)
    HAL_ADC_MspInit                          0x080020e1   Thumb Code   142  stm32f4xx_hal_msp.o(i.HAL_ADC_MspInit)
    HAL_ADC_Start_DMA                        0x08002185   Thumb Code   230  stm32f4xx_hal_adc.o(i.HAL_ADC_Start_DMA)
    HAL_DMA_Abort_IT                         0x08002289   Thumb Code    36  stm32f4xx_hal_dma.o(i.HAL_DMA_Abort_IT)
    HAL_DMA_IRQHandler                       0x080022ad   Thumb Code   412  stm32f4xx_hal_dma.o(i.HAL_DMA_IRQHandler)
    HAL_DMA_Init                             0x0800244d   Thumb Code   206  stm32f4xx_hal_dma.o(i.HAL_DMA_Init)
    HAL_DMA_Start_IT                         0x08002521   Thumb Code   120  stm32f4xx_hal_dma.o(i.HAL_DMA_Start_IT)
    HAL_GPIO_DeInit                          0x08002599   Thumb Code   214  stm32f4xx_hal_gpio.o(i.HAL_GPIO_DeInit)
    HAL_GPIO_EXTI_Callback                   0x0800268d   Thumb Code     2  stm32f4xx_hal_gpio.o(i.HAL_GPIO_EXTI_Callback)
    HAL_GPIO_EXTI_IRQHandler                 0x08002691   Thumb Code    18  stm32f4xx_hal_gpio.o(i.HAL_GPIO_EXTI_IRQHandler)
    HAL_GPIO_Init                            0x080026a9   Thumb Code   372  stm32f4xx_hal_gpio.o(i.HAL_GPIO_Init)
    HAL_GPIO_ReadPin                         0x0800283d   Thumb Code    10  stm32f4xx_hal_gpio.o(i.HAL_GPIO_ReadPin)
    HAL_GPIO_WritePin                        0x08002847   Thumb Code    10  stm32f4xx_hal_gpio.o(i.HAL_GPIO_WritePin)
    HAL_GetTick                              0x08002851   Thumb Code     6  stm32f4xx_hal.o(i.HAL_GetTick)
    HAL_I2C_DeInit                           0x0800285d   Thumb Code    50  stm32f4xx_hal_i2c.o(i.HAL_I2C_DeInit)
    HAL_I2C_Init                             0x08002891   Thumb Code   376  stm32f4xx_hal_i2c.o(i.HAL_I2C_Init)
    HAL_I2C_IsDeviceReady                    0x08002a19   Thumb Code   356  stm32f4xx_hal_i2c.o(i.HAL_I2C_IsDeviceReady)
    HAL_I2C_Master_Receive                   0x08002b85   Thumb Code   468  stm32f4xx_hal_i2c.o(i.HAL_I2C_Master_Receive)
    HAL_I2C_Master_SMBA_block_recieve        0x08002d65   Thumb Code   634  stm32f4xx_hal_i2c.o(i.HAL_I2C_Master_SMBA_block_recieve)
    HAL_I2C_Master_Transmit                  0x08002fed   Thumb Code   290  stm32f4xx_hal_i2c.o(i.HAL_I2C_Master_Transmit)
    HAL_I2C_MspDeInit                        0x08003119   Thumb Code    28  stm32f4xx_hal_msp.o(i.HAL_I2C_MspDeInit)
    HAL_I2C_MspInit                          0x08003141   Thumb Code    92  stm32f4xx_hal_msp.o(i.HAL_I2C_MspInit)
    HAL_IncTick                              0x080031a9   Thumb Code    12  stm32f4xx_hal.o(i.HAL_IncTick)
    HAL_Init                                 0x080031b9   Thumb Code    48  stm32f4xx_hal.o(i.HAL_Init)
    HAL_InitTick                             0x080031ed   Thumb Code    54  stm32f4xx_hal.o(i.HAL_InitTick)
    HAL_MspInit                              0x0800322d   Thumb Code    42  stm32f4xx_hal_msp.o(i.HAL_MspInit)
    HAL_NVIC_EnableIRQ                       0x0800325d   Thumb Code    26  stm32f4xx_hal_cortex.o(i.HAL_NVIC_EnableIRQ)
    HAL_NVIC_SetPriority                     0x08003279   Thumb Code    60  stm32f4xx_hal_cortex.o(i.HAL_NVIC_SetPriority)
    HAL_NVIC_SetPriorityGrouping             0x080032b9   Thumb Code    26  stm32f4xx_hal_cortex.o(i.HAL_NVIC_SetPriorityGrouping)
    HAL_RCC_ClockConfig                      0x080032dd   Thumb Code   286  stm32f4xx_hal_rcc.o(i.HAL_RCC_ClockConfig)
    HAL_RCC_GetHCLKFreq                      0x0800340d   Thumb Code     6  stm32f4xx_hal_rcc.o(i.HAL_RCC_GetHCLKFreq)
    HAL_RCC_GetPCLK1Freq                     0x08003419   Thumb Code    20  stm32f4xx_hal_rcc.o(i.HAL_RCC_GetPCLK1Freq)
    HAL_RCC_GetPCLK2Freq                     0x08003439   Thumb Code    20  stm32f4xx_hal_rcc.o(i.HAL_RCC_GetPCLK2Freq)
    HAL_RCC_GetSysClockFreq                  0x08003459   Thumb Code    66  stm32f4xx_hal_rcc.o(i.HAL_RCC_GetSysClockFreq)
    HAL_RCC_OscConfig                        0x080034a5   Thumb Code   766  stm32f4xx_hal_rcc.o(i.HAL_RCC_OscConfig)
    HAL_SPI_ErrorCallback                    0x080037b9   Thumb Code     2  stm32f4xx_hal_spi.o(i.HAL_SPI_ErrorCallback)
    HAL_SPI_IRQHandler                       0x080037bd   Thumb Code   246  stm32f4xx_hal_spi.o(i.HAL_SPI_IRQHandler)
    HAL_SPI_Init                             0x080038b9   Thumb Code   128  stm32f4xx_hal_spi.o(i.HAL_SPI_Init)
    HAL_SPI_MspInit                          0x08003939   Thumb Code   408  stm32f4xx_hal_msp.o(i.HAL_SPI_MspInit)
    HAL_SPI_TransmitReceive                  0x08003af9   Thumb Code   474  stm32f4xx_hal_spi.o(i.HAL_SPI_TransmitReceive)
    HAL_SYSTICK_CLKSourceConfig              0x08003cd3   Thumb Code    24  stm32f4xx_hal_cortex.o(i.HAL_SYSTICK_CLKSourceConfig)
    HAL_SYSTICK_Config                       0x08003ceb   Thumb Code    40  stm32f4xx_hal_cortex.o(i.HAL_SYSTICK_Config)
    HAL_TIMEx_BreakCallback                  0x08003d13   Thumb Code     2  stm32f4xx_hal_tim_ex.o(i.HAL_TIMEx_BreakCallback)
    HAL_TIMEx_CommutCallback                 0x08003d15   Thumb Code     2  stm32f4xx_hal_tim_ex.o(i.HAL_TIMEx_CommutCallback)
    HAL_TIM_IC_CaptureCallback               0x08003d17   Thumb Code     2  stm32f4xx_hal_tim.o(i.HAL_TIM_IC_CaptureCallback)
    HAL_TIM_IRQHandler                       0x08003d19   Thumb Code   358  stm32f4xx_hal_tim.o(i.HAL_TIM_IRQHandler)
    HAL_TIM_OC_DelayElapsedCallback          0x08003e7f   Thumb Code     2  stm32f4xx_hal_tim.o(i.HAL_TIM_OC_DelayElapsedCallback)
    HAL_TIM_PWM_PulseFinishedCallback        0x08003e81   Thumb Code     2  stm32f4xx_hal_tim.o(i.HAL_TIM_PWM_PulseFinishedCallback)
    HAL_TIM_PeriodElapsedCallback            0x08003e83   Thumb Code     2  stm32f4xx_hal_tim.o(i.HAL_TIM_PeriodElapsedCallback)
    HAL_TIM_TriggerCallback                  0x08003e85   Thumb Code     2  stm32f4xx_hal_tim.o(i.HAL_TIM_TriggerCallback)
    HAL_UART_ErrorCallback                   0x08003e87   Thumb Code     2  stm32f4xx_hal_uart.o(i.HAL_UART_ErrorCallback)
    HAL_UART_GetState                        0x08003e89   Thumb Code    10  stm32f4xx_hal_uart.o(i.HAL_UART_GetState)
    HAL_UART_IRQHandler                      0x08003e95   Thumb Code   266  stm32f4xx_hal_uart.o(i.HAL_UART_IRQHandler)
    HAL_UART_Init                            0x08003fa5   Thumb Code    98  stm32f4xx_hal_uart.o(i.HAL_UART_Init)
    HAL_UART_MspInit                         0x08004009   Thumb Code   480  stm32f4xx_hal_msp.o(i.HAL_UART_MspInit)
    HAL_UART_Receive_IT                      0x08004219   Thumb Code    82  stm32f4xx_hal_uart.o(i.HAL_UART_Receive_IT)
    HAL_UART_RxCpltCallback                  0x0800426d   Thumb Code    58  main.o(i.HAL_UART_RxCpltCallback)
    HAL_UART_Transmit_DMA                    0x080042b1   Thumb Code   116  stm32f4xx_hal_uart.o(i.HAL_UART_Transmit_DMA)
    HAL_UART_TxCpltCallback                  0x08004331   Thumb Code     2  stm32f4xx_hal_uart.o(i.HAL_UART_TxCpltCallback)
    HAL_UART_TxHalfCpltCallback              0x08004333   Thumb Code     2  stm32f4xx_hal_uart.o(i.HAL_UART_TxHalfCpltCallback)
    HardFault_Handler                        0x08004335   Thumb Code     2  stm32f4xx_it.o(i.HardFault_Handler)
    ID_recive                                0x080046f1   Thumb Code   140  jtag_my.o(i.ID_recive)
    IINCHIP_CSoff                            0x0800478d   Thumb Code    10  w5200.o(i.IINCHIP_CSoff)
    IINCHIP_CSon                             0x0800479d   Thumb Code    10  w5200.o(i.IINCHIP_CSon)
    IINCHIP_READ                             0x080047ad   Thumb Code    48  w5200.o(i.IINCHIP_READ)
    IINCHIP_SpiSendData                      0x080047dd   Thumb Code     4  w5200.o(i.IINCHIP_SpiSendData)
    IINCHIP_WRITE                            0x080047e1   Thumb Code    48  w5200.o(i.IINCHIP_WRITE)
    INIT_SERV_ARCHIV                         0x08004811   Thumb Code   110  w5200.o(i.INIT_SERV_ARCHIV)
    IO                                       0x08004881   Thumb Code  3180  main.o(i.IO)
    JTAG_SCAN                                0x0800552d   Thumb Code   108  jtag_my.o(i.JTAG_SCAN)
    LED                                      0x080055a9   Thumb Code   460  main.o(i.LED)
    LED_DD33                                 0x08005789   Thumb Code    12  main.o(i.LED_DD33)
    LED_DD38                                 0x08005795   Thumb Code    12  main.o(i.LED_DD38)
    LED_DD43                                 0x080057a1   Thumb Code    12  main.o(i.LED_DD43)
    LED_DD44                                 0x080057ad   Thumb Code    12  main.o(i.LED_DD44)
    MSG_SEND_UDP                             0x080057b9   Thumb Code    78  main.o(i.MSG_SEND_UDP)
    MSG_SHOW                                 0x08005811   Thumb Code   102  w5200.o(i.MSG_SHOW)
    MemManage_Handler                        0x08005c15   Thumb Code     2  stm32f4xx_it.o(i.MemManage_Handler)
    Menu1                                    0x08005c19   Thumb Code   270  main.o(i.Menu1)
    NMI_Handler                              0x08005ff9   Thumb Code     2  stm32f4xx_it.o(i.NMI_Handler)
    PRINT_SERV                               0x08005ffd   Thumb Code    74  main.o(i.PRINT_SERV)
    PendSV_Handler                           0x08006059   Thumb Code     2  stm32f4xx_it.o(i.PendSV_Handler)
    RECEIVE_udp                              0x0800605d   Thumb Code   176  w5200.o(i.RECEIVE_udp)
    REF_SFP_CONTROL                          0x0800615d   Thumb Code   194  main.o(i.REF_SFP_CONTROL)
    REQ_VERSIYA                              0x080062d1   Thumb Code    54  main.o(i.REQ_VERSIYA)
    RUN_TEST_IDLE                            0x08006359   Thumb Code    66  jtag_my.o(i.RUN_TEST_IDLE)
    SCAN_N                                   0x080063a1   Thumb Code   144  jtag_my.o(i.SCAN_N)
    SEND_UDP_MSG                             0x08006435   Thumb Code    68  w5200.o(i.SEND_UDP_MSG)
    SEND_udp                                 0x08006485   Thumb Code   156  w5200.o(i.SEND_udp)
    SERV_ID_DEL                              0x08006589   Thumb Code    42  w5200.o(i.SERV_ID_DEL)
    SERV_ID_WR                               0x080065b5   Thumb Code   292  w5200.o(i.SERV_ID_WR)
    SERV_WR                                  0x0800670d   Thumb Code    28  w5200.o(i.SERV_WR)
    SPI5_IRQHandler                          0x08006729   Thumb Code     6  stm32f4xx_it.o(i.SPI5_IRQHandler)
    STATUS_ID                                0x08006831   Thumb Code   136  w5200.o(i.STATUS_ID)
    SVC_Handler                              0x08006901   Thumb Code     2  stm32f4xx_it.o(i.SVC_Handler)
    SYS_CMD_MSG                              0x08006905   Thumb Code   132  w5200.o(i.SYS_CMD_MSG)
    SYS_INFO_SEND_UDP                        0x080069a9   Thumb Code    48  main.o(i.SYS_INFO_SEND_UDP)
    Set_network                              0x080069e5   Thumb Code   480  w5200.o(i.Set_network)
    Shift_DR                                 0x08006cc5   Thumb Code   148  jtag_my.o(i.Shift_DR)
    Shift_IR                                 0x08006d5d   Thumb Code   180  jtag_my.o(i.Shift_IR)
    SysTick_Handler                          0x08006e15   Thumb Code   152  stm32f4xx_it.o(i.SysTick_Handler)
    SystemClock_Config                       0x08006edd   Thumb Code   156  main.o(i.SystemClock_Config)
    SystemInit                               0x08006f81   Thumb Code    66  system_stm32f4xx.o(i.SystemInit)
    TIM4_IRQHandler                          0x08006fd5   Thumb Code     6  stm32f4xx_it.o(i.TIM4_IRQHandler)
    TLR                                      0x08006fe1   Thumb Code    60  jtag_my.o(i.TLR)
    TST                                      0x08007021   Thumb Code    62  adiv5_jtagdp.o(i.TST)
    TX_MSG_BUFF                              0x0800706d   Thumb Code   720  w5200.o(i.TX_MSG_BUFF)
    Transf                                   0x08007399   Thumb Code    62  main.o(i.Transf)
    Transf2                                  0x080073e1   Thumb Code    60  main.o(i.Transf2)
    UART_CNTR                                0x08007425   Thumb Code    38  main.o(i.UART_CNTR)
    UART_DMA_TX                              0x080074e5   Thumb Code    54  main.o(i.UART_DMA_TX)
    UART_DMA_TX2                             0x08007525   Thumb Code    76  main.o(i.UART_DMA_TX2)
    UART_conrol                              0x08007955   Thumb Code    68  main.o(i.UART_conrol)
    USART1_IRQHandler                        0x080079a1   Thumb Code     6  stm32f4xx_it.o(i.USART1_IRQHandler)
    USART2_IRQHandler                        0x080079ad   Thumb Code     6  stm32f4xx_it.o(i.USART2_IRQHandler)
    USART6_IRQHandler                        0x080079b9   Thumb Code     6  stm32f4xx_it.o(i.USART6_IRQHandler)
    Update_IR                                0x080079c5   Thumb Code    52  jtag_my.o(i.Update_IR)
    UsageFault_Handler                       0x080079fd   Thumb Code     2  stm32f4xx_it.o(i.UsageFault_Handler)
    WATCH_DOG                                0x08007a01   Thumb Code    24  main.o(i.WATCH_DOG)
    __0sprintf                               0x08007a21   Thumb Code    34  printfa.o(i.__0sprintf)
    __1sprintf                               0x08007a21   Thumb Code     0  printfa.o(i.__0sprintf)
    __2sprintf                               0x08007a21   Thumb Code     0  printfa.o(i.__0sprintf)
    __c89sprintf                             0x08007a21   Thumb Code     0  printfa.o(i.__0sprintf)
    sprintf                                  0x08007a21   Thumb Code     0  printfa.o(i.__0sprintf)
    __aeabi_errno_addr                       0x08007a69   Thumb Code     4  errno.o(i.__aeabi_errno_addr)
    __rt_errno_addr                          0x08007a69   Thumb Code     0  errno.o(i.__aeabi_errno_addr)
    __scatterload_copy                       0x08007a71   Thumb Code    14  handlers.o(i.__scatterload_copy)
    __scatterload_null                       0x08007a7f   Thumb Code     2  handlers.o(i.__scatterload_null)
    __scatterload_zeroinit                   0x08007a81   Thumb Code    14  handlers.o(i.__scatterload_zeroinit)
    clearSUBR                                0x0800832d   Thumb Code    38  w5200.o(i.clearSUBR)
    close                                    0x08008355   Thumb Code    68  w5200.o(i.close)
    f_out                                    0x080083a5   Thumb Code    58  main.o(i.f_out)
    fw_adiv5_jtagdp_low_access               0x080083f1   Thumb Code    98  adiv5_jtagdp.o(i.fw_adiv5_jtagdp_low_access)
    fw_adiv5_jtagdp_read                     0x08008459   Thumb Code    30  adiv5_jtagdp.o(i.fw_adiv5_jtagdp_read)
    getGAR                                   0x08008477   Thumb Code    38  w5200.o(i.getGAR)
    getSIPR                                  0x0800849d   Thumb Code    38  w5200.o(i.getSIPR)
    getSUBR                                  0x080084c5   Thumb Code    20  w5200.o(i.getSUBR)
    getSn_RX_RSR                             0x080084dd   Thumb Code    74  w5200.o(i.getSn_RX_RSR)
    getSn_SR                                 0x08008527   Thumb Code    14  w5200.o(i.getSn_SR)
    getchar1                                 0x08008535   Thumb Code    38  main.o(i.getchar1)
    gpio_clear                               0x08008565   Thumb Code    44  jtagtap.o(i.gpio_clear)
    gpio_set                                 0x08008595   Thumb Code    38  jtagtap.o(i.gpio_set)
    idx_srv                                  0x080085c1   Thumb Code    16  main.o(i.idx_srv)
    iinchip_init                             0x080085d1   Thumb Code    18  w5200.o(i.iinchip_init)
    jtag_dev_shift_dr                        0x080085f1   Thumb Code   100  jtag_scan.o(i.jtag_dev_shift_dr)
    jtag_dev_write_ir                        0x0800865d   Thumb Code   102  jtag_scan.o(i.jtag_dev_write_ir)
    jtag_scan                                0x080086d5   Thumb Code   848  jtag_scan.o(i.jtag_scan)
    jtagtap_init                             0x08008c49   Thumb Code    36  jtagtap.o(i.jtagtap_init)
    leng                                     0x08008e5b   Thumb Code    22  main.o(i.leng)
    main                                     0x08008e71   Thumb Code   774  main.o(i.main)
    read_data                                0x080091ed   Thumb Code    86  w5200.o(i.read_data)
    recvfrom                                 0x08009249   Thumb Code   350  w5200.o(i.recvfrom)
    saveSUBR                                 0x080093a9   Thumb Code    20  w5200.o(i.saveSUBR)
    send_data_processing                     0x080093c1   Thumb Code    84  w5200.o(i.send_data_processing)
    sendto                                   0x08009415   Thumb Code   246  w5200.o(i.sendto)
    setGAR                                   0x08009511   Thumb Code    40  w5200.o(i.setGAR)
    setMR                                    0x08009539   Thumb Code    22  w5200.o(i.setMR)
    setRCR                                   0x08009559   Thumb Code     8  w5200.o(i.setRCR)
    setRTR                                   0x08009561   Thumb Code    24  w5200.o(i.setRTR)
    setSHAR                                  0x08009579   Thumb Code    56  w5200.o(i.setSHAR)
    setSIPR                                  0x080095b1   Thumb Code    40  w5200.o(i.setSIPR)
    setSUBR                                  0x080095d9   Thumb Code    40  w5200.o(i.setSUBR)
    socket                                   0x08009605   Thumb Code   160  w5200.o(i.socket)
    spi4send8                                0x080096b9   Thumb Code    30  main.o(i.spi4send8)
    spi5send8                                0x080096dd   Thumb Code    30  main.o(i.spi5send8)
    sysinit                                  0x08009701   Thumb Code   362  w5200.o(i.sysinit)
    tca6424a_write                           0x08009871   Thumb Code    72  main.o(i.tca6424a_write)
    tca64_adr                                0x080098bd   Thumb Code   146  main.o(i.tca64_adr)
    tca9534_read                             0x0800995d   Thumb Code    58  main.o(i.tca9534_read)
    tca9534_write                            0x0800999d   Thumb Code    58  main.o(i.tca9534_write)
    u_out                                    0x080099dd   Thumb Code    34  main.o(i.u_out)
    un64_out                                 0x08009a0d   Thumb Code    52  main.o(i.un64_out)
    un_out                                   0x08009a49   Thumb Code    28  main.o(i.un_out)
    wait_10ms                                0x08009a6d   Thumb Code    24  w5200.o(i.wait_10ms)
    wiz_read_buf                             0x08009a85   Thumb Code    70  w5200.o(i.wiz_read_buf)
    wiz_write_buf                            0x08009acb   Thumb Code    80  w5200.o(i.wiz_write_buf)
    write_data                               0x08009b1d   Thumb Code    86  w5200.o(i.write_data)
    x_out                                    0x08009b79   Thumb Code    34  main.o(i.x_out)
    xn_out                                   0x08009ba9   Thumb Code    28  main.o(i.xn_out)
    xun_out                                  0x08009bcd   Thumb Code    98  main.o(i.xun_out)
    dev_descr                                0x08009c48   Data         304  jtag_devs.o(.constdata)
    AHBPrescTable                            0x08009d80   Data          16  system_stm32f4xx.o(.constdata)
    APBPrescTable                            0x08009d90   Data           8  system_stm32f4xx.o(.constdata)
    __ctype_table                            0x08009d98   Data         129  ctype_o.o(.constdata)
    Region$$Table$$Base                      0x0800a0a4   Number         0  anon$$obj.o(Region$$Table)
    Region$$Table$$Limit                     0x0800a0c4   Number         0  anon$$obj.o(Region$$Table)
    EVENT_INT1                               0x20000000   Data           1  main.o(.data)
    EVENT_INT3                               0x20000001   Data           1  main.o(.data)
    FLAG_TIME_OF_WORK_WRITE                  0x20000002   Data           1  main.o(.data)
    FLAG_ASQ_TEST_485                        0x20000003   Data           1  main.o(.data)
    FLAG_ASQ_TEST_JTAG                       0x20000004   Data           1  main.o(.data)
    FLAG_ASQ_TEST_SPI                        0x20000005   Data           1  main.o(.data)
    SCH_TST1                                 0x20000006   Data           1  main.o(.data)
    FLAG_ADRES_SENDER_CMD                    0x20000007   Data           1  main.o(.data)
    START_BP                                 0x20000008   Data           1  main.o(.data)
    FLAG_WDG                                 0x20000009   Data           1  main.o(.data)
    RX_uBUF                                  0x2000000a   Data           1  main.o(.data)
    flag_pachka_TXT                          0x2000000b   Data           1  main.o(.data)
    rx_buffer_overflow1                      0x2000000c   Data           1  main.o(.data)
    flag_pachka_TXT2                         0x2000000d   Data           1  main.o(.data)
    Adress                                   0x2000000e   Data           1  main.o(.data)
    crc_ok                                   0x2000000f   Data           1  main.o(.data)
    packet_ok                                0x20000010   Data           1  main.o(.data)
    packet_flag                              0x20000011   Data           1  main.o(.data)
    data_flag                                0x20000012   Data           1  main.o(.data)
    data_flag2                               0x20000013   Data           1  main.o(.data)
    FLAG_lenght                              0x20000014   Data           1  main.o(.data)
    FLAG_DATA                                0x20000015   Data           1  main.o(.data)
    FLAG_CW                                  0x20000016   Data           1  main.o(.data)
    PORT_my                                  0x20000018   Data           2  main.o(.data)
    text_lengh                               0x2000001a   Data           2  main.o(.data)
    text_lengh2                              0x2000001c   Data           2  main.o(.data)
    lenght                                   0x2000001e   Data           2  main.o(.data)
    SCH_LENGHT_PACKET                        0x20000020   Data           2  main.o(.data)
    IP_my                                    0x20000024   Data           4  main.o(.data)
    TEST_LED                                 0x20000028   Data           4  main.o(.data)
    FLAG_T1HZ_MK                             0x2000002c   Data           4  main.o(.data)
    TIMER_T1HZ_MK                            0x20000030   Data           4  main.o(.data)
    TIME_OF_SECOND                           0x20000034   Data           4  main.o(.data)
    TIME_OF_WORK                             0x20000038   Data           4  main.o(.data)
    TIMER_TIMEOUT                            0x2000003c   Data           4  main.o(.data)
    crc_input                                0x20000040   Data           4  main.o(.data)
    crc_comp                                 0x20000044   Data           4  main.o(.data)
    adc_cntl                                 0x20000048   Data           4  main.o(.data)
    TIMER1                                   0x2000004c   Data           4  main.o(.data)
    SysTickDelay                             0x20000050   Data           4  main.o(.data)
    FLAG_T1                                  0x20000054   Data           4  main.o(.data)
    FLAG_T2                                  0x20000058   Data           4  main.o(.data)
    timer_DMA2                               0x2000005c   Data           4  main.o(.data)
    rx_wr_index1                             0x20000060   Data           4  main.o(.data)
    rx_rd_index1                             0x20000064   Data           4  main.o(.data)
    rx_counter1                              0x20000068   Data           4  main.o(.data)
    timer_DMA1_Stream6                       0x2000006c   Data           4  main.o(.data)
    rx_rd_index2                             0x20000070   Data           4  main.o(.data)
    rx_counter2                              0x20000074   Data           4  main.o(.data)
    index1                                   0x20000078   Data           4  main.o(.data)
    indexZ                                   0x2000007c   Data           4  main.o(.data)
    index_word                               0x20000080   Data           4  main.o(.data)
    index_data_word                          0x20000084   Data           4  main.o(.data)
    index_data_word2                         0x20000088   Data           4  main.o(.data)
    lenght_data                              0x2000008c   Data           4  main.o(.data)
    sch_lenght_data                          0x20000090   Data           4  main.o(.data)
    time_uart                                0x20000094   Data           4  main.o(.data)
    D_TEMP                                   0x20000098   Data           4  main.o(.data)
    STM32_VERSION                            0x200000a0   Data           8  main.o(.data)
    TIME_SYS                                 0x200000a8   Data           8  main.o(.data)
    ADRES_SENDER_CMD                         0x200000b0   Data           8  main.o(.data)
    POINTER_TEST_485_REQ                     0x200000c0   Data           8  main.o(.data)
    POINTER_TEST_485                         0x200000c8   Data           8  main.o(.data)
    POINTER_TEST_SPI                         0x200000d0   Data           8  main.o(.data)
    POINTER_TEST_JTAG_REQ                    0x200000d8   Data           8  main.o(.data)
    POINTER_TEST_JTAG                        0x200000e0   Data           8  main.o(.data)
    POINTER_ADR_COLLECT                      0x200000e8   Data           8  main.o(.data)
    ADR_SLAVE                                0x200000f0   Data           8  main.o(.data)
    EVENT_INT0                               0x200000f8   Data           1  main.o(.data)
    EVENT_INT6                               0x200000f9   Data           1  main.o(.data)
    FLAG_DMA_ADC                             0x200000fa   Data           1  main.o(.data)
    TIME_TEST                                0x200000fc   Data           4  main.o(.data)
    ID_CMD                                   0x20000100   Data           4  main.o(.data)
    TIMER_LED                                0x20000104   Data           4  main.o(.data)
    TIMER_CONTROL_SYS                        0x20000108   Data           4  main.o(.data)
    TIMER_BP_PWM                             0x2000010c   Data           4  main.o(.data)
    EVENT_INT12                              0x20000110   Data           1  main.o(.data)
    flag_RX_UDP                              0x20000114   Data           1  w5200.o(.data)
    Enable_DHCP                              0x20000115   Data           1  w5200.o(.data)
    FLAG_UDP_INSTALL                         0x20000116   Data           1  w5200.o(.data)
    sch_tx_packet                            0x20000118   Data           2  w5200.o(.data)
    SERVER_DEST_PORT                         0x2000011a   Data           2  w5200.o(.data)
    Dest_PORT                                0x2000011c   Data           2  w5200.o(.data)
    txsize                                   0x2000011e   Data           2  w5200.o(.data)
    rxsize                                   0x20000120   Data           2  w5200.o(.data)
    destport_UDP                             0x20000122   Data           2  w5200.o(.data)
    FLAG_UDP_EVENT                           0x20000124   Data           2  w5200.o(.data)
    windowfull_retry_cnt                     0x2000012a   Data           2  w5200.o(.data)
    TX_BUF_LENGTH                            0x2000012c   Data           4  w5200.o(.data)
    lsr_razmer                               0x20000130   Data           4  w5200.o(.data)
    IP                                       0x20000134   Data           4  w5200.o(.data)
    GateWay                                  0x20000138   Data           4  w5200.o(.data)
    SubNet                                   0x2000013c   Data           4  w5200.o(.data)
    Dest_IP                                  0x20000140   Data           4  w5200.o(.data)
    destip_UDP                               0x20000144   Data           4  w5200.o(.data)
    Msg_uniq_id                              0x20000148   Data           4  w5200.o(.data)
    my_time                                  0x2000014c   Data           4  w5200.o(.data)
    sch_packet_UDP_reciv                     0x20000150   Data           4  w5200.o(.data)
    MAC                                      0x20000170   Data           6  w5200.o(.data)
    Chconfig_Type_Def                        0x20000176   Data           6  w5200.o(.data)
    jtag_dev_count                           0x2000017c   Data           4  jtag_scan.o(.data)
    uwTickFreq                               0x20000180   Data           1  stm32f4xx_hal.o(.data)
    uwTickPrio                               0x20000184   Data           4  stm32f4xx_hal.o(.data)
    uwTick                                   0x20000188   Data           4  stm32f4xx_hal.o(.data)
    SystemCoreClock                          0x2000018c   Data           4  system_stm32f4xx.o(.data)
    sConfigOC                                0x20000198   Data          28  main.o(.bss)
    hadc1                                    0x200001b4   Data          72  main.o(.bss)
    hi2c1                                    0x200001fc   Data          84  main.o(.bss)
    hspi1                                    0x20000250   Data          88  main.o(.bss)
    hspi3                                    0x200002a8   Data          88  main.o(.bss)
    hspi4                                    0x20000300   Data          88  main.o(.bss)
    hspi5                                    0x20000358   Data          88  main.o(.bss)
    huart1                                   0x200003b0   Data          64  main.o(.bss)
    huart2                                   0x200003f0   Data          64  main.o(.bss)
    htim4                                    0x20000430   Data          64  main.o(.bss)
    adcBuffer                                0x20000470   Data          10  main.o(.bss)
    adc_ch                                   0x2000047c   Data          48  main.o(.bss)
    text_buffer                              0x200004ac   Data        8192  main.o(.bss)
    rx_buffer1                               0x200024ac   Data          64  main.o(.bss)
    text_buffer2                             0x200024ec   Data        1024  main.o(.bss)
    rx_buffer2                               0x200028ec   Data          64  main.o(.bss)
    sr                                       0x2000292c   Data         201  main.o(.bss)
    strng                                    0x200029f5   Data          32  main.o(.bss)
    InOut                                    0x20002a15   Data         201  main.o(.bss)
    Word                                     0x20002ade   Data          32  main.o(.bss)
    DATA_Word                                0x20002afe   Data         200  main.o(.bss)
    DATA_Word2                               0x20002bc6   Data         200  main.o(.bss)
    B077                                     0x20002c90   Data          48  main.o(.bss)
    PNT                                      0x20002cc0   Data         128  main.o(.bss)
    INVOICE                                  0x20002d40   Data       11360  main.o(.bss)
    SERV1                                    0x200059a0   Data        4136  main.o(.bss)
    ID_SERV1                                 0x200069c8   Data        1192  main.o(.bss)
    ADDR_SNDR                                0x20006e70   Data          24  main.o(.bss)
    DATA_TR                                  0x20006e88   Data          37  main.o(.bss)
    hdma_adc1                                0x20006eb0   Data          96  main.o(.bss)
    huart6                                   0x20006f10   Data          64  main.o(.bss)
    hdma_usart1_tx                           0x20006f50   Data          96  main.o(.bss)
    hdma_usart2_tx                           0x20006fb0   Data          96  main.o(.bss)
    hdma_usart6_tx                           0x20007010   Data          96  main.o(.bss)
    hdma_usart6_rx                           0x20007070   Data          96  main.o(.bss)
    FRM1                                     0x200070d0   Data       11360  main.o(.bss)
    TX_BUF                                   0x20009d30   Data        2048  w5200.o(.bss)
    RX_BUF                                   0x2000a530   Data        2048  w5200.o(.bss)
    Config_Msg                               0x2000ad30   Data          23  w5200.o(.bss)
    jtag_devs                                0x2000ad48   Data         660  jtag_scan.o(.bss)
    jtag_proc                                0x2000afdc   Data          20  jtagtap.o(.bss)
    __initial_sp                             0x2000cff0   Data           0  startup_stm32f411xe.o(STACK)



==============================================================================

Memory Map of the image

  Image Entry point : 0x08000199

  Load Region LR_IROM1 (Base: 0x08000000, Size: 0x0000a258, Max: 0x00080000, ABSOLUTE, COMPRESSED[0x0000a0f8])

    Execution Region ER_IROM1 (Base: 0x08000000, Size: 0x0000a0c4, Max: 0x00080000, ABSOLUTE)

    Base Addr    Size         Type   Attr      Idx    E Section Name        Object

    0x08000000   0x00000198   Data   RO            3    RESET               startup_stm32f411xe.o
    0x08000198   0x00000000   Code   RO         5483  * .ARM.Collect$$$$00000000  mc_w.l(entry.o)
    0x08000198   0x00000004   Code   RO         5814    .ARM.Collect$$$$00000001  mc_w.l(entry2.o)
    0x0800019c   0x00000004   Code   RO         5817    .ARM.Collect$$$$00000004  mc_w.l(entry5.o)
    0x080001a0   0x00000000   Code   RO         5819    .ARM.Collect$$$$00000008  mc_w.l(entry7b.o)
    0x080001a0   0x00000000   Code   RO         5821    .ARM.Collect$$$$0000000A  mc_w.l(entry8b.o)
    0x080001a0   0x00000008   Code   RO         5822    .ARM.Collect$$$$0000000B  mc_w.l(entry9a.o)
    0x080001a8   0x00000000   Code   RO         5824    .ARM.Collect$$$$0000000D  mc_w.l(entry10a.o)
    0x080001a8   0x00000000   Code   RO         5826    .ARM.Collect$$$$0000000F  mc_w.l(entry11a.o)
    0x080001a8   0x00000004   Code   RO         5815    .ARM.Collect$$$$00002712  mc_w.l(entry2.o)
    0x080001ac   0x00000024   Code   RO            4    .text               startup_stm32f411xe.o
    0x080001d0   0x00000062   Code   RO         5486    .text               mc_w.l(uldiv.o)
    0x08000232   0x00000020   Code   RO         5488    .text               mc_w.l(llushr.o)
    0x08000252   0x00000024   Code   RO         5492    .text               mc_w.l(memseta.o)
    0x08000276   0x0000000e   Code   RO         5494    .text               mc_w.l(strlen.o)
    0x08000284   0x0000001c   Code   RO         5496    .text               mc_w.l(strcmp.o)
    0x080002a0   0x0000001a   Code   RO         5759    .text               mc_w.l(atoi.o)
    0x080002ba   0x0000014e   Code   RO         5761    .text               mf_w.l(dadd.o)
    0x08000408   0x000000e4   Code   RO         5763    .text               mf_w.l(dmul.o)
    0x080004ec   0x000000de   Code   RO         5765    .text               mf_w.l(ddiv.o)
    0x080005ca   0x0000001a   Code   RO         5769    .text               mf_w.l(dfltui.o)
    0x080005e4   0x00000026   Code   RO         5771    .text               mf_w.l(f2d.o)
    0x0800060a   0x00000038   Code   RO         5773    .text               mf_w.l(d2f.o)
    0x08000642   0x0000002c   Code   RO         5831    .text               mc_w.l(uidiv.o)
    0x0800066e   0x0000001e   Code   RO         5833    .text               mc_w.l(llshl.o)
    0x0800068c   0x00000024   Code   RO         5835    .text               mc_w.l(llsshr.o)
    0x080006b0   0x00000070   Code   RO         5844    .text               mc_w.l(strtol.o)
    0x08000720   0x00000000   Code   RO         5846    .text               mc_w.l(iusefp.o)
    0x08000720   0x0000006e   Code   RO         5847    .text               mf_w.l(fepilogue.o)
    0x0800078e   0x000000ba   Code   RO         5849    .text               mf_w.l(depilogue.o)
    0x08000848   0x00000030   Code   RO         5857    .text               mf_w.l(dfixul.o)
    0x08000878   0x00000030   Code   RO         5861    .text               mf_w.l(cdrcmple.o)
    0x080008a8   0x00000024   Code   RO         5863    .text               mc_w.l(init.o)
    0x080008cc   0x00000008   Code   RO         5866    .text               mc_w.l(ctype_o.o)
    0x080008d4   0x0000009e   Code   RO         5894    .text               mc_w.l(_strtoul.o)
    0x08000972   0x0000001c   Code   RO         5899    .text               mc_w.l(_chval.o)
    0x0800098e   0x00000056   Code   RO         5909    .text               mc_w.l(__dczerorl2.o)
    0x080009e4   0x0000006e   Code   RO         1909    i.ADC_DMAConvCplt   stm32f4xx_hal_adc.o
    0x08000a52   0x00000016   Code   RO         1910    i.ADC_DMAError      stm32f4xx_hal_adc.o
    0x08000a68   0x0000000a   Code   RO         1911    i.ADC_DMAHalfConvCplt  stm32f4xx_hal_adc.o
    0x08000a72   0x00000002   PAD
    0x08000a74   0x00000018   Code   RO          804    i.ADC_IRQHandler    stm32f4xx_it.o
    0x08000a8c   0x00000128   Code   RO         1912    i.ADC_Init          stm32f4xx_hal_adc.o
    0x08000bb4   0x00000048   Code   RO           13    i.ADC_Temp          main.o
    0x08000bfc   0x000001e0   Code   RO           14    i.ADC_test          main.o
    0x08000ddc   0x00000080   Code   RO         1067    i.ADR_FINDER        w5200.o
    0x08000e5c   0x00000018   Code   RO           16    i.ARRAY_DATA        main.o
    0x08000e74   0x0000007c   Code   RO           17    i.ARR_Z             main.o
    0x08000ef0   0x00000094   Code   RO           18    i.BUS_485_TEST      main.o
    0x08000f84   0x00000002   Code   RO          805    i.BusFault_Handler  stm32f4xx_it.o
    0x08000f86   0x00000002   PAD
    0x08000f88   0x00000370   Code   RO           19    i.CMD_search        main.o
    0x080012f8   0x0000004c   Code   RO           22    i.CONTROL_T1HZ_MK   main.o
    0x08001344   0x0000001c   Code   RO           23    i.DD25_write        main.o
    0x08001360   0x0000001c   Code   RO           24    i.DD27_write        main.o
    0x0800137c   0x00000024   Code   RO           25    i.DD31_write        main.o
    0x080013a0   0x0000001c   Code   RO           26    i.DD37_write        main.o
    0x080013bc   0x0000001c   Code   RO           27    i.DD8_write         main.o
    0x080013d8   0x0000001c   Code   RO           28    i.DD9_write         main.o
    0x080013f4   0x00000240   Code   RO           29    i.DISPATCHER        main.o
    0x08001634   0x00000014   Code   RO          806    i.DMA1_Stream6_IRQHandler  stm32f4xx_it.o
    0x08001648   0x0000000c   Code   RO          807    i.DMA2_Stream0_IRQHandler  stm32f4xx_it.o
    0x08001654   0x0000000c   Code   RO          808    i.DMA2_Stream1_IRQHandler  stm32f4xx_it.o
    0x08001660   0x0000000c   Code   RO          809    i.DMA2_Stream6_IRQHandler  stm32f4xx_it.o
    0x0800166c   0x00000014   Code   RO          810    i.DMA2_Stream7_IRQHandler  stm32f4xx_it.o
    0x08001680   0x00000028   Code   RO         4736    i.DMA_CalcBaseAndBitshift  stm32f4xx_hal_dma.o
    0x080016a8   0x00000054   Code   RO         4737    i.DMA_CheckFifoParam  stm32f4xx_hal_dma.o
    0x080016fc   0x00000028   Code   RO         4738    i.DMA_SetConfig     stm32f4xx_hal_dma.o
    0x08001724   0x00000040   Code   RO           31    i.DS4306_read       main.o
    0x08001764   0x00000038   Code   RO           32    i.DS4306_write      main.o
    0x0800179c   0x0000004c   Code   RO           33    i.DS4520_read       main.o
    0x080017e8   0x00000002   Code   RO          811    i.DebugMon_Handler  stm32f4xx_it.o
    0x080017ea   0x00000002   PAD
    0x080017ec   0x00000010   Code   RO           34    i.Delay             main.o
    0x080017fc   0x0000000e   Code   RO         1068    i.Delay_ms          w5200.o
    0x0800180a   0x00000002   PAD
    0x0800180c   0x00000080   Code   RO         1070    i.ERROR_CMD_MSG     w5200.o
    0x0800188c   0x00000014   Code   RO          812    i.EXTI0_IRQHandler  stm32f4xx_it.o
    0x080018a0   0x00000018   Code   RO          813    i.EXTI15_10_IRQHandler  stm32f4xx_it.o
    0x080018b8   0x00000014   Code   RO          814    i.EXTI1_IRQHandler  stm32f4xx_it.o
    0x080018cc   0x00000014   Code   RO          815    i.EXTI3_IRQHandler  stm32f4xx_it.o
    0x080018e0   0x00000014   Code   RO          816    i.EXTI9_5_IRQHandler  stm32f4xx_it.o
    0x080018f4   0x00000002   Code   RO           35    i.Error_Handler     main.o
    0x080018f6   0x00000002   PAD
    0x080018f8   0x00000038   Code   RO         1814    i.Exit1_IR          jtag_my.o
    0x08001930   0x00000012   Code   RO           36    i.FLAG_DWN          main.o
    0x08001942   0x0000011c   Code   RO           38    i.FPGA_wSPI         main.o
    0x08001a5e   0x00000002   PAD
    0x08001a60   0x00000280   Code   RO         1071    i.FRAME_DECODE      w5200.o
    0x08001ce0   0x00000020   Code   RO           39    i.FTIME_OF_WORK     main.o
    0x08001d00   0x00000078   Code   RO           40    i.FUNC_FLAG_UP      main.o
    0x08001d78   0x00000058   Code   RO         1815    i.GET_DATA          jtag_my.o
    0x08001dd0   0x00000002   Code   RO         2083    i.HAL_ADCEx_InjectedConvCpltCallback  stm32f4xx_hal_adc_ex.o
    0x08001dd2   0x00000002   PAD
    0x08001dd4   0x00000164   Code   RO         1914    i.HAL_ADC_ConfigChannel  stm32f4xx_hal_adc.o
    0x08001f38   0x00000010   Code   RO           41    i.HAL_ADC_ConvCpltCallback  main.o
    0x08001f48   0x00000002   Code   RO         1916    i.HAL_ADC_ConvHalfCpltCallback  stm32f4xx_hal_adc.o
    0x08001f4a   0x00000002   Code   RO         1918    i.HAL_ADC_ErrorCallback  stm32f4xx_hal_adc.o
    0x08001f4c   0x0000013c   Code   RO         1922    i.HAL_ADC_IRQHandler  stm32f4xx_hal_adc.o
    0x08002088   0x00000054   Code   RO         1923    i.HAL_ADC_Init      stm32f4xx_hal_adc.o
    0x080020dc   0x00000002   Code   RO         1924    i.HAL_ADC_LevelOutOfWindowCallback  stm32f4xx_hal_adc.o
    0x080020de   0x00000002   PAD
    0x080020e0   0x000000a4   Code   RO          977    i.HAL_ADC_MspInit   stm32f4xx_hal_msp.o
    0x08002184   0x00000104   Code   RO         1930    i.HAL_ADC_Start_DMA  stm32f4xx_hal_adc.o
    0x08002288   0x00000024   Code   RO         4740    i.HAL_DMA_Abort_IT  stm32f4xx_hal_dma.o
    0x080022ac   0x000001a0   Code   RO         4744    i.HAL_DMA_IRQHandler  stm32f4xx_hal_dma.o
    0x0800244c   0x000000d4   Code   RO         4745    i.HAL_DMA_Init      stm32f4xx_hal_dma.o
    0x08002520   0x00000078   Code   RO         4749    i.HAL_DMA_Start_IT  stm32f4xx_hal_dma.o
    0x08002598   0x000000f4   Code   RO         4629    i.HAL_GPIO_DeInit   stm32f4xx_hal_gpio.o
    0x0800268c   0x00000002   Code   RO         4630    i.HAL_GPIO_EXTI_Callback  stm32f4xx_hal_gpio.o
    0x0800268e   0x00000002   PAD
    0x08002690   0x00000018   Code   RO         4631    i.HAL_GPIO_EXTI_IRQHandler  stm32f4xx_hal_gpio.o
    0x080026a8   0x00000194   Code   RO         4632    i.HAL_GPIO_Init     stm32f4xx_hal_gpio.o
    0x0800283c   0x0000000a   Code   RO         4634    i.HAL_GPIO_ReadPin  stm32f4xx_hal_gpio.o
    0x08002846   0x0000000a   Code   RO         4636    i.HAL_GPIO_WritePin  stm32f4xx_hal_gpio.o
    0x08002850   0x0000000c   Code   RO         5188    i.HAL_GetTick       stm32f4xx_hal.o
    0x0800285c   0x00000032   Code   RO         2186    i.HAL_I2C_DeInit    stm32f4xx_hal_i2c.o
    0x0800288e   0x00000002   PAD
    0x08002890   0x00000188   Code   RO         2195    i.HAL_I2C_Init      stm32f4xx_hal_i2c.o
    0x08002a18   0x0000016c   Code   RO         2196    i.HAL_I2C_IsDeviceReady  stm32f4xx_hal_i2c.o
    0x08002b84   0x000001e0   Code   RO         2201    i.HAL_I2C_Master_Receive  stm32f4xx_hal_i2c.o
    0x08002d64   0x00000288   Code   RO         2204    i.HAL_I2C_Master_SMBA_block_recieve  stm32f4xx_hal_i2c.o
    0x08002fec   0x0000012c   Code   RO         2209    i.HAL_I2C_Master_Transmit  stm32f4xx_hal_i2c.o
    0x08003118   0x00000028   Code   RO          978    i.HAL_I2C_MspDeInit  stm32f4xx_hal_msp.o
    0x08003140   0x00000068   Code   RO          979    i.HAL_I2C_MspInit   stm32f4xx_hal_msp.o
    0x080031a8   0x00000010   Code   RO         5194    i.HAL_IncTick       stm32f4xx_hal.o
    0x080031b8   0x00000034   Code   RO         5195    i.HAL_Init          stm32f4xx_hal.o
    0x080031ec   0x00000040   Code   RO         5196    i.HAL_InitTick      stm32f4xx_hal.o
    0x0800322c   0x00000030   Code   RO          980    i.HAL_MspInit       stm32f4xx_hal_msp.o
    0x0800325c   0x0000001a   Code   RO         5045    i.HAL_NVIC_EnableIRQ  stm32f4xx_hal_cortex.o
    0x08003276   0x00000002   PAD
    0x08003278   0x00000040   Code   RO         5051    i.HAL_NVIC_SetPriority  stm32f4xx_hal_cortex.o
    0x080032b8   0x00000024   Code   RO         5052    i.HAL_NVIC_SetPriorityGrouping  stm32f4xx_hal_cortex.o
    0x080032dc   0x00000130   Code   RO         4224    i.HAL_RCC_ClockConfig  stm32f4xx_hal_rcc.o
    0x0800340c   0x0000000c   Code   RO         4229    i.HAL_RCC_GetHCLKFreq  stm32f4xx_hal_rcc.o
    0x08003418   0x00000020   Code   RO         4231    i.HAL_RCC_GetPCLK1Freq  stm32f4xx_hal_rcc.o
    0x08003438   0x00000020   Code   RO         4232    i.HAL_RCC_GetPCLK2Freq  stm32f4xx_hal_rcc.o
    0x08003458   0x0000004c   Code   RO         4233    i.HAL_RCC_GetSysClockFreq  stm32f4xx_hal_rcc.o
    0x080034a4   0x00000314   Code   RO         4236    i.HAL_RCC_OscConfig  stm32f4xx_hal_rcc.o
    0x080037b8   0x00000002   Code   RO         2654    i.HAL_SPI_ErrorCallback  stm32f4xx_hal_spi.o
    0x080037ba   0x00000002   PAD
    0x080037bc   0x000000fc   Code   RO         2657    i.HAL_SPI_IRQHandler  stm32f4xx_hal_spi.o
    0x080038b8   0x00000080   Code   RO         2658    i.HAL_SPI_Init      stm32f4xx_hal_spi.o
    0x08003938   0x000001c0   Code   RO          982    i.HAL_SPI_MspInit   stm32f4xx_hal_msp.o
    0x08003af8   0x000001da   Code   RO         2667    i.HAL_SPI_TransmitReceive  stm32f4xx_hal_spi.o
    0x08003cd2   0x00000018   Code   RO         5054    i.HAL_SYSTICK_CLKSourceConfig  stm32f4xx_hal_cortex.o
    0x08003cea   0x00000028   Code   RO         5056    i.HAL_SYSTICK_Config  stm32f4xx_hal_cortex.o
    0x08003d12   0x00000002   Code   RO         3646    i.HAL_TIMEx_BreakCallback  stm32f4xx_hal_tim_ex.o
    0x08003d14   0x00000002   Code   RO         3647    i.HAL_TIMEx_CommutCallback  stm32f4xx_hal_tim_ex.o
    0x08003d16   0x00000002   Code   RO         3000    i.HAL_TIM_IC_CaptureCallback  stm32f4xx_hal_tim.o
    0x08003d18   0x00000166   Code   RO         3014    i.HAL_TIM_IRQHandler  stm32f4xx_hal_tim.o
    0x08003e7e   0x00000002   Code   RO         3017    i.HAL_TIM_OC_DelayElapsedCallback  stm32f4xx_hal_tim.o
    0x08003e80   0x00000002   Code   RO         3044    i.HAL_TIM_PWM_PulseFinishedCallback  stm32f4xx_hal_tim.o
    0x08003e82   0x00000002   Code   RO         3052    i.HAL_TIM_PeriodElapsedCallback  stm32f4xx_hal_tim.o
    0x08003e84   0x00000002   Code   RO         3057    i.HAL_TIM_TriggerCallback  stm32f4xx_hal_tim.o
    0x08003e86   0x00000002   Code   RO         3918    i.HAL_UART_ErrorCallback  stm32f4xx_hal_uart.o
    0x08003e88   0x0000000a   Code   RO         3920    i.HAL_UART_GetState  stm32f4xx_hal_uart.o
    0x08003e92   0x00000002   PAD
    0x08003e94   0x00000110   Code   RO         3921    i.HAL_UART_IRQHandler  stm32f4xx_hal_uart.o
    0x08003fa4   0x00000062   Code   RO         3922    i.HAL_UART_Init     stm32f4xx_hal_uart.o
    0x08004006   0x00000002   PAD
    0x08004008   0x00000210   Code   RO          987    i.HAL_UART_MspInit  stm32f4xx_hal_msp.o
    0x08004218   0x00000052   Code   RO         3927    i.HAL_UART_Receive_IT  stm32f4xx_hal_uart.o
    0x0800426a   0x00000002   PAD
    0x0800426c   0x00000044   Code   RO           42    i.HAL_UART_RxCpltCallback  main.o
    0x080042b0   0x00000080   Code   RO         3931    i.HAL_UART_Transmit_DMA  stm32f4xx_hal_uart.o
    0x08004330   0x00000002   Code   RO         3933    i.HAL_UART_TxCpltCallback  stm32f4xx_hal_uart.o
    0x08004332   0x00000002   Code   RO         3934    i.HAL_UART_TxHalfCpltCallback  stm32f4xx_hal_uart.o
    0x08004334   0x00000002   Code   RO          817    i.HardFault_Handler  stm32f4xx_it.o
    0x08004336   0x0000002e   Code   RO         2238    i.I2C_IsAcknowledgeFailed  stm32f4xx_hal_i2c.o
    0x08004364   0x000000ec   Code   RO         2241    i.I2C_MasterRequestRead  stm32f4xx_hal_i2c.o
    0x08004450   0x0000009c   Code   RO         2242    i.I2C_MasterRequestWrite  stm32f4xx_hal_i2c.o
    0x080044ec   0x0000004c   Code   RO         2252    i.I2C_WaitOnBTFFlagUntilTimeout  stm32f4xx_hal_i2c.o
    0x08004538   0x00000068   Code   RO         2253    i.I2C_WaitOnFlagUntilTimeout  stm32f4xx_hal_i2c.o
    0x080045a0   0x00000098   Code   RO         2254    i.I2C_WaitOnMasterAddressFlagUntilTimeout  stm32f4xx_hal_i2c.o
    0x08004638   0x0000006a   Code   RO         2255    i.I2C_WaitOnRXNEFlagUntilTimeout  stm32f4xx_hal_i2c.o
    0x080046a2   0x0000004c   Code   RO         2256    i.I2C_WaitOnTXEFlagUntilTimeout  stm32f4xx_hal_i2c.o
    0x080046ee   0x00000002   PAD
    0x080046f0   0x0000009c   Code   RO         1816    i.ID_recive         jtag_my.o
    0x0800478c   0x00000010   Code   RO         1072    i.IINCHIP_CSoff     w5200.o
    0x0800479c   0x00000010   Code   RO         1073    i.IINCHIP_CSon      w5200.o
    0x080047ac   0x00000030   Code   RO         1074    i.IINCHIP_READ      w5200.o
    0x080047dc   0x00000004   Code   RO         1075    i.IINCHIP_SpiSendData  w5200.o
    0x080047e0   0x00000030   Code   RO         1076    i.IINCHIP_WRITE     w5200.o
    0x08004810   0x0000006e   Code   RO         1077    i.INIT_SERV_ARCHIV  w5200.o
    0x0800487e   0x00000002   PAD
    0x08004880   0x00000cac   Code   RO           43    i.IO                main.o
    0x0800552c   0x0000007c   Code   RO         1817    i.JTAG_SCAN         jtag_my.o
    0x080055a8   0x000001e0   Code   RO           44    i.LED               main.o
    0x08005788   0x0000000c   Code   RO           46    i.LED_DD33          main.o
    0x08005794   0x0000000c   Code   RO           47    i.LED_DD38          main.o
    0x080057a0   0x0000000c   Code   RO           48    i.LED_DD43          main.o
    0x080057ac   0x0000000c   Code   RO           49    i.LED_DD44          main.o
    0x080057b8   0x00000058   Code   RO           50    i.MSG_SEND_UDP      main.o
    0x08005810   0x000000b4   Code   RO         1078    i.MSG_SHOW          w5200.o
    0x080058c4   0x00000054   Code   RO           51    i.MX_ADC1_Init      main.o
    0x08005918   0x0000007c   Code   RO           52    i.MX_DMA_Init       main.o
    0x08005994   0x000001e0   Code   RO           53    i.MX_GPIO_Init      main.o
    0x08005b74   0x00000038   Code   RO           54    i.MX_SPI1_Init      main.o
    0x08005bac   0x00000038   Code   RO           55    i.MX_SPI4_Init      main.o
    0x08005be4   0x00000030   Code   RO           56    i.MX_SPI5_Init      main.o
    0x08005c14   0x00000002   Code   RO          818    i.MemManage_Handler  stm32f4xx_it.o
    0x08005c16   0x00000002   PAD
    0x08005c18   0x000003e0   Code   RO           57    i.Menu1             main.o
    0x08005ff8   0x00000002   Code   RO          819    i.NMI_Handler       stm32f4xx_it.o
    0x08005ffa   0x00000002   PAD
    0x08005ffc   0x0000005c   Code   RO           58    i.PRINT_SERV        main.o
    0x08006058   0x00000002   Code   RO          820    i.PendSV_Handler    stm32f4xx_it.o
    0x0800605a   0x00000002   PAD
    0x0800605c   0x00000100   Code   RO         1079    i.RECEIVE_udp       w5200.o
    0x0800615c   0x00000174   Code   RO           61    i.REF_SFP_CONTROL   main.o
    0x080062d0   0x00000088   Code   RO           62    i.REQ_VERSIYA       main.o
    0x08006358   0x00000048   Code   RO         1819    i.RUN_TEST_IDLE     jtag_my.o
    0x080063a0   0x00000094   Code   RO         1820    i.SCAN_N            jtag_my.o
    0x08006434   0x00000050   Code   RO         1080    i.SEND_UDP_MSG      w5200.o
    0x08006484   0x00000104   Code   RO         1081    i.SEND_udp          w5200.o
    0x08006588   0x0000002a   Code   RO         1082    i.SERV_ID_DEL       w5200.o
    0x080065b2   0x00000002   PAD
    0x080065b4   0x00000158   Code   RO         1083    i.SERV_ID_WR        w5200.o
    0x0800670c   0x0000001c   Code   RO         1084    i.SERV_WR           w5200.o
    0x08006728   0x0000000c   Code   RO          821    i.SPI5_IRQHandler   stm32f4xx_it.o
    0x08006734   0x00000010   Code   RO         2685    i.SPI_DMAAbortOnError  stm32f4xx_hal_spi.o
    0x08006744   0x00000058   Code   RO         2696    i.SPI_EndRxTxTransaction  stm32f4xx_hal_spi.o
    0x0800679c   0x00000094   Code   RO         2701    i.SPI_WaitFlagStateUntilTimeout  stm32f4xx_hal_spi.o
    0x08006830   0x000000d0   Code   RO         1085    i.STATUS_ID         w5200.o
    0x08006900   0x00000002   Code   RO          822    i.SVC_Handler       stm32f4xx_it.o
    0x08006902   0x00000002   PAD
    0x08006904   0x000000a4   Code   RO         1086    i.SYS_CMD_MSG       w5200.o
    0x080069a8   0x0000003c   Code   RO           64    i.SYS_INFO_SEND_UDP  main.o
    0x080069e4   0x000002e0   Code   RO         1087    i.Set_network       w5200.o
    0x08006cc4   0x00000098   Code   RO         1821    i.Shift_DR          jtag_my.o
    0x08006d5c   0x000000b8   Code   RO         1822    i.Shift_IR          jtag_my.o
    0x08006e14   0x000000c8   Code   RO          823    i.SysTick_Handler   stm32f4xx_it.o
    0x08006edc   0x000000a4   Code   RO           65    i.SystemClock_Config  main.o
    0x08006f80   0x00000054   Code   RO         5431    i.SystemInit        system_stm32f4xx.o
    0x08006fd4   0x0000000c   Code   RO          824    i.TIM4_IRQHandler   stm32f4xx_it.o
    0x08006fe0   0x00000040   Code   RO         1823    i.TLR               jtag_my.o
    0x08007020   0x0000004c   Code   RO         1534    i.TST               adiv5_jtagdp.o
    0x0800706c   0x0000032c   Code   RO         1088    i.TX_MSG_BUFF       w5200.o
    0x08007398   0x00000048   Code   RO           68    i.Transf            main.o
    0x080073e0   0x00000044   Code   RO           69    i.Transf2           main.o
    0x08007424   0x0000002c   Code   RO           70    i.UART_CNTR         main.o
    0x08007450   0x00000010   Code   RO         3935    i.UART_DMAAbortOnError  stm32f4xx_hal_uart.o
    0x08007460   0x0000004a   Code   RO         3936    i.UART_DMAError     stm32f4xx_hal_uart.o
    0x080074aa   0x0000002e   Code   RO         3941    i.UART_DMATransmitCplt  stm32f4xx_hal_uart.o
    0x080074d8   0x0000000a   Code   RO         3943    i.UART_DMATxHalfCplt  stm32f4xx_hal_uart.o
    0x080074e2   0x00000002   PAD
    0x080074e4   0x00000040   Code   RO           71    i.UART_DMA_TX       main.o
    0x08007524   0x0000005c   Code   RO           72    i.UART_DMA_TX2      main.o
    0x08007580   0x0000001c   Code   RO         3945    i.UART_EndRxTransfer  stm32f4xx_hal_uart.o
    0x0800759c   0x00000012   Code   RO         3946    i.UART_EndTxTransfer  stm32f4xx_hal_uart.o
    0x080075ae   0x00000096   Code   RO         3947    i.UART_Receive_IT   stm32f4xx_hal_uart.o
    0x08007644   0x000002ac   Code   RO         3948    i.UART_SetConfig    stm32f4xx_hal_uart.o
    0x080078f0   0x00000062   Code   RO         3949    i.UART_Transmit_IT  stm32f4xx_hal_uart.o
    0x08007952   0x00000002   PAD
    0x08007954   0x0000004c   Code   RO           74    i.UART_conrol       main.o
    0x080079a0   0x0000000c   Code   RO          825    i.USART1_IRQHandler  stm32f4xx_it.o
    0x080079ac   0x0000000c   Code   RO          826    i.USART2_IRQHandler  stm32f4xx_it.o
    0x080079b8   0x0000000c   Code   RO          827    i.USART6_IRQHandler  stm32f4xx_it.o
    0x080079c4   0x00000038   Code   RO         1825    i.Update_IR         jtag_my.o
    0x080079fc   0x00000002   Code   RO          828    i.UsageFault_Handler  stm32f4xx_it.o
    0x080079fe   0x00000002   PAD
    0x08007a00   0x00000020   Code   RO           75    i.WATCH_DOG         main.o
    0x08007a20   0x00000028   Code   RO         5733    i.__0sprintf        mc_w.l(printfa.o)
    0x08007a48   0x00000020   Code   RO         5058    i.__NVIC_SetPriority  stm32f4xx_hal_cortex.o
    0x08007a68   0x00000008   Code   RO         5837    i.__aeabi_errno_addr  mc_w.l(errno.o)
    0x08007a70   0x0000000e   Code   RO         5903    i.__scatterload_copy  mc_w.l(handlers.o)
    0x08007a7e   0x00000002   Code   RO         5904    i.__scatterload_null  mc_w.l(handlers.o)
    0x08007a80   0x0000000e   Code   RO         5905    i.__scatterload_zeroinit  mc_w.l(handlers.o)
    0x08007a8e   0x00000002   PAD
    0x08007a90   0x00000164   Code   RO         5738    i._fp_digits        mc_w.l(printfa.o)
    0x08007bf4   0x000006dc   Code   RO         5739    i._printf_core      mc_w.l(printfa.o)
    0x080082d0   0x00000024   Code   RO         5740    i._printf_post_padding  mc_w.l(printfa.o)
    0x080082f4   0x0000002e   Code   RO         5741    i._printf_pre_padding  mc_w.l(printfa.o)
    0x08008322   0x0000000a   Code   RO         5743    i._sputc            mc_w.l(printfa.o)
    0x0800832c   0x00000026   Code   RO         1089    i.clearSUBR         w5200.o
    0x08008352   0x00000002   PAD
    0x08008354   0x00000050   Code   RO         1090    i.close             w5200.o
    0x080083a4   0x0000004c   Code   RO           78    i.f_out             main.o
    0x080083f0   0x00000068   Code   RO         1536    i.fw_adiv5_jtagdp_low_access  adiv5_jtagdp.o
    0x08008458   0x0000001e   Code   RO         1537    i.fw_adiv5_jtagdp_read  adiv5_jtagdp.o
    0x08008476   0x00000026   Code   RO         1093    i.getGAR            w5200.o
    0x0800849c   0x00000026   Code   RO         1103    i.getSIPR           w5200.o
    0x080084c2   0x00000002   PAD
    0x080084c4   0x00000018   Code   RO         1104    i.getSUBR           w5200.o
    0x080084dc   0x0000004a   Code   RO         1106    i.getSn_RX_RSR      w5200.o
    0x08008526   0x0000000e   Code   RO         1107    i.getSn_SR          w5200.o
    0x08008534   0x00000030   Code   RO           79    i.getchar1          main.o
    0x08008564   0x00000030   Code   RO         1660    i.gpio_clear        jtagtap.o
    0x08008594   0x0000002c   Code   RO         1662    i.gpio_set          jtagtap.o
    0x080085c0   0x00000010   Code   RO           84    i.idx_srv           main.o
    0x080085d0   0x00000020   Code   RO         1109    i.iinchip_init      w5200.o
    0x080085f0   0x0000006c   Code   RO         1612    i.jtag_dev_shift_dr  jtag_scan.o
    0x0800865c   0x00000078   Code   RO         1613    i.jtag_dev_write_ir  jtag_scan.o
    0x080086d4   0x00000574   Code   RO         1614    i.jtag_scan         jtag_scan.o
    0x08008c48   0x0000003c   Code   RO         1663    i.jtagtap_init      jtagtap.o
    0x08008c84   0x00000058   Code   RO         1664    i.jtagtap_next      jtagtap.o
    0x08008cdc   0x00000010   Code   RO         1665    i.jtagtap_reset     jtagtap.o
    0x08008cec   0x00000060   Code   RO         1666    i.jtagtap_tdi_seq   jtagtap.o
    0x08008d4c   0x000000c8   Code   RO         1667    i.jtagtap_tdi_tdo_seq  jtagtap.o
    0x08008e14   0x00000046   Code   RO         1668    i.jtagtap_tms_seq   jtagtap.o
    0x08008e5a   0x00000016   Code   RO           88    i.leng              main.o
    0x08008e70   0x0000037c   Code   RO           89    i.main              main.o
    0x080091ec   0x0000005c   Code   RO         1115    i.read_data         w5200.o
    0x08009248   0x0000015e   Code   RO         1118    i.recvfrom          w5200.o
    0x080093a6   0x00000002   PAD
    0x080093a8   0x00000018   Code   RO         1119    i.saveSUBR          w5200.o
    0x080093c0   0x00000054   Code   RO         1122    i.send_data_processing  w5200.o
    0x08009414   0x000000fc   Code   RO         1123    i.sendto            w5200.o
    0x08009510   0x00000028   Code   RO         1124    i.setGAR            w5200.o
    0x08009538   0x00000020   Code   RO         1126    i.setMR             w5200.o
    0x08009558   0x00000008   Code   RO         1127    i.setRCR            w5200.o
    0x08009560   0x00000018   Code   RO         1128    i.setRTR            w5200.o
    0x08009578   0x00000038   Code   RO         1129    i.setSHAR           w5200.o
    0x080095b0   0x00000028   Code   RO         1130    i.setSIPR           w5200.o
    0x080095d8   0x0000002c   Code   RO         1131    i.setSUBR           w5200.o
    0x08009604   0x000000b4   Code   RO         1135    i.socket            w5200.o
    0x080096b8   0x00000024   Code   RO           93    i.spi4send8         main.o
    0x080096dc   0x00000024   Code   RO           94    i.spi5send8         main.o
    0x08009700   0x00000170   Code   RO         1136    i.sysinit           w5200.o
    0x08009870   0x0000004c   Code   RO           97    i.tca6424a_write    main.o
    0x080098bc   0x000000a0   Code   RO           98    i.tca64_adr         main.o
    0x0800995c   0x00000040   Code   RO           99    i.tca9534_read      main.o
    0x0800999c   0x00000040   Code   RO          100    i.tca9534_write     main.o
    0x080099dc   0x00000030   Code   RO          102    i.u_out             main.o
    0x08009a0c   0x0000003c   Code   RO          103    i.un64_out          main.o
    0x08009a48   0x00000024   Code   RO          104    i.un_out            main.o
    0x08009a6c   0x00000018   Code   RO         1138    i.wait_10ms         w5200.o
    0x08009a84   0x00000046   Code   RO         1139    i.wiz_read_buf      w5200.o
    0x08009aca   0x00000050   Code   RO         1140    i.wiz_write_buf     w5200.o
    0x08009b1a   0x00000002   PAD
    0x08009b1c   0x0000005c   Code   RO         1141    i.write_data        w5200.o
    0x08009b78   0x00000030   Code   RO          106    i.x_out             main.o
    0x08009ba8   0x00000024   Code   RO          107    i.xn_out            main.o
    0x08009bcc   0x00000070   Code   RO          108    i.xun_out           main.o
    0x08009c3c   0x00000009   Data   RO         1616    .constdata          jtag_scan.o
    0x08009c45   0x00000003   PAD
    0x08009c48   0x00000130   Data   RO         1746    .constdata          jtag_devs.o
    0x08009d78   0x00000008   Data   RO         4751    .constdata          stm32f4xx_hal_dma.o
    0x08009d80   0x00000010   Data   RO         5432    .constdata          system_stm32f4xx.o
    0x08009d90   0x00000008   Data   RO         5433    .constdata          system_stm32f4xx.o
    0x08009d98   0x00000081   Data   RO         5867    .constdata          mc_w.l(ctype_o.o)
    0x08009e19   0x00000003   PAD
    0x08009e1c   0x00000004   Data   RO         5868    .constdata          mc_w.l(ctype_o.o)
    0x08009e20   0x00000048   Data   RO         1617    .conststring        jtag_scan.o
    0x08009e68   0x0000023c   Data   RO         1747    .conststring        jtag_devs.o
    0x0800a0a4   0x00000020   Data   RO         5901    Region$$Table       anon$$obj.o


    Execution Region RW_IRAM1 (Base: 0x20000000, Size: 0x0000cff0, Max: 0x00020000, ABSOLUTE, COMPRESSED[0x00000034])

    Base Addr    Size         Type   Attr      Idx    E Section Name        Object

    0x20000000   0x000000f8   Data   RW          125    .data               main.o
    0x200000f8   0x00000001   Data   RW          126    .data               main.o
    0x200000f9   0x00000001   Data   RW          130    .data               main.o
    0x200000fa   0x00000001   Data   RW          132    .data               main.o
    0x200000fb   0x00000001   PAD
    0x200000fc   0x00000004   Data   RW          133    .data               main.o
    0x20000100   0x00000004   Data   RW          134    .data               main.o
    0x20000104   0x00000004   Data   RW          144    .data               main.o
    0x20000108   0x00000004   Data   RW          148    .data               main.o
    0x2000010c   0x00000004   Data   RW          149    .data               main.o
    0x20000110   0x00000001   Data   RW          189    .data               main.o
    0x20000111   0x00000003   PAD
    0x20000114   0x00000068   Data   RW         1146    .data               w5200.o
    0x2000017c   0x00000004   Data   RW         1618    .data               jtag_scan.o
    0x20000180   0x0000000c   Data   RW         5202    .data               stm32f4xx_hal.o
    0x2000018c   0x00000004   Data   RW         5434    .data               system_stm32f4xx.o
    0x20000190   0x00000004   Data   RW         5840    .data               mc_w.l(errno.o)
    0x20000194   0x00000004   PAD
    0x20000198   0x00006d15   Zero   RW          110    .bss                main.o
    0x20006ead   0x00000003   PAD
    0x20006eb0   0x00000060   Zero   RW          111    .bss                main.o
    0x20006f10   0x00000040   Zero   RW          113    .bss                main.o
    0x20006f50   0x00000060   Zero   RW          114    .bss                main.o
    0x20006fb0   0x00000060   Zero   RW          115    .bss                main.o
    0x20007010   0x00000060   Zero   RW          116    .bss                main.o
    0x20007070   0x00000060   Zero   RW          117    .bss                main.o
    0x200070d0   0x00002c60   Zero   RW          121    .bss                main.o
    0x20009d30   0x00001017   Zero   RW         1143    .bss                w5200.o
    0x2000ad47   0x00000001   PAD
    0x2000ad48   0x00000294   Zero   RW         1615    .bss                jtag_scan.o
    0x2000afdc   0x00000014   Zero   RW         1669    .bss                jtagtap.o
    0x2000aff0   0x00002000   Zero   RW            1    STACK               startup_stm32f411xe.o


==============================================================================

Image component sizes


      Code (inc. data)   RO Data    RW Data    ZI Data      Debug   Object Name

       210         20          0          0          0       6991   adiv5_jtagdp.o
         0          0        876          0          0       1587   jtag_devs.o
      1100         68          0          0          0       5867   jtag_my.o
      1624        574         81          4        660       3883   jtag_scan.o
       622         48          0          0         20       6234   jtagtap.o
     12110       3320          0        272      39829     515399   main.o
        36          8        408          0       8192        852   startup_stm32f411xe.o
       144         24          0         12          0       4005   stm32f4xx_hal.o
      1460         64          0          0          0       8030   stm32f4xx_hal_adc.o
         2          0          0          0          0       1017   stm32f4xx_hal_adc_ex.o
       222         14          0          0          0      34309   stm32f4xx_hal_cortex.o
       948         16          8          0          0       5910   stm32f4xx_hal_dma.o
       694         68          0          0          0       4873   stm32f4xx_hal_gpio.o
      3186         72          0          0          0      14239   stm32f4xx_hal_i2c.o
      1332        140          0          0          0       5331   stm32f4xx_hal_msp.o
      1244         80          0          0          0       5472   stm32f4xx_hal_rcc.o
      1108         14          0          0          0       6130   stm32f4xx_hal_spi.o
       368          0          0          0          0       5208   stm32f4xx_hal_tim.o
         4          0          0          0          0       1649   stm32f4xx_hal_tim_ex.o
      1720         26          0          0          0      11681   stm32f4xx_hal_uart.o
       480        142          0          0          0      12306   stm32f4xx_it.o
        84         18         24          4          0       1207   system_stm32f4xx.o
      6460        984          0        104       4119      39235   w5200.o

    ----------------------------------------------------------------------
     35216       5700       1432        400      52824     701415   Object Totals
         0          0         32          0          0          0   (incl. Generated)
        58          0          3          4          4          0   (incl. Padding)

    ----------------------------------------------------------------------

      Code (inc. data)   RO Data    RW Data    ZI Data      Debug   Library Member Name

        86          0          0          0          0          0   __dczerorl2.o
        28          0          0          0          0         68   _chval.o
       158          0          0          0          0         92   _strtoul.o
        26          0          0          0          0         80   atoi.o
         8          4        133          0          0         68   ctype_o.o
         0          0          0          0          0          0   entry.o
         0          0          0          0          0          0   entry10a.o
         0          0          0          0          0          0   entry11a.o
         8          4          0          0          0          0   entry2.o
         4          0          0          0          0          0   entry5.o
         0          0          0          0          0          0   entry7b.o
         0          0          0          0          0          0   entry8b.o
         8          4          0          0          0          0   entry9a.o
         8          4          0          4          0         68   errno.o
        30          0          0          0          0          0   handlers.o
        36          8          0          0          0         68   init.o
         0          0          0          0          0          0   iusefp.o
        30          0          0          0          0         68   llshl.o
        36          0          0          0          0         68   llsshr.o
        32          0          0          0          0         68   llushr.o
        36          0          0          0          0        108   memseta.o
      2244         86          0          0          0        512   printfa.o
        28          0          0          0          0         76   strcmp.o
        14          0          0          0          0         68   strlen.o
       112          0          0          0          0         88   strtol.o
        44          0          0          0          0         80   uidiv.o
        98          0          0          0          0         92   uldiv.o
        48          0          0          0          0         68   cdrcmple.o
        56          0          0          0          0         88   d2f.o
       334          0          0          0          0        148   dadd.o
       222          0          0          0          0        100   ddiv.o
       186          0          0          0          0        176   depilogue.o
        48          0          0          0          0         68   dfixul.o
        26          0          0          0          0         76   dfltui.o
       228          0          0          0          0         96   dmul.o
        38          0          0          0          0         68   f2d.o
       110          0          0          0          0        168   fepilogue.o

    ----------------------------------------------------------------------
      4372        110        136          4          4       2728   Library Totals
         2          0          3          0          4          0   (incl. Padding)

    ----------------------------------------------------------------------

      Code (inc. data)   RO Data    RW Data    ZI Data      Debug   Library Name

      3074        110        133          4          0       1672   mc_w.l
      1296          0          0          0          0       1056   mf_w.l

    ----------------------------------------------------------------------
      4372        110        136          4          4       2728   Library Totals

    ----------------------------------------------------------------------

==============================================================================


      Code (inc. data)   RO Data    RW Data    ZI Data      Debug   

     39588       5810       1568        404      52828     678023   Grand Totals
     39588       5810       1568         52      52828     678023   ELF Image Totals (compressed)
     39588       5810       1568         52          0          0   ROM Totals

==============================================================================

    Total RO  Size (Code + RO Data)                41156 (  40.19kB)
    Total RW  Size (RW Data + ZI Data)             53232 (  51.98kB)
    Total ROM Size (Code + RO Data + RW Data)      41208 (  40.24kB)

==============================================================================

